
There are no discarded input sections

Memory Configuration

Name             Origin             Length             Attributes
FLASH            0x08000000         0x00040000         xr
SRAM             0x20000000         0x00005000         xrw
*default*        0x00000000         0xffffffff

Linker script and memory map

LOAD main.o
LOAD mgpio.o
LOAD mrcc.o
LOAD stm32f401_startupfile.o
LOAD file.map

.text           0x08000000     0x1368
                0x08000000                        s_text = .
 *(isr_section)
 isr_section    0x08000000      0x1c4 stm32f401_startupfile.o
                0x08000000                vector
 *(.text)
 .text          0x080001c4      0x13c main.o
                0x080001c4                main
 .text          0x08000300      0xba8 mgpio.o
                0x08000300                MGPIO_voidSetPinMode
                0x080004d8                MGPIO_voidSetPinOutputMode
                0x080007ac                MGPIO_voidSetPinInputMode
                0x08000984                MGPIO_voidSetPinValue
                0x08000ba4                MGPIO_voidGetPinValue
                0x08000ce8                MGPIO_voidSetResetPin
 .text          0x08000ea8      0x3c4 mrcc.o
                0x08000ea8                MRCC_voidInit
                0x08000f28                MRCC_voidEnablePeripheral
                0x0800102c                MRCC_voidDisablePeripheral
                0x08001140                MRCC_voidSetAPB1Prescaler
                0x080011a4                MRCC_voidSetAPB2Prescaler
                0x08001208                MRCC_voidSetAHBPrescaler
 .text          0x0800126c       0xfc stm32f401_startupfile.o
                0x0800126c                Reset_Handler
                0x0800135c                EXTI2_IRQHandler
                0x0800135c                TIM8_CC_IRQHandler
                0x0800135c                DebugMon_Handler
                0x0800135c                FMPI2C1_EV_IRQHandler
                0x0800135c                SPI4_IRQHandler
                0x0800135c                TIM1_CC_IRQHandler
                0x0800135c                DMA2_Stream5_IRQHandler
                0x0800135c                HardFault_Handler
                0x0800135c                DMA1_Stream5_IRQHandler
                0x0800135c                SysTick_Handler
                0x0800135c                PVD_IRQHandler
                0x0800135c                SDIO_IRQHandler
                0x0800135c                TAMP_STAMP_IRQHandler
                0x0800135c                PendSV_Handler
                0x0800135c                NMI_Handler
                0x0800135c                CAN2_RX1_IRQHandler
                0x0800135c                EXTI3_IRQHandler
                0x0800135c                TIM1_UP_TIM10_IRQHandler
                0x0800135c                TIM8_UP_TIM13_IRQHandler
                0x0800135c                I2C3_ER_IRQHandler
                0x0800135c                EXTI0_IRQHandler
                0x0800135c                I2C2_EV_IRQHandler
                0x0800135c                DMA1_Stream2_IRQHandler
                0x0800135c                CAN1_RX0_IRQHandler
                0x0800135c                FPU_IRQHandler
                0x0800135c                DEFAULT_HANDLER
                0x0800135c                OTG_HS_WKUP_IRQHandler
                0x0800135c                UsageFault_Handler
                0x0800135c                CAN2_SCE_IRQHandler
                0x0800135c                DMA2_Stream2_IRQHandler
                0x0800135c                SPI1_IRQHandler
                0x0800135c                TIM6_DAC_IRQHandler
                0x0800135c                TIM1_BRK_TIM9_IRQHandler
                0x0800135c                DCMI_IRQHandler
                0x0800135c                CAN2_RX0_IRQHandler
                0x0800135c                DMA2_Stream3_IRQHandler
                0x0800135c                SAI2_IRQHandler
                0x0800135c                USART6_IRQHandler
                0x0800135c                TIM1_TRG_COM_TIM11_IRQHandl
                0x0800135c                USART3_IRQHandler
                0x0800135c                RTC_Alarm_IRQHandler
                0x0800135c                TIM8_TRG_COM_TIM14_IRQHandl
                0x0800135c                CAN1_RX1_IRQHandler
                0x0800135c                UART5_IRQHandler
                0x0800135c                DMA2_Stream0_IRQHandler
                0x0800135c                TIM4_IRQHandler
                0x0800135c                QUADSPI_IRQHandler
                0x0800135c                I2C1_EV_IRQHandler
                0x0800135c                DMA1_Stream6_IRQHandler
                0x0800135c                DMA1_Stream1_IRQHandler
                0x0800135c                UART4_IRQHandler
                0x0800135c                TIM3_IRQHandler
                0x0800135c                RCC_IRQHandler
                0x0800135c                TIM8_BRK_TIM12_IRQHandler
                0x0800135c                CEC_IRQHandler
                0x0800135c                EXTI15_10_IRQHandler
                0x0800135c                ADC_IRQHandler
                0x0800135c                DMA1_Stream7_IRQHandler
                0x0800135c                TIM7_IRQHandler
                0x0800135c                CAN2_TX_IRQHandler
                0x0800135c                TIM5_IRQHandler
                0x0800135c                DMA2_Stream7_IRQHandler
                0x0800135c                I2C3_EV_IRQHandler
                0x0800135c                EXTI9_5_IRQHandler
                0x0800135c                RTC_WKUP_IRQHandler
                0x0800135c                SPDIF_RX_IRQHandler
                0x0800135c                SPI2_IRQHandler
                0x0800135c                OTG_HS_EP1_IN_IRQHandler
                0x0800135c                MemManage_Handler
                0x0800135c                DMA1_Stream0_IRQHandler
                0x0800135c                CAN1_TX_IRQHandler
                0x0800135c                SVC_Handler
                0x0800135c                FMPI2C1_ER_IRQHandler
                0x0800135c                EXTI4_IRQHandler
                0x0800135c                OTG_HS_EP1_OUT_IRQHandler
                0x0800135c                WWDG_IRQHandler
                0x0800135c                TIM2_IRQHandler
                0x0800135c                OTG_FS_WKUP_IRQHandler
                0x0800135c                OTG_HS_IRQHandler
                0x0800135c                EXTI1_IRQHandler
                0x0800135c                USART2_IRQHandler
                0x0800135c                I2C2_ER_IRQHandler
                0x0800135c                DMA2_Stream1_IRQHandler
                0x0800135c                CAN1_SCE_IRQHandler
                0x0800135c                FLASH_IRQHandler
                0x0800135c                DMA2_Stream4_IRQHandler
                0x0800135c                BusFault_Handler
                0x0800135c                USART1_IRQHandler
                0x0800135c                OTG_FS_IRQHandler
                0x0800135c                SPI3_IRQHandler
                0x0800135c                DMA1_Stream4_IRQHandler
                0x0800135c                I2C1_ER_IRQHandler
                0x0800135c                FMC_IRQHandler
                0x0800135c                DMA2_Stream6_IRQHandler
                0x0800135c                SAI1_IRQHandler
                0x0800135c                DMA1_Stream3_IRQHandler
 *(.rodata)
                0x08001368                        e_text = .

.glue_7         0x08001368        0x0
 .glue_7        0x08001368        0x0 linker stubs

.glue_7t        0x08001368        0x0
 .glue_7t       0x08001368        0x0 linker stubs

.vfp11_veneer   0x08001368        0x0
 .vfp11_veneer  0x08001368        0x0 linker stubs

.v4_bx          0x08001368        0x0
 .v4_bx         0x08001368        0x0 linker stubs

.iplt           0x08001368        0x0
 .iplt          0x08001368        0x0 main.o

.rel.dyn        0x08001368        0x0
 .rel.iplt      0x08001368        0x0 main.o

.data           0x20000000        0x4 load address 0x08001368
                0x20000000                        s_data = .
 *(.data)
 .data          0x20000000        0x1 main.o
                0x20000000                y
 .data          0x20000001        0x0 mgpio.o
 .data          0x20000001        0x0 mrcc.o
 .data          0x20000001        0x0 stm32f401_startupfile.o
                0x20000004                        . = ALIGN (0x4)
 *fill*         0x20000001        0x3 
                0x20000004                        e_data = .

.igot.plt       0x20000004        0x0 load address 0x0800136c
 .igot.plt      0x20000004        0x0 main.o

.bss            0x20000004        0x2 load address 0x0800136c
                0x20000004                        s_bss = .
 *(.bss)
 .bss           0x20000004        0x1 main.o
                0x20000004                x
 .bss           0x20000005        0x1 mgpio.o
                0x20000005                uh
 .bss           0x20000006        0x0 mrcc.o
 .bss           0x20000006        0x0 stm32f401_startupfile.o
                0x20000006                        e_bss = .
OUTPUT(a.out elf32-littlearm)
LOAD linker stubs

.comment        0x00000000       0x44
 .comment       0x00000000       0x44 main.o
                                 0x45 (size before relaxing)
 .comment       0x00000044       0x45 mgpio.o
 .comment       0x00000044       0x45 mrcc.o
 .comment       0x00000044       0x45 stm32f401_startupfile.o

.ARM.attributes
                0x00000000       0x2a
 .ARM.attributes
                0x00000000       0x2a main.o
 .ARM.attributes
                0x0000002a       0x2a mgpio.o
 .ARM.attributes
                0x00000054       0x2a mrcc.o
 .ARM.attributes
                0x0000007e       0x2a stm32f401_startupfile.o
