Archive member included because of file (symbol)

c:/winavr/bin/../lib/gcc/avr/4.3.3/avr5\libgcc.a(_exit.o)
                              c:/winavr/bin/../lib/gcc/avr/4.3.3/../../../../avr/lib/avr5/crtm32.o (exit)
c:/winavr/bin/../lib/gcc/avr/4.3.3/avr5\libgcc.a(_copy_data.o)
                              ./HAL/KEYPAD/KEYPAD_Program.o (__do_copy_data)
c:/winavr/bin/../lib/gcc/avr/4.3.3/avr5\libgcc.a(_clear_bss.o)
                              ./MCAL/USART/USART_Program.o (__do_clear_bss)
c:/winavr/bin/../lib/gcc/avr/4.3.3/avr5\libgcc.a(_ashldi3.o)
                              ./HAL/LCD/LCD_Program.o (__ashldi3)
c:/winavr/bin/../lib/gcc/avr/4.3.3/avr5\libgcc.a(_fixunssfsi.o)
                              ./HAL/LM35/LM35_Program.o (__fixunssfsi)
c:/winavr/bin/../lib/gcc/avr/4.3.3/avr5\libgcc.a(_divdi3.o)
                              ./HAL/LCD/LCD_Program.o (__divdi3)
c:/winavr/bin/../lib/gcc/avr/4.3.3/avr5\libgcc.a(_moddi3.o)
                              ./HAL/LCD/LCD_Program.o (__moddi3)
c:/winavr/bin/../lib/gcc/avr/4.3.3/avr5\libgcc.a(_udivdi3.o)
                              ./HAL/LCD/LCD_Program.o (__udivdi3)
c:/winavr/bin/../lib/gcc/avr/4.3.3/avr5\libgcc.a(_umoddi3.o)
                              ./HAL/LCD/LCD_Program.o (__umoddi3)
c:/winavr/bin/../lib/gcc/avr/4.3.3/avr5\libgcc.a(_addsub_sf.o)
                              c:/winavr/bin/../lib/gcc/avr/4.3.3/avr5\libgcc.a(_fixunssfsi.o) (__subsf3)
c:/winavr/bin/../lib/gcc/avr/4.3.3/avr5\libgcc.a(_mul_sf.o)
                              ./HAL/LM35/LM35_Program.o (__mulsf3)
c:/winavr/bin/../lib/gcc/avr/4.3.3/avr5\libgcc.a(_ge_sf.o)
                              c:/winavr/bin/../lib/gcc/avr/4.3.3/avr5\libgcc.a(_fixunssfsi.o) (__gesf2)
c:/winavr/bin/../lib/gcc/avr/4.3.3/avr5\libgcc.a(_sf_to_si.o)
                              c:/winavr/bin/../lib/gcc/avr/4.3.3/avr5\libgcc.a(_fixunssfsi.o) (__fixsfsi)
c:/winavr/bin/../lib/gcc/avr/4.3.3/avr5\libgcc.a(_thenan_sf.o)
                              c:/winavr/bin/../lib/gcc/avr/4.3.3/avr5\libgcc.a(_addsub_sf.o) (__thenan_sf)
c:/winavr/bin/../lib/gcc/avr/4.3.3/avr5\libgcc.a(_usi_to_sf.o)
                              ./HAL/LM35/LM35_Program.o (__floatunsisf)
c:/winavr/bin/../lib/gcc/avr/4.3.3/avr5\libgcc.a(_mulsi3.o)
                              c:/winavr/bin/../lib/gcc/avr/4.3.3/avr5\libgcc.a(_divdi3.o) (__mulsi3)
c:/winavr/bin/../lib/gcc/avr/4.3.3/avr5\libgcc.a(_udivmodsi4.o)
                              c:/winavr/bin/../lib/gcc/avr/4.3.3/avr5\libgcc.a(_divdi3.o) (__udivmodsi4)
c:/winavr/bin/../lib/gcc/avr/4.3.3/avr5\libgcc.a(_prologue.o)
                              c:/winavr/bin/../lib/gcc/avr/4.3.3/avr5\libgcc.a(_divdi3.o) (__prologue_saves__)
c:/winavr/bin/../lib/gcc/avr/4.3.3/avr5\libgcc.a(_epilogue.o)
                              c:/winavr/bin/../lib/gcc/avr/4.3.3/avr5\libgcc.a(_divdi3.o) (__epilogue_restores__)
c:/winavr/bin/../lib/gcc/avr/4.3.3/avr5\libgcc.a(_clz.o)
                              c:/winavr/bin/../lib/gcc/avr/4.3.3/avr5\libgcc.a(_divdi3.o) (__clz_tab)
c:/winavr/bin/../lib/gcc/avr/4.3.3/avr5\libgcc.a(_clzsi2.o)
                              c:/winavr/bin/../lib/gcc/avr/4.3.3/avr5\libgcc.a(_usi_to_sf.o) (__clzsi2)
c:/winavr/bin/../lib/gcc/avr/4.3.3/avr5\libgcc.a(_pack_sf.o)
                              c:/winavr/bin/../lib/gcc/avr/4.3.3/avr5\libgcc.a(_addsub_sf.o) (__pack_f)
c:/winavr/bin/../lib/gcc/avr/4.3.3/avr5\libgcc.a(_unpack_sf.o)
                              c:/winavr/bin/../lib/gcc/avr/4.3.3/avr5\libgcc.a(_addsub_sf.o) (__unpack_f)
c:/winavr/bin/../lib/gcc/avr/4.3.3/avr5\libgcc.a(_fpcmp_parts_sf.o)
                              c:/winavr/bin/../lib/gcc/avr/4.3.3/avr5\libgcc.a(_ge_sf.o) (__fpcmp_parts_f)

Memory Configuration

Name             Origin             Length             Attributes
text             0x00000000         0x00020000         xr
data             0x00800060         0x0000ffa0         rw !x
eeprom           0x00810000         0x00010000         rw !x
fuse             0x00820000         0x00000400         rw !x
lock             0x00830000         0x00000400         rw !x
signature        0x00840000         0x00000400         rw !x
*default*        0x00000000         0xffffffff

Linker script and memory map

LOAD c:/winavr/bin/../lib/gcc/avr/4.3.3/../../../../avr/lib/avr5/crtm32.o
LOAD ./MCAL/WDT/WDT_Program.o
LOAD ./MCAL/USART/USART_Program.o
LOAD ./MCAL/TWI/TWI_Program.o
LOAD ./MCAL/TIMERS/TIMERS_Program.o
LOAD ./MCAL/SPI/SPI_Program.o
LOAD ./MCAL/GIE/GIE_Program.o
LOAD ./MCAL/EXTI/EXTI_Program.o
LOAD ./MCAL/EEPROM/EEPROM_Program.o
LOAD ./MCAL/DIO/DIO_Program.o
LOAD ./MCAL/ADC/ADC_Program.o
LOAD ./HAL/STEPPER/STEPPER_Program.o
LOAD ./HAL/LM35/LM35_Program.o
LOAD ./HAL/LCD/LCD_Program.o
LOAD ./HAL/KEYPAD/KEYPAD_Program.o
LOAD ./HAL/FAN/FAN_Program.o
LOAD ./HAL/DCMOTOR/DCMOTOR_Program.o
LOAD ./main.o
LOAD c:/winavr/bin/../lib/gcc/avr/4.3.3/avr5\libgcc.a
LOAD c:/winavr/bin/../lib/gcc/avr/4.3.3/../../../../avr/lib/avr5\libc.a
LOAD c:/winavr/bin/../lib/gcc/avr/4.3.3/avr5\libgcc.a

.hash
 *(.hash)

.dynsym
 *(.dynsym)

.dynstr
 *(.dynstr)

.gnu.version
 *(.gnu.version)

.gnu.version_d
 *(.gnu.version_d)

.gnu.version_r
 *(.gnu.version_r)

.rel.init
 *(.rel.init)

.rela.init
 *(.rela.init)

.rel.text
 *(.rel.text)
 *(.rel.text.*)
 *(.rel.gnu.linkonce.t*)

.rela.text
 *(.rela.text)
 *(.rela.text.*)
 *(.rela.gnu.linkonce.t*)

.rel.fini
 *(.rel.fini)

.rela.fini
 *(.rela.fini)

.rel.rodata
 *(.rel.rodata)
 *(.rel.rodata.*)
 *(.rel.gnu.linkonce.r*)

.rela.rodata
 *(.rela.rodata)
 *(.rela.rodata.*)
 *(.rela.gnu.linkonce.r*)

.rel.data
 *(.rel.data)
 *(.rel.data.*)
 *(.rel.gnu.linkonce.d*)

.rela.data
 *(.rela.data)
 *(.rela.data.*)
 *(.rela.gnu.linkonce.d*)

.rel.ctors
 *(.rel.ctors)

.rela.ctors
 *(.rela.ctors)

.rel.dtors
 *(.rel.dtors)

.rela.dtors
 *(.rela.dtors)

.rel.got
 *(.rel.got)

.rela.got
 *(.rela.got)

.rel.bss
 *(.rel.bss)

.rela.bss
 *(.rela.bss)

.rel.plt
 *(.rel.plt)

.rela.plt
 *(.rela.plt)

.text           0x00000000     0x64d2
 *(.vectors)
 .vectors       0x00000000       0x54 c:/winavr/bin/../lib/gcc/avr/4.3.3/../../../../avr/lib/avr5/crtm32.o
                0x00000000                __vectors
                0x00000000                __vector_default
 *(.vectors)
 *(.progmem.gcc*)
 *(.progmem*)
                0x00000054                . = ALIGN (0x2)
                0x00000054                __trampolines_start = .
 *(.trampolines)
 .trampolines   0x00000054        0x0 linker stubs
 *(.trampolines*)
                0x00000054                __trampolines_end = .
 *(.jumptables)
 *(.jumptables*)
 *(.lowtext)
 *(.lowtext*)
                0x00000054                __ctors_start = .
 *(.ctors)
                0x00000054                __ctors_end = .
                0x00000054                __dtors_start = .
 *(.dtors)
                0x00000054                __dtors_end = .
 SORT(*)(.ctors)
 SORT(*)(.dtors)
 *(.init0)
 .init0         0x00000054        0x0 c:/winavr/bin/../lib/gcc/avr/4.3.3/../../../../avr/lib/avr5/crtm32.o
                0x00000054                __init
 *(.init0)
 *(.init1)
 *(.init1)
 *(.init2)
 .init2         0x00000054        0xc c:/winavr/bin/../lib/gcc/avr/4.3.3/../../../../avr/lib/avr5/crtm32.o
 *(.init2)
 *(.init3)
 *(.init3)
 *(.init4)
 .init4         0x00000060       0x16 c:/winavr/bin/../lib/gcc/avr/4.3.3/avr5\libgcc.a(_copy_data.o)
                0x00000060                __do_copy_data
 .init4         0x00000076       0x10 c:/winavr/bin/../lib/gcc/avr/4.3.3/avr5\libgcc.a(_clear_bss.o)
                0x00000076                __do_clear_bss
 *(.init4)
 *(.init5)
 *(.init5)
 *(.init6)
 *(.init6)
 *(.init7)
 *(.init7)
 *(.init8)
 *(.init8)
 *(.init9)
 .init9         0x00000086        0x8 c:/winavr/bin/../lib/gcc/avr/4.3.3/../../../../avr/lib/avr5/crtm32.o
 *(.init9)
 *(.text)
 .text          0x0000008e        0x4 c:/winavr/bin/../lib/gcc/avr/4.3.3/../../../../avr/lib/avr5/crtm32.o
                0x0000008e                __bad_interrupt
                0x0000008e                __vector_17
                0x0000008e                __vector_19
                0x0000008e                __vector_14
                0x0000008e                __vector_16
                0x0000008e                __vector_18
                0x0000008e                __vector_20
 .text          0x00000092        0x0 ./MCAL/WDT/WDT_Program.o
 .text          0x00000092        0x0 ./MCAL/USART/USART_Program.o
 .text          0x00000092        0x0 ./MCAL/TWI/TWI_Program.o
 .text          0x00000092        0x0 ./MCAL/TIMERS/TIMERS_Program.o
 .text          0x00000092        0x0 ./MCAL/SPI/SPI_Program.o
 .text          0x00000092        0x0 ./MCAL/GIE/GIE_Program.o
 .text          0x00000092        0x0 ./MCAL/EXTI/EXTI_Program.o
 .text          0x00000092        0x0 ./MCAL/EEPROM/EEPROM_Program.o
 .text          0x00000092        0x0 ./MCAL/DIO/DIO_Program.o
 .text          0x00000092        0x0 ./MCAL/ADC/ADC_Program.o
 .text          0x00000092        0x0 ./HAL/STEPPER/STEPPER_Program.o
 .text          0x00000092        0x0 ./HAL/LM35/LM35_Program.o
 .text          0x00000092        0x0 ./HAL/LCD/LCD_Program.o
 .text          0x00000092        0x0 ./HAL/KEYPAD/KEYPAD_Program.o
 .text          0x00000092        0x0 ./HAL/FAN/FAN_Program.o
 .text          0x00000092        0x0 ./HAL/DCMOTOR/DCMOTOR_Program.o
 .text          0x00000092        0x0 ./main.o
 .text          0x00000092        0x0 c:/winavr/bin/../lib/gcc/avr/4.3.3/avr5\libgcc.a(_exit.o)
 .text          0x00000092        0x0 c:/winavr/bin/../lib/gcc/avr/4.3.3/avr5\libgcc.a(_copy_data.o)
 .text          0x00000092        0x0 c:/winavr/bin/../lib/gcc/avr/4.3.3/avr5\libgcc.a(_clear_bss.o)
 .text          0x00000092       0xfe c:/winavr/bin/../lib/gcc/avr/4.3.3/avr5\libgcc.a(_ashldi3.o)
                0x00000092                __ashldi3
 .text          0x00000190       0x58 c:/winavr/bin/../lib/gcc/avr/4.3.3/avr5\libgcc.a(_fixunssfsi.o)
                0x00000190                __fixunssfsi
 .text          0x000001e8     0x1050 c:/winavr/bin/../lib/gcc/avr/4.3.3/avr5\libgcc.a(_divdi3.o)
                0x000001e8                __divdi3
 .text          0x00001238     0x107a c:/winavr/bin/../lib/gcc/avr/4.3.3/avr5\libgcc.a(_moddi3.o)
                0x00001238                __moddi3
 .text          0x000022b2      0xcea c:/winavr/bin/../lib/gcc/avr/4.3.3/avr5\libgcc.a(_udivdi3.o)
                0x000022b2                __udivdi3
 .text          0x00002f9c      0xce0 c:/winavr/bin/../lib/gcc/avr/4.3.3/avr5\libgcc.a(_umoddi3.o)
                0x00002f9c                __umoddi3
 .text          0x00003c7c      0x354 c:/winavr/bin/../lib/gcc/avr/4.3.3/avr5\libgcc.a(_addsub_sf.o)
                0x00003f14                __subsf3
                0x00003f76                __addsf3
 .text          0x00003fd0      0x1f4 c:/winavr/bin/../lib/gcc/avr/4.3.3/avr5\libgcc.a(_mul_sf.o)
                0x00003fd0                __mulsf3
 .text          0x000041c4       0x60 c:/winavr/bin/../lib/gcc/avr/4.3.3/avr5\libgcc.a(_ge_sf.o)
                0x000041c4                __gesf2
 .text          0x00004224       0xa8 c:/winavr/bin/../lib/gcc/avr/4.3.3/avr5\libgcc.a(_sf_to_si.o)
                0x00004224                __fixsfsi
 .text          0x000042cc        0x0 c:/winavr/bin/../lib/gcc/avr/4.3.3/avr5\libgcc.a(_thenan_sf.o)
 .text          0x000042cc       0xf2 c:/winavr/bin/../lib/gcc/avr/4.3.3/avr5\libgcc.a(_usi_to_sf.o)
                0x000042cc                __floatunsisf
 .text          0x000043be        0x0 c:/winavr/bin/../lib/gcc/avr/4.3.3/avr5\libgcc.a(_mulsi3.o)
 .text          0x000043be        0x0 c:/winavr/bin/../lib/gcc/avr/4.3.3/avr5\libgcc.a(_udivmodsi4.o)
 .text          0x000043be        0x0 c:/winavr/bin/../lib/gcc/avr/4.3.3/avr5\libgcc.a(_prologue.o)
 .text          0x000043be        0x0 c:/winavr/bin/../lib/gcc/avr/4.3.3/avr5\libgcc.a(_epilogue.o)
 .text          0x000043be        0x0 c:/winavr/bin/../lib/gcc/avr/4.3.3/avr5\libgcc.a(_clz.o)
 .text          0x000043be       0x9e c:/winavr/bin/../lib/gcc/avr/4.3.3/avr5\libgcc.a(_clzsi2.o)
                0x000043be                __clzsi2
 .text          0x0000445c      0x1aa c:/winavr/bin/../lib/gcc/avr/4.3.3/avr5\libgcc.a(_pack_sf.o)
                0x0000445c                __pack_f
 .text          0x00004606       0xf0 c:/winavr/bin/../lib/gcc/avr/4.3.3/avr5\libgcc.a(_unpack_sf.o)
                0x00004606                __unpack_f
 .text          0x000046f6       0xb2 c:/winavr/bin/../lib/gcc/avr/4.3.3/avr5\libgcc.a(_fpcmp_parts_sf.o)
                0x000046f6                __fpcmp_parts_f
                0x000047a8                . = ALIGN (0x2)
 *(.text.*)
 .text.MWDT_SartWDT
                0x000047a8       0x80 ./MCAL/WDT/WDT_Program.o
                0x000047a8                MWDT_SartWDT
 .text.MWDT_StopWDT
                0x00004828        0xa ./MCAL/WDT/WDT_Program.o
                0x00004828                MWDT_StopWDT
 .text.USART_voidInit
                0x00004832       0x1c ./MCAL/USART/USART_Program.o
                0x00004832                USART_voidInit
 .text.USART_u8SendData
                0x0000484e       0x38 ./MCAL/USART/USART_Program.o
                0x0000484e                USART_u8SendData
 .text.USART_u8RecevieData
                0x00004886       0x3e ./MCAL/USART/USART_Program.o
                0x00004886                USART_u8RecevieData
 .text.USART_u8SendStringSynch
                0x000048c4       0x26 ./MCAL/USART/USART_Program.o
                0x000048c4                USART_u8SendStringSynch
 .text.USART_u8SendStringAsynch
                0x000048ea       0x40 ./MCAL/USART/USART_Program.o
                0x000048ea                USART_u8SendStringAsynch
 .text.USART_u8ReceiveBufferSynch
                0x0000492a       0x44 ./MCAL/USART/USART_Program.o
                0x0000492a                USART_u8ReceiveBufferSynch
 .text.USART_u8ReceiveBufferAsynch
                0x0000496e       0x42 ./MCAL/USART/USART_Program.o
                0x0000496e                USART_u8ReceiveBufferAsynch
 .text.__vector_13
                0x000049b0       0x7a ./MCAL/USART/USART_Program.o
                0x000049b0                __vector_13
 .text.__vector_15
                0x00004a2a       0x78 ./MCAL/USART/USART_Program.o
                0x00004a2a                __vector_15
 .text.TWI_voidInitMaster
                0x00004aa2       0x1e ./MCAL/TWI/TWI_Program.o
                0x00004aa2                TWI_voidInitMaster
 .text.TWI_voidInitSlave
                0x00004ac0       0x12 ./MCAL/TWI/TWI_Program.o
                0x00004ac0                TWI_voidInitSlave
 .text.TWI_SendStartCondition
                0x00004ad2       0x22 ./MCAL/TWI/TWI_Program.o
                0x00004ad2                TWI_SendStartCondition
 .text.TWI_SendRepeatedStart
                0x00004af4       0x22 ./MCAL/TWI/TWI_Program.o
                0x00004af4                TWI_SendRepeatedStart
 .text.TWI_SendSlaveAddressWithWrite
                0x00004b16       0x28 ./MCAL/TWI/TWI_Program.o
                0x00004b16                TWI_SendSlaveAddressWithWrite
 .text.TWI_SendSlaveAddressWithRead
                0x00004b3e       0x28 ./MCAL/TWI/TWI_Program.o
                0x00004b3e                TWI_SendSlaveAddressWithRead
 .text.TWI_MasterWriteDataByte
                0x00004b66       0x1e ./MCAL/TWI/TWI_Program.o
                0x00004b66                TWI_MasterWriteDataByte
 .text.TWI_MasterReadDataByte
                0x00004b84       0x22 ./MCAL/TWI/TWI_Program.o
                0x00004b84                TWI_MasterReadDataByte
 .text.TWI_SlaveWriteDataByte
                0x00004ba6       0x1e ./MCAL/TWI/TWI_Program.o
                0x00004ba6                TWI_SlaveWriteDataByte
 .text.TWI_SlaveReadDataByte
                0x00004bc4       0x3c ./MCAL/TWI/TWI_Program.o
                0x00004bc4                TWI_SlaveReadDataByte
 .text.TWI_SendStopCondition
                0x00004c00        0xe ./MCAL/TWI/TWI_Program.o
                0x00004c00                TWI_SendStopCondition
 .text.TIMER0_voidInit
                0x00004c0e       0x28 ./MCAL/TIMERS/TIMERS_Program.o
                0x00004c0e                TIMER0_voidInit
 .text.TIMER1_voidInit
                0x00004c36       0x30 ./MCAL/TIMERS/TIMERS_Program.o
                0x00004c36                TIMER1_voidInit
 .text.TIMER2_voidInit
                0x00004c66       0x28 ./MCAL/TIMERS/TIMERS_Program.o
                0x00004c66                TIMER2_voidInit
 .text.TIMER0_voidSetPreload
                0x00004c8e        0x4 ./MCAL/TIMERS/TIMERS_Program.o
                0x00004c8e                TIMER0_voidSetPreload
 .text.TIMER1_voidSetPreload
                0x00004c92        0x6 ./MCAL/TIMERS/TIMERS_Program.o
                0x00004c92                TIMER1_voidSetPreload
 .text.TIMER2_voidSetPreload
                0x00004c98        0x4 ./MCAL/TIMERS/TIMERS_Program.o
                0x00004c98                TIMER2_voidSetPreload
 .text.TIMER0_voidSetCTC
                0x00004c9c        0x4 ./MCAL/TIMERS/TIMERS_Program.o
                0x00004c9c                TIMER0_voidSetCTC
 .text.TIMER1_voidSetCTCA
                0x00004ca0        0x6 ./MCAL/TIMERS/TIMERS_Program.o
                0x00004ca0                TIMER1_voidSetCTCA
 .text.TIMER1_voidSetCTCB
                0x00004ca6        0x6 ./MCAL/TIMERS/TIMERS_Program.o
                0x00004ca6                TIMER1_voidSetCTCB
 .text.TIMER2_voidSetCTC
                0x00004cac        0x4 ./MCAL/TIMERS/TIMERS_Program.o
                0x00004cac                TIMER2_voidSetCTC
 .text.TIMER1_voidSetICR1
                0x00004cb0        0x6 ./MCAL/TIMERS/TIMERS_Program.o
                0x00004cb0                TIMER1_voidSetICR1
 .text.TIMER0_u8GetTimerCounterValue
                0x00004cb6        0x4 ./MCAL/TIMERS/TIMERS_Program.o
                0x00004cb6                TIMER0_u8GetTimerCounterValue
 .text.TIMER1_u16GetTimerCounterValue
                0x00004cba        0x8 ./MCAL/TIMERS/TIMERS_Program.o
                0x00004cba                TIMER1_u16GetTimerCounterValue
 .text.TIMER2_u8GetTimerCounterValue
                0x00004cc2        0x4 ./MCAL/TIMERS/TIMERS_Program.o
                0x00004cc2                TIMER2_u8GetTimerCounterValue
 .text.TIMER_voidSetPWM
                0x00004cc6        0x6 ./MCAL/TIMERS/TIMERS_Program.o
                0x00004cc6                TIMER_voidSetPWM
 .text.TIMER_voidICUInitEnable
                0x00004ccc        0xe ./MCAL/TIMERS/TIMERS_Program.o
                0x00004ccc                TIMER_voidICUInitEnable
 .text.TIMER_voidICUSetTriggerEdge
                0x00004cda       0x20 ./MCAL/TIMERS/TIMERS_Program.o
                0x00004cda                TIMER_voidICUSetTriggerEdge
 .text.TIMER_voidICUEnableInterrupt
                0x00004cfa        0x8 ./MCAL/TIMERS/TIMERS_Program.o
                0x00004cfa                TIMER_voidICUEnableInterrupt
 .text.TIMER_voidICUDisableInterrupt
                0x00004d02        0x8 ./MCAL/TIMERS/TIMERS_Program.o
                0x00004d02                TIMER_voidICUDisableInterrupt
 .text.TIMER_u16GetICR
                0x00004d0a        0x8 ./MCAL/TIMERS/TIMERS_Program.o
                0x00004d0a                TIMER_u16GetICR
 .text.TIMER_voidWDTSleep
                0x00004d12        0xe ./MCAL/TIMERS/TIMERS_Program.o
                0x00004d12                TIMER_voidWDTSleep
 .text.TIMER_voidWDTEnable
                0x00004d20        0x8 ./MCAL/TIMERS/TIMERS_Program.o
                0x00004d20                TIMER_voidWDTEnable
 .text.TIMER_voidWDTDisable
                0x00004d28        0xa ./MCAL/TIMERS/TIMERS_Program.o
                0x00004d28                TIMER_voidWDTDisable
 .text.TIMER_u8SetCallBack
                0x00004d32       0x1c ./MCAL/TIMERS/TIMERS_Program.o
                0x00004d32                TIMER_u8SetCallBack
 .text.__vector_11
                0x00004d4e       0x52 ./MCAL/TIMERS/TIMERS_Program.o
                0x00004d4e                __vector_11
 .text.__vector_10
                0x00004da0       0x52 ./MCAL/TIMERS/TIMERS_Program.o
                0x00004da0                __vector_10
 .text.__vector_9
                0x00004df2       0x52 ./MCAL/TIMERS/TIMERS_Program.o
                0x00004df2                __vector_9
 .text.__vector_8
                0x00004e44       0x52 ./MCAL/TIMERS/TIMERS_Program.o
                0x00004e44                __vector_8
 .text.__vector_7
                0x00004e96       0x52 ./MCAL/TIMERS/TIMERS_Program.o
                0x00004e96                __vector_7
 .text.__vector_6
                0x00004ee8       0x52 ./MCAL/TIMERS/TIMERS_Program.o
                0x00004ee8                __vector_6
 .text.__vector_5
                0x00004f3a       0x52 ./MCAL/TIMERS/TIMERS_Program.o
                0x00004f3a                __vector_5
 .text.__vector_4
                0x00004f8c       0x52 ./MCAL/TIMERS/TIMERS_Program.o
                0x00004f8c                __vector_4
 .text.Timer0_Interrupt_voidEnable
                0x00004fde        0x8 ./MCAL/TIMERS/TIMERS_Program.o
                0x00004fde                Timer0_Interrupt_voidEnable
 .text.Timer0_Interrupt_voidDisable
                0x00004fe6        0x8 ./MCAL/TIMERS/TIMERS_Program.o
                0x00004fe6                Timer0_Interrupt_voidDisable
 .text.Timer1_Interrupt_voidEnable
                0x00004fee        0x8 ./MCAL/TIMERS/TIMERS_Program.o
                0x00004fee                Timer1_Interrupt_voidEnable
 .text.Timer1_Interrupt_voidDisable
                0x00004ff6        0x8 ./MCAL/TIMERS/TIMERS_Program.o
                0x00004ff6                Timer1_Interrupt_voidDisable
 .text.SPI_VoidInit
                0x00004ffe       0x14 ./MCAL/SPI/SPI_Program.o
                0x00004ffe                SPI_VoidInit
 .text.SPI_u8InitConfig
                0x00005012       0xfc ./MCAL/SPI/SPI_Program.o
                0x00005012                SPI_u8InitConfig
 .text.SPI_u8Tranceive
                0x0000510e       0x22 ./MCAL/SPI/SPI_Program.o
                0x0000510e                SPI_u8Tranceive
 .text.SPI_u8BufferTranceiverSynch
                0x00005130       0x50 ./MCAL/SPI/SPI_Program.o
                0x00005130                SPI_u8BufferTranceiverSynch
 .text.SPI_u8BufferTranceiverAsynch
                0x00005180       0x64 ./MCAL/SPI/SPI_Program.o
                0x00005180                SPI_u8BufferTranceiverAsynch
 .text.__vector_12
                0x000051e4       0x88 ./MCAL/SPI/SPI_Program.o
                0x000051e4                __vector_12
 .text.GIE_voidEnable
                0x0000526c        0x8 ./MCAL/GIE/GIE_Program.o
                0x0000526c                GIE_voidEnable
 .text.GIE_voidDisable
                0x00005274        0x8 ./MCAL/GIE/GIE_Program.o
                0x00005274                GIE_voidDisable
 .text.EXTI_voidInit
                0x0000527c       0x32 ./MCAL/EXTI/EXTI_Program.o
                0x0000527c                EXTI_voidInit
 .text.EXTI_u8SetInt0SenseControl
                0x000052ae       0x42 ./MCAL/EXTI/EXTI_Program.o
                0x000052ae                EXTI_u8SetInt0SenseControl
 .text.EXTI_u8SetInt1SenseControl
                0x000052f0       0x42 ./MCAL/EXTI/EXTI_Program.o
                0x000052f0                EXTI_u8SetInt1SenseControl
 .text.EXTI_u8SetInt2SenseControl
                0x00005332       0x22 ./MCAL/EXTI/EXTI_Program.o
                0x00005332                EXTI_u8SetInt2SenseControl
 .text.EXTI_u8Int0SetCallBack
                0x00005354       0x14 ./MCAL/EXTI/EXTI_Program.o
                0x00005354                EXTI_u8Int0SetCallBack
 .text.__vector_1
                0x00005368       0x52 ./MCAL/EXTI/EXTI_Program.o
                0x00005368                __vector_1
 .text.EXTI_u8Int1SetCallBack
                0x000053ba       0x14 ./MCAL/EXTI/EXTI_Program.o
                0x000053ba                EXTI_u8Int1SetCallBack
 .text.__vector_2
                0x000053ce       0x52 ./MCAL/EXTI/EXTI_Program.o
                0x000053ce                __vector_2
 .text.EXTI_u8Int2SetCallBack
                0x00005420       0x14 ./MCAL/EXTI/EXTI_Program.o
                0x00005420                EXTI_u8Int2SetCallBack
 .text.__vector_3
                0x00005434       0x52 ./MCAL/EXTI/EXTI_Program.o
                0x00005434                __vector_3
 .text.EEPROM_u8ReadDataByte
                0x00005486       0x46 ./MCAL/EEPROM/EEPROM_Program.o
                0x00005486                EEPROM_u8ReadDataByte
 .text.EEPROM_voidSendDataByte
                0x000054cc       0x38 ./MCAL/EEPROM/EEPROM_Program.o
                0x000054cc                EEPROM_voidSendDataByte
 .text.DIO_u8SetPortValue
                0x00005504       0x28 ./MCAL/DIO/DIO_Program.o
                0x00005504                DIO_u8SetPortValue
 .text.DIO_u8SetPortDirection
                0x0000552c       0x28 ./MCAL/DIO/DIO_Program.o
                0x0000552c                DIO_u8SetPortDirection
 .text.DIO_u8GetPortValue
                0x00005554       0x38 ./MCAL/DIO/DIO_Program.o
                0x00005554                DIO_u8GetPortValue
 .text.DIO_u8SetPinValue
                0x0000558c       0xf2 ./MCAL/DIO/DIO_Program.o
                0x0000558c                DIO_u8SetPinValue
 .text.DIO_u8SetPinDirection
                0x0000567e       0xf2 ./MCAL/DIO/DIO_Program.o
                0x0000567e                DIO_u8SetPinDirection
 .text.DIO_u8GetPinValue
                0x00005770       0x3e ./MCAL/DIO/DIO_Program.o
                0x00005770                DIO_u8GetPinValue
 .text.DIO_u8GetConnectPullUp
                0x000057ae      0x118 ./MCAL/DIO/DIO_Program.o
                0x000057ae                DIO_u8GetConnectPullUp
 .text.DIO_u8TogglePinValue
                0x000058c6       0x74 ./MCAL/DIO/DIO_Program.o
                0x000058c6                DIO_u8TogglePinValue
 .text.ADC_voidInit
                0x0000593a       0x14 ./MCAL/ADC/ADC_Program.o
                0x0000593a                ADC_voidInit
 .text.ADC_u16GetConversionReading
                0x0000594e       0xc8 ./MCAL/ADC/ADC_Program.o
                0x0000594e                ADC_u16GetConversionReading
 .text.STEPPER_voidRotate
                0x00005a16       0x5e ./HAL/STEPPER/STEPPER_Program.o
                0x00005a16                STEPPER_voidRotate
 .text.STEPPER_voidInit
                0x00005a74       0x2a ./HAL/STEPPER/STEPPER_Program.o
                0x00005a74                STEPPER_voidInit
 .text.LM35_u16GetTempReading
                0x00005a9e       0x24 ./HAL/LM35/LM35_Program.o
                0x00005a9e                LM35_u16GetTempReading
 .text.LM35_voidInit
                0x00005ac2        0x6 ./HAL/LM35/LM35_Program.o
                0x00005ac2                LM35_voidInit
 .text.LCD_voidSendData
                0x00005ac8       0x40 ./HAL/LCD/LCD_Program.o
                0x00005ac8                LCD_voidSendData
 .text.LCD_voidSendNumber
                0x00005b08      0x304 ./HAL/LCD/LCD_Program.o
                0x00005b08                LCD_voidSendNumber
 .text.LCD_voidSendString
                0x00005e0c       0x26 ./HAL/LCD/LCD_Program.o
                0x00005e0c                LCD_voidSendString
 .text.LCD_voidSendCommand
                0x00005e32       0x40 ./HAL/LCD/LCD_Program.o
                0x00005e32                LCD_voidSendCommand
 .text.LCD_voidClearScreen
                0x00005e72        0x8 ./HAL/LCD/LCD_Program.o
                0x00005e72                LCD_voidClearScreen
 .text.LCD_voidSetPosition
                0x00005e7a       0x18 ./HAL/LCD/LCD_Program.o
                0x00005e7a                LCD_voidSetPosition
 .text.LCD_voidSendCustomCharacter
                0x00005e92       0x5a ./HAL/LCD/LCD_Program.o
                0x00005e92                LCD_voidSendCustomCharacter
 .text.LCD_voidInit
                0x00005eec       0x4c ./HAL/LCD/LCD_Program.o
                0x00005eec                LCD_voidInit
 .text.KEYPAD_u8GetPressed
                0x00005f38      0x106 ./HAL/KEYPAD/KEYPAD_Program.o
                0x00005f38                KEYPAD_u8GetPressed
 .text.KEYPAD_Init
                0x0000603e       0x7a ./HAL/KEYPAD/KEYPAD_Program.o
                0x0000603e                KEYPAD_Init
 .text.FAN_Speed_2
                0x000060b8        0x6 ./HAL/FAN/FAN_Program.o
                0x000060b8                FAN_Speed_2
 .text.FAN_Speed_1
                0x000060be        0x6 ./HAL/FAN/FAN_Program.o
                0x000060be                FAN_Speed_1
 .text.FAN_INIT
                0x000060c4       0x16 ./HAL/FAN/FAN_Program.o
                0x000060c4                FAN_INIT
 .text.MOTOR_voidStop
                0x000060da       0x16 ./HAL/DCMOTOR/DCMOTOR_Program.o
                0x000060da                MOTOR_voidStop
 .text.MOTOR_voidClockwise
                0x000060f0       0x16 ./HAL/DCMOTOR/DCMOTOR_Program.o
                0x000060f0                MOTOR_voidClockwise
 .text.MOTOR_voidCounterClockwise
                0x00006106       0x16 ./HAL/DCMOTOR/DCMOTOR_Program.o
                0x00006106                MOTOR_voidCounterClockwise
 .text.MOTOR_voidINIT
                0x0000611c       0x16 ./HAL/DCMOTOR/DCMOTOR_Program.o
                0x0000611c                MOTOR_voidINIT
 .text.main     0x00006132      0x1ba ./main.o
                0x00006132                main
 .text.IN1_Func
                0x000062ec       0x3e ./main.o
                0x000062ec                IN1_Func
 .text.IN0_Func
                0x0000632a       0x3e ./main.o
                0x0000632a                IN0_Func
 .text.Timer1_Func
                0x00006368       0x76 ./main.o
                0x00006368                Timer1_Func
 .text.libgcc   0x000063de        0x0 c:/winavr/bin/../lib/gcc/avr/4.3.3/avr5\libgcc.a(_exit.o)
 .text.libgcc   0x000063de        0x0 c:/winavr/bin/../lib/gcc/avr/4.3.3/avr5\libgcc.a(_copy_data.o)
 .text.libgcc   0x000063de        0x0 c:/winavr/bin/../lib/gcc/avr/4.3.3/avr5\libgcc.a(_clear_bss.o)
 .text.libgcc   0x000063de       0x3e c:/winavr/bin/../lib/gcc/avr/4.3.3/avr5\libgcc.a(_mulsi3.o)
                0x000063de                __mulsi3
 .text.libgcc   0x0000641c       0x44 c:/winavr/bin/../lib/gcc/avr/4.3.3/avr5\libgcc.a(_udivmodsi4.o)
                0x0000641c                __udivmodsi4
 .text.libgcc   0x00006460       0x38 c:/winavr/bin/../lib/gcc/avr/4.3.3/avr5\libgcc.a(_prologue.o)
                0x00006460                __prologue_saves__
 .text.libgcc   0x00006498       0x36 c:/winavr/bin/../lib/gcc/avr/4.3.3/avr5\libgcc.a(_epilogue.o)
                0x00006498                __epilogue_restores__
                0x000064ce                . = ALIGN (0x2)
 *(.fini9)
 .fini9         0x000064ce        0x0 c:/winavr/bin/../lib/gcc/avr/4.3.3/avr5\libgcc.a(_exit.o)
                0x000064ce                exit
                0x000064ce                _exit
 *(.fini9)
 *(.fini8)
 *(.fini8)
 *(.fini7)
 *(.fini7)
 *(.fini6)
 *(.fini6)
 *(.fini5)
 *(.fini5)
 *(.fini4)
 *(.fini4)
 *(.fini3)
 *(.fini3)
 *(.fini2)
 *(.fini2)
 *(.fini1)
 *(.fini1)
 *(.fini0)
 .fini0         0x000064ce        0x4 c:/winavr/bin/../lib/gcc/avr/4.3.3/avr5\libgcc.a(_exit.o)
 *(.fini0)
                0x000064d2                _etext = .

.data           0x00800060      0x118 load address 0x000064d2
                0x00800060                PROVIDE (__data_start, .)
 *(.data)
 .data          0x00800060        0x0 c:/winavr/bin/../lib/gcc/avr/4.3.3/../../../../avr/lib/avr5/crtm32.o
 .data          0x00800060        0x0 ./MCAL/WDT/WDT_Program.o
 .data          0x00800060        0x0 ./MCAL/USART/USART_Program.o
 .data          0x00800060        0x0 ./MCAL/TWI/TWI_Program.o
 .data          0x00800060        0x0 ./MCAL/TIMERS/TIMERS_Program.o
 .data          0x00800060        0x0 ./MCAL/SPI/SPI_Program.o
 .data          0x00800060        0x0 ./MCAL/GIE/GIE_Program.o
 .data          0x00800060        0x0 ./MCAL/EXTI/EXTI_Program.o
 .data          0x00800060        0x0 ./MCAL/EEPROM/EEPROM_Program.o
 .data          0x00800060        0x0 ./MCAL/DIO/DIO_Program.o
 .data          0x00800060        0x0 ./MCAL/ADC/ADC_Program.o
 .data          0x00800060        0x0 ./HAL/STEPPER/STEPPER_Program.o
 .data          0x00800060        0x0 ./HAL/LM35/LM35_Program.o
 .data          0x00800060        0x0 ./HAL/LCD/LCD_Program.o
 .data          0x00800060        0x0 ./HAL/KEYPAD/KEYPAD_Program.o
 .data          0x00800060        0x0 ./HAL/FAN/FAN_Program.o
 .data          0x00800060        0x0 ./HAL/DCMOTOR/DCMOTOR_Program.o
 .data          0x00800060        0x0 ./main.o
 .data          0x00800060        0x0 c:/winavr/bin/../lib/gcc/avr/4.3.3/avr5\libgcc.a(_exit.o)
 .data          0x00800060        0x0 c:/winavr/bin/../lib/gcc/avr/4.3.3/avr5\libgcc.a(_copy_data.o)
 .data          0x00800060        0x0 c:/winavr/bin/../lib/gcc/avr/4.3.3/avr5\libgcc.a(_clear_bss.o)
 .data          0x00800060        0x0 c:/winavr/bin/../lib/gcc/avr/4.3.3/avr5\libgcc.a(_ashldi3.o)
 .data          0x00800060        0x0 c:/winavr/bin/../lib/gcc/avr/4.3.3/avr5\libgcc.a(_fixunssfsi.o)
 .data          0x00800060        0x0 c:/winavr/bin/../lib/gcc/avr/4.3.3/avr5\libgcc.a(_divdi3.o)
 .data          0x00800060        0x0 c:/winavr/bin/../lib/gcc/avr/4.3.3/avr5\libgcc.a(_moddi3.o)
 .data          0x00800060        0x0 c:/winavr/bin/../lib/gcc/avr/4.3.3/avr5\libgcc.a(_udivdi3.o)
 .data          0x00800060        0x0 c:/winavr/bin/../lib/gcc/avr/4.3.3/avr5\libgcc.a(_umoddi3.o)
 .data          0x00800060        0x0 c:/winavr/bin/../lib/gcc/avr/4.3.3/avr5\libgcc.a(_addsub_sf.o)
 .data          0x00800060        0x0 c:/winavr/bin/../lib/gcc/avr/4.3.3/avr5\libgcc.a(_mul_sf.o)
 .data          0x00800060        0x0 c:/winavr/bin/../lib/gcc/avr/4.3.3/avr5\libgcc.a(_ge_sf.o)
 .data          0x00800060        0x0 c:/winavr/bin/../lib/gcc/avr/4.3.3/avr5\libgcc.a(_sf_to_si.o)
 .data          0x00800060        0x8 c:/winavr/bin/../lib/gcc/avr/4.3.3/avr5\libgcc.a(_thenan_sf.o)
                0x00800060                __thenan_sf
 .data          0x00800068        0x0 c:/winavr/bin/../lib/gcc/avr/4.3.3/avr5\libgcc.a(_usi_to_sf.o)
 .data          0x00800068        0x0 c:/winavr/bin/../lib/gcc/avr/4.3.3/avr5\libgcc.a(_mulsi3.o)
 .data          0x00800068        0x0 c:/winavr/bin/../lib/gcc/avr/4.3.3/avr5\libgcc.a(_udivmodsi4.o)
 .data          0x00800068        0x0 c:/winavr/bin/../lib/gcc/avr/4.3.3/avr5\libgcc.a(_prologue.o)
 .data          0x00800068        0x0 c:/winavr/bin/../lib/gcc/avr/4.3.3/avr5\libgcc.a(_epilogue.o)
 .data          0x00800068      0x100 c:/winavr/bin/../lib/gcc/avr/4.3.3/avr5\libgcc.a(_clz.o)
                0x00800068                __clz_tab
 .data          0x00800168        0x0 c:/winavr/bin/../lib/gcc/avr/4.3.3/avr5\libgcc.a(_clzsi2.o)
 .data          0x00800168        0x0 c:/winavr/bin/../lib/gcc/avr/4.3.3/avr5\libgcc.a(_pack_sf.o)
 .data          0x00800168        0x0 c:/winavr/bin/../lib/gcc/avr/4.3.3/avr5\libgcc.a(_unpack_sf.o)
 .data          0x00800168        0x0 c:/winavr/bin/../lib/gcc/avr/4.3.3/avr5\libgcc.a(_fpcmp_parts_sf.o)
 *(.data*)
 .data.KPD_u8Buttoms
                0x00800168       0x10 ./HAL/KEYPAD/KEYPAD_Program.o
                0x00800168                KPD_u8Buttoms
 *(.rodata)
 *(.rodata*)
 *(.gnu.linkonce.d*)
                0x00800178                . = ALIGN (0x2)
                0x00800178                _edata = .
                0x00800178                PROVIDE (__data_end, .)

.bss            0x00800178       0x3e
                0x00800178                PROVIDE (__bss_start, .)
 *(.bss)
 .bss           0x00800178        0x0 c:/winavr/bin/../lib/gcc/avr/4.3.3/../../../../avr/lib/avr5/crtm32.o
 .bss           0x00800178        0x0 ./MCAL/WDT/WDT_Program.o
 .bss           0x00800178        0x0 ./MCAL/USART/USART_Program.o
 .bss           0x00800178        0x0 ./MCAL/TWI/TWI_Program.o
 .bss           0x00800178        0x0 ./MCAL/TIMERS/TIMERS_Program.o
 .bss           0x00800178        0x0 ./MCAL/SPI/SPI_Program.o
 .bss           0x00800178        0x0 ./MCAL/GIE/GIE_Program.o
 .bss           0x00800178        0x0 ./MCAL/EXTI/EXTI_Program.o
 .bss           0x00800178        0x0 ./MCAL/EEPROM/EEPROM_Program.o
 .bss           0x00800178        0x0 ./MCAL/DIO/DIO_Program.o
 .bss           0x00800178        0x0 ./MCAL/ADC/ADC_Program.o
 .bss           0x00800178        0x0 ./HAL/STEPPER/STEPPER_Program.o
 .bss           0x00800178        0x0 ./HAL/LM35/LM35_Program.o
 .bss           0x00800178        0x0 ./HAL/LCD/LCD_Program.o
 .bss           0x00800178        0x0 ./HAL/KEYPAD/KEYPAD_Program.o
 .bss           0x00800178        0x0 ./HAL/FAN/FAN_Program.o
 .bss           0x00800178        0x0 ./HAL/DCMOTOR/DCMOTOR_Program.o
 .bss           0x00800178        0x0 ./main.o
 .bss           0x00800178        0x0 c:/winavr/bin/../lib/gcc/avr/4.3.3/avr5\libgcc.a(_exit.o)
 .bss           0x00800178        0x0 c:/winavr/bin/../lib/gcc/avr/4.3.3/avr5\libgcc.a(_copy_data.o)
 .bss           0x00800178        0x0 c:/winavr/bin/../lib/gcc/avr/4.3.3/avr5\libgcc.a(_clear_bss.o)
 .bss           0x00800178        0x0 c:/winavr/bin/../lib/gcc/avr/4.3.3/avr5\libgcc.a(_ashldi3.o)
 .bss           0x00800178        0x0 c:/winavr/bin/../lib/gcc/avr/4.3.3/avr5\libgcc.a(_fixunssfsi.o)
 .bss           0x00800178        0x0 c:/winavr/bin/../lib/gcc/avr/4.3.3/avr5\libgcc.a(_divdi3.o)
 .bss           0x00800178        0x0 c:/winavr/bin/../lib/gcc/avr/4.3.3/avr5\libgcc.a(_moddi3.o)
 .bss           0x00800178        0x0 c:/winavr/bin/../lib/gcc/avr/4.3.3/avr5\libgcc.a(_udivdi3.o)
 .bss           0x00800178        0x0 c:/winavr/bin/../lib/gcc/avr/4.3.3/avr5\libgcc.a(_umoddi3.o)
 .bss           0x00800178        0x0 c:/winavr/bin/../lib/gcc/avr/4.3.3/avr5\libgcc.a(_addsub_sf.o)
 .bss           0x00800178        0x0 c:/winavr/bin/../lib/gcc/avr/4.3.3/avr5\libgcc.a(_mul_sf.o)
 .bss           0x00800178        0x0 c:/winavr/bin/../lib/gcc/avr/4.3.3/avr5\libgcc.a(_ge_sf.o)
 .bss           0x00800178        0x0 c:/winavr/bin/../lib/gcc/avr/4.3.3/avr5\libgcc.a(_sf_to_si.o)
 .bss           0x00800178        0x0 c:/winavr/bin/../lib/gcc/avr/4.3.3/avr5\libgcc.a(_thenan_sf.o)
 .bss           0x00800178        0x0 c:/winavr/bin/../lib/gcc/avr/4.3.3/avr5\libgcc.a(_usi_to_sf.o)
 .bss           0x00800178        0x0 c:/winavr/bin/../lib/gcc/avr/4.3.3/avr5\libgcc.a(_mulsi3.o)
 .bss           0x00800178        0x0 c:/winavr/bin/../lib/gcc/avr/4.3.3/avr5\libgcc.a(_udivmodsi4.o)
 .bss           0x00800178        0x0 c:/winavr/bin/../lib/gcc/avr/4.3.3/avr5\libgcc.a(_prologue.o)
 .bss           0x00800178        0x0 c:/winavr/bin/../lib/gcc/avr/4.3.3/avr5\libgcc.a(_epilogue.o)
 .bss           0x00800178        0x0 c:/winavr/bin/../lib/gcc/avr/4.3.3/avr5\libgcc.a(_clz.o)
 .bss           0x00800178        0x0 c:/winavr/bin/../lib/gcc/avr/4.3.3/avr5\libgcc.a(_clzsi2.o)
 .bss           0x00800178        0x0 c:/winavr/bin/../lib/gcc/avr/4.3.3/avr5\libgcc.a(_pack_sf.o)
 .bss           0x00800178        0x0 c:/winavr/bin/../lib/gcc/avr/4.3.3/avr5\libgcc.a(_unpack_sf.o)
 .bss           0x00800178        0x0 c:/winavr/bin/../lib/gcc/avr/4.3.3/avr5\libgcc.a(_fpcmp_parts_sf.o)
 *(.bss*)
 .bss.USART_pu8SendData
                0x00800178        0x2 ./MCAL/USART/USART_Program.o
 .bss.USART_u8State
                0x0080017a        0x1 ./MCAL/USART/USART_Program.o
 .bss.USART_pvNotificationFunc
                0x0080017b        0x2 ./MCAL/USART/USART_Program.o
 .bss.USART_pu8ReceiveData
                0x0080017d        0x2 ./MCAL/USART/USART_Program.o
 .bss.USART_u8BufferSize
                0x0080017f        0x1 ./MCAL/USART/USART_Program.o
 .bss.USART_u8Index
                0x00800180        0x1 ./MCAL/USART/USART_Program.o
 .bss.TIMERS_pvCallBackFunc
                0x00800181       0x20 ./MCAL/TIMERS/TIMERS_Program.o
 .bss.SPI_pu8RData
                0x008001a1        0x2 ./MCAL/SPI/SPI_Program.o
 .bss.SPI_u8State
                0x008001a3        0x1 ./MCAL/SPI/SPI_Program.o
 .bss.SPI_pvNotificationFunc
                0x008001a4        0x2 ./MCAL/SPI/SPI_Program.o
 .bss.SPI_pu8TData
                0x008001a6        0x2 ./MCAL/SPI/SPI_Program.o
 .bss.SPI_u8BufferSize
                0x008001a8        0x1 ./MCAL/SPI/SPI_Program.o
 .bss.SPI_u8Index
                0x008001a9        0x1 ./MCAL/SPI/SPI_Program.o
 .bss.Global_pvInt2NotifcationFunction
                0x008001aa        0x2 ./MCAL/EXTI/EXTI_Program.o
 .bss.Global_pvInt1NotifcationFunction
                0x008001ac        0x2 ./MCAL/EXTI/EXTI_Program.o
 .bss.Global_pvInt0NotifcationFunction
                0x008001ae        0x2 ./MCAL/EXTI/EXTI_Program.o
 .bss.Temp_1    0x008001b0        0x2 ./main.o
                0x008001b0                Temp_1
 .bss.Temp_2    0x008001b2        0x2 ./main.o
                0x008001b2                Temp_2
 .bss.c2.1479   0x008001b4        0x1 ./main.o
 .bss.c1.1478   0x008001b5        0x1 ./main.o
 *(COMMON)
                0x008001b6                PROVIDE (__bss_end, .)
                0x000064d2                __data_load_start = LOADADDR (.data)
                0x000065ea                __data_load_end = (__data_load_start + SIZEOF (.data))

.noinit         0x008001b6        0x0
                0x008001b6                PROVIDE (__noinit_start, .)
 *(.noinit*)
                0x008001b6                PROVIDE (__noinit_end, .)
                0x008001b6                _end = .
                0x008001b6                PROVIDE (__heap_start, .)

.eeprom         0x00810000        0x0
 *(.eeprom*)
                0x00810000                __eeprom_end = .

.fuse
 *(.fuse)
 *(.lfuse)
 *(.hfuse)
 *(.efuse)

.lock
 *(.lock*)

.signature
 *(.signature*)

.stab           0x00000000     0x5aa8
 *(.stab)
 .stab          0x00000000      0x2dc ./MCAL/WDT/WDT_Program.o
 .stab          0x000002dc      0x7a4 ./MCAL/USART/USART_Program.o
                                0x7b0 (size before relaxing)
 .stab          0x00000a80      0x714 ./MCAL/TWI/TWI_Program.o
                                0x720 (size before relaxing)
 .stab          0x00001194      0xae0 ./MCAL/TIMERS/TIMERS_Program.o
                                0xaec (size before relaxing)
 .stab          0x00001c74      0x708 ./MCAL/SPI/SPI_Program.o
                                0x714 (size before relaxing)
 .stab          0x0000237c      0x204 ./MCAL/GIE/GIE_Program.o
                                0x210 (size before relaxing)
 .stab          0x00002580      0x558 ./MCAL/EXTI/EXTI_Program.o
                                0x564 (size before relaxing)
 .stab          0x00002ad8      0x4e0 ./MCAL/EEPROM/EEPROM_Program.o
                                0x4ec (size before relaxing)
 .stab          0x00002fb8      0x870 ./MCAL/DIO/DIO_Program.o
                                0x87c (size before relaxing)
 .stab          0x00003828      0x5a0 ./MCAL/ADC/ADC_Program.o
                                0x5ac (size before relaxing)
 .stab          0x00003dc8      0x2b8 ./HAL/STEPPER/STEPPER_Program.o
                                0x45c (size before relaxing)
 .stab          0x00004080      0x210 ./HAL/LM35/LM35_Program.o
                                0x21c (size before relaxing)
 .stab          0x00004290      0x66c ./HAL/LCD/LCD_Program.o
                                0x810 (size before relaxing)
 .stab          0x000048fc      0x4e0 ./HAL/KEYPAD/KEYPAD_Program.o
                                0x684 (size before relaxing)
 .stab          0x00004ddc      0x258 ./HAL/FAN/FAN_Program.o
                                0x264 (size before relaxing)
 .stab          0x00005034      0x294 ./HAL/DCMOTOR/DCMOTOR_Program.o
                                0x2a0 (size before relaxing)
 .stab          0x000052c8      0x7e0 ./main.o
                                0x9a8 (size before relaxing)

.stabstr        0x00000000     0x22f2
 *(.stabstr)
 .stabstr       0x00000000     0x22f2 ./MCAL/WDT/WDT_Program.o

.stab.excl
 *(.stab.excl)

.stab.exclstr
 *(.stab.exclstr)

.stab.index
 *(.stab.index)

.stab.indexstr
 *(.stab.indexstr)

.comment
 *(.comment)

.debug
 *(.debug)

.line
 *(.line)

.debug_srcinfo
 *(.debug_srcinfo)

.debug_sfnames
 *(.debug_sfnames)

.debug_aranges  0x00000000      0x1e0
 *(.debug_aranges)
 .debug_aranges
                0x00000000       0x20 c:/winavr/bin/../lib/gcc/avr/4.3.3/avr5\libgcc.a(_ashldi3.o)
 .debug_aranges
                0x00000020       0x20 c:/winavr/bin/../lib/gcc/avr/4.3.3/avr5\libgcc.a(_fixunssfsi.o)
 .debug_aranges
                0x00000040       0x20 c:/winavr/bin/../lib/gcc/avr/4.3.3/avr5\libgcc.a(_divdi3.o)
 .debug_aranges
                0x00000060       0x20 c:/winavr/bin/../lib/gcc/avr/4.3.3/avr5\libgcc.a(_moddi3.o)
 .debug_aranges
                0x00000080       0x20 c:/winavr/bin/../lib/gcc/avr/4.3.3/avr5\libgcc.a(_udivdi3.o)
 .debug_aranges
                0x000000a0       0x20 c:/winavr/bin/../lib/gcc/avr/4.3.3/avr5\libgcc.a(_umoddi3.o)
 .debug_aranges
                0x000000c0       0x20 c:/winavr/bin/../lib/gcc/avr/4.3.3/avr5\libgcc.a(_addsub_sf.o)
 .debug_aranges
                0x000000e0       0x20 c:/winavr/bin/../lib/gcc/avr/4.3.3/avr5\libgcc.a(_mul_sf.o)
 .debug_aranges
                0x00000100       0x20 c:/winavr/bin/../lib/gcc/avr/4.3.3/avr5\libgcc.a(_ge_sf.o)
 .debug_aranges
                0x00000120       0x20 c:/winavr/bin/../lib/gcc/avr/4.3.3/avr5\libgcc.a(_sf_to_si.o)
 .debug_aranges
                0x00000140       0x20 c:/winavr/bin/../lib/gcc/avr/4.3.3/avr5\libgcc.a(_usi_to_sf.o)
 .debug_aranges
                0x00000160       0x20 c:/winavr/bin/../lib/gcc/avr/4.3.3/avr5\libgcc.a(_clzsi2.o)
 .debug_aranges
                0x00000180       0x20 c:/winavr/bin/../lib/gcc/avr/4.3.3/avr5\libgcc.a(_pack_sf.o)
 .debug_aranges
                0x000001a0       0x20 c:/winavr/bin/../lib/gcc/avr/4.3.3/avr5\libgcc.a(_unpack_sf.o)
 .debug_aranges
                0x000001c0       0x20 c:/winavr/bin/../lib/gcc/avr/4.3.3/avr5\libgcc.a(_fpcmp_parts_sf.o)

.debug_pubnames
                0x00000000      0x235
 *(.debug_pubnames)
 .debug_pubnames
                0x00000000       0x20 c:/winavr/bin/../lib/gcc/avr/4.3.3/avr5\libgcc.a(_ashldi3.o)
 .debug_pubnames
                0x00000020       0x23 c:/winavr/bin/../lib/gcc/avr/4.3.3/avr5\libgcc.a(_fixunssfsi.o)
 .debug_pubnames
                0x00000043       0x1f c:/winavr/bin/../lib/gcc/avr/4.3.3/avr5\libgcc.a(_divdi3.o)
 .debug_pubnames
                0x00000062       0x1f c:/winavr/bin/../lib/gcc/avr/4.3.3/avr5\libgcc.a(_moddi3.o)
 .debug_pubnames
                0x00000081       0x20 c:/winavr/bin/../lib/gcc/avr/4.3.3/avr5\libgcc.a(_udivdi3.o)
 .debug_pubnames
                0x000000a1       0x20 c:/winavr/bin/../lib/gcc/avr/4.3.3/avr5\libgcc.a(_umoddi3.o)
 .debug_pubnames
                0x000000c1       0x2c c:/winavr/bin/../lib/gcc/avr/4.3.3/avr5\libgcc.a(_addsub_sf.o)
 .debug_pubnames
                0x000000ed       0x1f c:/winavr/bin/../lib/gcc/avr/4.3.3/avr5\libgcc.a(_mul_sf.o)
 .debug_pubnames
                0x0000010c       0x1e c:/winavr/bin/../lib/gcc/avr/4.3.3/avr5\libgcc.a(_ge_sf.o)
 .debug_pubnames
                0x0000012a       0x20 c:/winavr/bin/../lib/gcc/avr/4.3.3/avr5\libgcc.a(_sf_to_si.o)
 .debug_pubnames
                0x0000014a       0x22 c:/winavr/bin/../lib/gcc/avr/4.3.3/avr5\libgcc.a(_thenan_sf.o)
 .debug_pubnames
                0x0000016c       0x24 c:/winavr/bin/../lib/gcc/avr/4.3.3/avr5\libgcc.a(_usi_to_sf.o)
 .debug_pubnames
                0x00000190       0x20 c:/winavr/bin/../lib/gcc/avr/4.3.3/avr5\libgcc.a(_clz.o)
 .debug_pubnames
                0x000001b0       0x1f c:/winavr/bin/../lib/gcc/avr/4.3.3/avr5\libgcc.a(_clzsi2.o)
 .debug_pubnames
                0x000001cf       0x1f c:/winavr/bin/../lib/gcc/avr/4.3.3/avr5\libgcc.a(_pack_sf.o)
 .debug_pubnames
                0x000001ee       0x21 c:/winavr/bin/../lib/gcc/avr/4.3.3/avr5\libgcc.a(_unpack_sf.o)
 .debug_pubnames
                0x0000020f       0x26 c:/winavr/bin/../lib/gcc/avr/4.3.3/avr5\libgcc.a(_fpcmp_parts_sf.o)

.debug_info     0x00000000     0x39dc
 *(.debug_info)
 .debug_info    0x00000000      0x17f c:/winavr/bin/../lib/gcc/avr/4.3.3/avr5\libgcc.a(_ashldi3.o)
 .debug_info    0x0000017f       0xb1 c:/winavr/bin/../lib/gcc/avr/4.3.3/avr5\libgcc.a(_fixunssfsi.o)
 .debug_info    0x00000230      0x756 c:/winavr/bin/../lib/gcc/avr/4.3.3/avr5\libgcc.a(_divdi3.o)
 .debug_info    0x00000986      0x781 c:/winavr/bin/../lib/gcc/avr/4.3.3/avr5\libgcc.a(_moddi3.o)
 .debug_info    0x00001107      0x71e c:/winavr/bin/../lib/gcc/avr/4.3.3/avr5\libgcc.a(_udivdi3.o)
 .debug_info    0x00001825      0x757 c:/winavr/bin/../lib/gcc/avr/4.3.3/avr5\libgcc.a(_umoddi3.o)
 .debug_info    0x00001f7c      0x47a c:/winavr/bin/../lib/gcc/avr/4.3.3/avr5\libgcc.a(_addsub_sf.o)
 .debug_info    0x000023f6      0x485 c:/winavr/bin/../lib/gcc/avr/4.3.3/avr5\libgcc.a(_mul_sf.o)
 .debug_info    0x0000287b      0x27f c:/winavr/bin/../lib/gcc/avr/4.3.3/avr5\libgcc.a(_ge_sf.o)
 .debug_info    0x00002afa      0x2b0 c:/winavr/bin/../lib/gcc/avr/4.3.3/avr5\libgcc.a(_sf_to_si.o)
 .debug_info    0x00002daa      0x12c c:/winavr/bin/../lib/gcc/avr/4.3.3/avr5\libgcc.a(_thenan_sf.o)
 .debug_info    0x00002ed6      0x206 c:/winavr/bin/../lib/gcc/avr/4.3.3/avr5\libgcc.a(_usi_to_sf.o)
 .debug_info    0x000030dc       0xa9 c:/winavr/bin/../lib/gcc/avr/4.3.3/avr5\libgcc.a(_clz.o)
 .debug_info    0x00003185      0x117 c:/winavr/bin/../lib/gcc/avr/4.3.3/avr5\libgcc.a(_clzsi2.o)
 .debug_info    0x0000329c      0x2df c:/winavr/bin/../lib/gcc/avr/4.3.3/avr5\libgcc.a(_pack_sf.o)
 .debug_info    0x0000357b      0x251 c:/winavr/bin/../lib/gcc/avr/4.3.3/avr5\libgcc.a(_unpack_sf.o)
 .debug_info    0x000037cc      0x210 c:/winavr/bin/../lib/gcc/avr/4.3.3/avr5\libgcc.a(_fpcmp_parts_sf.o)
 *(.gnu.linkonce.wi.*)

.debug_abbrev   0x00000000     0x15f9
 *(.debug_abbrev)
 .debug_abbrev  0x00000000       0xee c:/winavr/bin/../lib/gcc/avr/4.3.3/avr5\libgcc.a(_ashldi3.o)
 .debug_abbrev  0x000000ee       0x5d c:/winavr/bin/../lib/gcc/avr/4.3.3/avr5\libgcc.a(_fixunssfsi.o)
 .debug_abbrev  0x0000014b      0x19f c:/winavr/bin/../lib/gcc/avr/4.3.3/avr5\libgcc.a(_divdi3.o)
 .debug_abbrev  0x000002ea      0x19f c:/winavr/bin/../lib/gcc/avr/4.3.3/avr5\libgcc.a(_moddi3.o)
 .debug_abbrev  0x00000489      0x181 c:/winavr/bin/../lib/gcc/avr/4.3.3/avr5\libgcc.a(_udivdi3.o)
 .debug_abbrev  0x0000060a      0x190 c:/winavr/bin/../lib/gcc/avr/4.3.3/avr5\libgcc.a(_umoddi3.o)
 .debug_abbrev  0x0000079a      0x1ea c:/winavr/bin/../lib/gcc/avr/4.3.3/avr5\libgcc.a(_addsub_sf.o)
 .debug_abbrev  0x00000984      0x21b c:/winavr/bin/../lib/gcc/avr/4.3.3/avr5\libgcc.a(_mul_sf.o)
 .debug_abbrev  0x00000b9f      0x15a c:/winavr/bin/../lib/gcc/avr/4.3.3/avr5\libgcc.a(_ge_sf.o)
 .debug_abbrev  0x00000cf9      0x17f c:/winavr/bin/../lib/gcc/avr/4.3.3/avr5\libgcc.a(_sf_to_si.o)
 .debug_abbrev  0x00000e78       0xad c:/winavr/bin/../lib/gcc/avr/4.3.3/avr5\libgcc.a(_thenan_sf.o)
 .debug_abbrev  0x00000f25      0x157 c:/winavr/bin/../lib/gcc/avr/4.3.3/avr5\libgcc.a(_usi_to_sf.o)
 .debug_abbrev  0x0000107c       0x6a c:/winavr/bin/../lib/gcc/avr/4.3.3/avr5\libgcc.a(_clz.o)
 .debug_abbrev  0x000010e6       0xc4 c:/winavr/bin/../lib/gcc/avr/4.3.3/avr5\libgcc.a(_clzsi2.o)
 .debug_abbrev  0x000011aa      0x1c0 c:/winavr/bin/../lib/gcc/avr/4.3.3/avr5\libgcc.a(_pack_sf.o)
 .debug_abbrev  0x0000136a      0x154 c:/winavr/bin/../lib/gcc/avr/4.3.3/avr5\libgcc.a(_unpack_sf.o)
 .debug_abbrev  0x000014be      0x13b c:/winavr/bin/../lib/gcc/avr/4.3.3/avr5\libgcc.a(_fpcmp_parts_sf.o)

.debug_line     0x00000000     0x17e2
 *(.debug_line)
 .debug_line    0x00000000       0xd7 c:/winavr/bin/../lib/gcc/avr/4.3.3/avr5\libgcc.a(_ashldi3.o)
 .debug_line    0x000000d7       0xa7 c:/winavr/bin/../lib/gcc/avr/4.3.3/avr5\libgcc.a(_fixunssfsi.o)
 .debug_line    0x0000017e      0x228 c:/winavr/bin/../lib/gcc/avr/4.3.3/avr5\libgcc.a(_divdi3.o)
 .debug_line    0x000003a6      0x280 c:/winavr/bin/../lib/gcc/avr/4.3.3/avr5\libgcc.a(_moddi3.o)
 .debug_line    0x00000626      0x1d8 c:/winavr/bin/../lib/gcc/avr/4.3.3/avr5\libgcc.a(_udivdi3.o)
 .debug_line    0x000007fe      0x230 c:/winavr/bin/../lib/gcc/avr/4.3.3/avr5\libgcc.a(_umoddi3.o)
 .debug_line    0x00000a2e      0x2af c:/winavr/bin/../lib/gcc/avr/4.3.3/avr5\libgcc.a(_addsub_sf.o)
 .debug_line    0x00000cdd      0x239 c:/winavr/bin/../lib/gcc/avr/4.3.3/avr5\libgcc.a(_mul_sf.o)
 .debug_line    0x00000f16       0xd3 c:/winavr/bin/../lib/gcc/avr/4.3.3/avr5\libgcc.a(_ge_sf.o)
 .debug_line    0x00000fe9      0x109 c:/winavr/bin/../lib/gcc/avr/4.3.3/avr5\libgcc.a(_sf_to_si.o)
 .debug_line    0x000010f2       0x90 c:/winavr/bin/../lib/gcc/avr/4.3.3/avr5\libgcc.a(_thenan_sf.o)
 .debug_line    0x00001182      0x133 c:/winavr/bin/../lib/gcc/avr/4.3.3/avr5\libgcc.a(_usi_to_sf.o)
 .debug_line    0x000012b5       0x7c c:/winavr/bin/../lib/gcc/avr/4.3.3/avr5\libgcc.a(_clz.o)
 .debug_line    0x00001331       0xa5 c:/winavr/bin/../lib/gcc/avr/4.3.3/avr5\libgcc.a(_clzsi2.o)
 .debug_line    0x000013d6      0x18a c:/winavr/bin/../lib/gcc/avr/4.3.3/avr5\libgcc.a(_pack_sf.o)
 .debug_line    0x00001560      0x14b c:/winavr/bin/../lib/gcc/avr/4.3.3/avr5\libgcc.a(_unpack_sf.o)
 .debug_line    0x000016ab      0x137 c:/winavr/bin/../lib/gcc/avr/4.3.3/avr5\libgcc.a(_fpcmp_parts_sf.o)

.debug_frame    0x00000000      0x200
 *(.debug_frame)
 .debug_frame   0x00000000       0x20 c:/winavr/bin/../lib/gcc/avr/4.3.3/avr5\libgcc.a(_ashldi3.o)
 .debug_frame   0x00000020       0x20 c:/winavr/bin/../lib/gcc/avr/4.3.3/avr5\libgcc.a(_fixunssfsi.o)
 .debug_frame   0x00000040       0x20 c:/winavr/bin/../lib/gcc/avr/4.3.3/avr5\libgcc.a(_divdi3.o)
 .debug_frame   0x00000060       0x20 c:/winavr/bin/../lib/gcc/avr/4.3.3/avr5\libgcc.a(_moddi3.o)
 .debug_frame   0x00000080       0x20 c:/winavr/bin/../lib/gcc/avr/4.3.3/avr5\libgcc.a(_udivdi3.o)
 .debug_frame   0x000000a0       0x20 c:/winavr/bin/../lib/gcc/avr/4.3.3/avr5\libgcc.a(_umoddi3.o)
 .debug_frame   0x000000c0       0x40 c:/winavr/bin/../lib/gcc/avr/4.3.3/avr5\libgcc.a(_addsub_sf.o)
 .debug_frame   0x00000100       0x20 c:/winavr/bin/../lib/gcc/avr/4.3.3/avr5\libgcc.a(_mul_sf.o)
 .debug_frame   0x00000120       0x20 c:/winavr/bin/../lib/gcc/avr/4.3.3/avr5\libgcc.a(_ge_sf.o)
 .debug_frame   0x00000140       0x20 c:/winavr/bin/../lib/gcc/avr/4.3.3/avr5\libgcc.a(_sf_to_si.o)
 .debug_frame   0x00000160       0x20 c:/winavr/bin/../lib/gcc/avr/4.3.3/avr5\libgcc.a(_usi_to_sf.o)
 .debug_frame   0x00000180       0x20 c:/winavr/bin/../lib/gcc/avr/4.3.3/avr5\libgcc.a(_clzsi2.o)
 .debug_frame   0x000001a0       0x20 c:/winavr/bin/../lib/gcc/avr/4.3.3/avr5\libgcc.a(_pack_sf.o)
 .debug_frame   0x000001c0       0x20 c:/winavr/bin/../lib/gcc/avr/4.3.3/avr5\libgcc.a(_unpack_sf.o)
 .debug_frame   0x000001e0       0x20 c:/winavr/bin/../lib/gcc/avr/4.3.3/avr5\libgcc.a(_fpcmp_parts_sf.o)

.debug_str      0x00000000      0x366
 *(.debug_str)
 .debug_str     0x00000000       0xdf c:/winavr/bin/../lib/gcc/avr/4.3.3/avr5\libgcc.a(_ashldi3.o)
                                0x131 (size before relaxing)
 .debug_str     0x000000df       0x14 c:/winavr/bin/../lib/gcc/avr/4.3.3/avr5\libgcc.a(_fixunssfsi.o)
                                 0xfe (size before relaxing)
 .debug_str     0x000000f3       0x7b c:/winavr/bin/../lib/gcc/avr/4.3.3/avr5\libgcc.a(_divdi3.o)
                                0x189 (size before relaxing)
 .debug_str     0x0000016e        0x9 c:/winavr/bin/../lib/gcc/avr/4.3.3/avr5\libgcc.a(_moddi3.o)
                                0x189 (size before relaxing)
 .debug_str     0x00000177        0xa c:/winavr/bin/../lib/gcc/avr/4.3.3/avr5\libgcc.a(_udivdi3.o)
                                0x18a (size before relaxing)
 .debug_str     0x00000181        0xa c:/winavr/bin/../lib/gcc/avr/4.3.3/avr5\libgcc.a(_umoddi3.o)
                                0x18a (size before relaxing)
 .debug_str     0x0000018b      0x14d c:/winavr/bin/../lib/gcc/avr/4.3.3/avr5\libgcc.a(_addsub_sf.o)
                                0x206 (size before relaxing)
 .debug_str     0x000002d8       0x27 c:/winavr/bin/../lib/gcc/avr/4.3.3/avr5\libgcc.a(_mul_sf.o)
                                0x1bf (size before relaxing)
 .debug_str     0x000002ff        0x8 c:/winavr/bin/../lib/gcc/avr/4.3.3/avr5\libgcc.a(_ge_sf.o)
                                0x195 (size before relaxing)
 .debug_str     0x00000307        0xa c:/winavr/bin/../lib/gcc/avr/4.3.3/avr5\libgcc.a(_sf_to_si.o)
                                0x19e (size before relaxing)
 .debug_str     0x00000000      0x103 c:/winavr/bin/../lib/gcc/avr/4.3.3/avr5\libgcc.a(_thenan_sf.o)
 .debug_str     0x00000311       0x21 c:/winavr/bin/../lib/gcc/avr/4.3.3/avr5\libgcc.a(_usi_to_sf.o)
                                0x177 (size before relaxing)
 .debug_str     0x00000000       0xf4 c:/winavr/bin/../lib/gcc/avr/4.3.3/avr5\libgcc.a(_clz.o)
 .debug_str     0x00000332        0x9 c:/winavr/bin/../lib/gcc/avr/4.3.3/avr5\libgcc.a(_clzsi2.o)
                                0x111 (size before relaxing)
 .debug_str     0x0000033b       0x10 c:/winavr/bin/../lib/gcc/avr/4.3.3/avr5\libgcc.a(_pack_sf.o)
                                0x19d (size before relaxing)
 .debug_str     0x0000034b        0xb c:/winavr/bin/../lib/gcc/avr/4.3.3/avr5\libgcc.a(_unpack_sf.o)
                                0x17f (size before relaxing)
 .debug_str     0x00000356       0x10 c:/winavr/bin/../lib/gcc/avr/4.3.3/avr5\libgcc.a(_fpcmp_parts_sf.o)
                                0x163 (size before relaxing)

.debug_loc      0x00000000     0x3c46
 *(.debug_loc)
 .debug_loc     0x00000000       0xf8 c:/winavr/bin/../lib/gcc/avr/4.3.3/avr5\libgcc.a(_ashldi3.o)
 .debug_loc     0x000000f8       0x34 c:/winavr/bin/../lib/gcc/avr/4.3.3/avr5\libgcc.a(_fixunssfsi.o)
 .debug_loc     0x0000012c      0xe71 c:/winavr/bin/../lib/gcc/avr/4.3.3/avr5\libgcc.a(_divdi3.o)
 .debug_loc     0x00000f9d      0xb81 c:/winavr/bin/../lib/gcc/avr/4.3.3/avr5\libgcc.a(_moddi3.o)
 .debug_loc     0x00001b1e      0xe74 c:/winavr/bin/../lib/gcc/avr/4.3.3/avr5\libgcc.a(_udivdi3.o)
 .debug_loc     0x00002992      0xab2 c:/winavr/bin/../lib/gcc/avr/4.3.3/avr5\libgcc.a(_umoddi3.o)
 .debug_loc     0x00003444      0x32a c:/winavr/bin/../lib/gcc/avr/4.3.3/avr5\libgcc.a(_addsub_sf.o)
 .debug_loc     0x0000376e      0x104 c:/winavr/bin/../lib/gcc/avr/4.3.3/avr5\libgcc.a(_mul_sf.o)
 .debug_loc     0x00003872       0x3c c:/winavr/bin/../lib/gcc/avr/4.3.3/avr5\libgcc.a(_ge_sf.o)
 .debug_loc     0x000038ae       0x7e c:/winavr/bin/../lib/gcc/avr/4.3.3/avr5\libgcc.a(_sf_to_si.o)
 .debug_loc     0x0000392c       0x4c c:/winavr/bin/../lib/gcc/avr/4.3.3/avr5\libgcc.a(_usi_to_sf.o)
 .debug_loc     0x00003978       0x94 c:/winavr/bin/../lib/gcc/avr/4.3.3/avr5\libgcc.a(_clzsi2.o)
 .debug_loc     0x00003a0c      0x13e c:/winavr/bin/../lib/gcc/avr/4.3.3/avr5\libgcc.a(_pack_sf.o)
 .debug_loc     0x00003b4a       0xac c:/winavr/bin/../lib/gcc/avr/4.3.3/avr5\libgcc.a(_unpack_sf.o)
 .debug_loc     0x00003bf6       0x50 c:/winavr/bin/../lib/gcc/avr/4.3.3/avr5\libgcc.a(_fpcmp_parts_sf.o)

.debug_macinfo
 *(.debug_macinfo)
OUTPUT(AVR_1.elf elf32-avr)
LOAD linker stubs

.debug_ranges   0x00000000       0xb0
 .debug_ranges  0x00000000       0x18 c:/winavr/bin/../lib/gcc/avr/4.3.3/avr5\libgcc.a(_divdi3.o)
 .debug_ranges  0x00000018       0x18 c:/winavr/bin/../lib/gcc/avr/4.3.3/avr5\libgcc.a(_moddi3.o)
 .debug_ranges  0x00000030       0x18 c:/winavr/bin/../lib/gcc/avr/4.3.3/avr5\libgcc.a(_udivdi3.o)
 .debug_ranges  0x00000048       0x18 c:/winavr/bin/../lib/gcc/avr/4.3.3/avr5\libgcc.a(_umoddi3.o)
 .debug_ranges  0x00000060       0x50 c:/winavr/bin/../lib/gcc/avr/4.3.3/avr5\libgcc.a(_mul_sf.o)
