Archive member included because of file (symbol)

c:/winavr/bin/../lib/gcc/avr/4.3.3/avr5\libgcc.a(_exit.o)
                              c:/winavr/bin/../lib/gcc/avr/4.3.3/../../../../avr/lib/avr5/crtm32.o (exit)
c:/winavr/bin/../lib/gcc/avr/4.3.3/avr5\libgcc.a(_copy_data.o)
                              ./HAL/KEYPAD/KEYPAD_Program.o (__do_copy_data)
c:/winavr/bin/../lib/gcc/avr/4.3.3/avr5\libgcc.a(_clear_bss.o)
                              ./MCAL/USART/USART_Program.o (__do_clear_bss)
c:/winavr/bin/../lib/gcc/avr/4.3.3/avr5\libgcc.a(_ashldi3.o)
                              ./HAL/LCD/LCD_Program.o (__ashldi3)
c:/winavr/bin/../lib/gcc/avr/4.3.3/avr5\libgcc.a(_fixunssfsi.o)
                              ./HAL/LM35/LM35_Program.o (__fixunssfsi)
c:/winavr/bin/../lib/gcc/avr/4.3.3/avr5\libgcc.a(_divdi3.o)
                              ./HAL/LCD/LCD_Program.o (__divdi3)
c:/winavr/bin/../lib/gcc/avr/4.3.3/avr5\libgcc.a(_moddi3.o)
                              ./HAL/LCD/LCD_Program.o (__moddi3)
c:/winavr/bin/../lib/gcc/avr/4.3.3/avr5\libgcc.a(_udivdi3.o)
                              ./HAL/LCD/LCD_Program.o (__udivdi3)
c:/winavr/bin/../lib/gcc/avr/4.3.3/avr5\libgcc.a(_umoddi3.o)
                              ./HAL/LCD/LCD_Program.o (__umoddi3)
c:/winavr/bin/../lib/gcc/avr/4.3.3/avr5\libgcc.a(_addsub_sf.o)
                              c:/winavr/bin/../lib/gcc/avr/4.3.3/avr5\libgcc.a(_fixunssfsi.o) (__subsf3)
c:/winavr/bin/../lib/gcc/avr/4.3.3/avr5\libgcc.a(_mul_sf.o)
                              ./HAL/LM35/LM35_Program.o (__mulsf3)
c:/winavr/bin/../lib/gcc/avr/4.3.3/avr5\libgcc.a(_ge_sf.o)
                              c:/winavr/bin/../lib/gcc/avr/4.3.3/avr5\libgcc.a(_fixunssfsi.o) (__gesf2)
c:/winavr/bin/../lib/gcc/avr/4.3.3/avr5\libgcc.a(_sf_to_si.o)
                              c:/winavr/bin/../lib/gcc/avr/4.3.3/avr5\libgcc.a(_fixunssfsi.o) (__fixsfsi)
c:/winavr/bin/../lib/gcc/avr/4.3.3/avr5\libgcc.a(_thenan_sf.o)
                              c:/winavr/bin/../lib/gcc/avr/4.3.3/avr5\libgcc.a(_addsub_sf.o) (__thenan_sf)
c:/winavr/bin/../lib/gcc/avr/4.3.3/avr5\libgcc.a(_usi_to_sf.o)
                              ./HAL/LM35/LM35_Program.o (__floatunsisf)
c:/winavr/bin/../lib/gcc/avr/4.3.3/avr5\libgcc.a(_mulsi3.o)
                              c:/winavr/bin/../lib/gcc/avr/4.3.3/avr5\libgcc.a(_divdi3.o) (__mulsi3)
c:/winavr/bin/../lib/gcc/avr/4.3.3/avr5\libgcc.a(_udivmodsi4.o)
                              c:/winavr/bin/../lib/gcc/avr/4.3.3/avr5\libgcc.a(_divdi3.o) (__udivmodsi4)
c:/winavr/bin/../lib/gcc/avr/4.3.3/avr5\libgcc.a(_prologue.o)
                              c:/winavr/bin/../lib/gcc/avr/4.3.3/avr5\libgcc.a(_divdi3.o) (__prologue_saves__)
c:/winavr/bin/../lib/gcc/avr/4.3.3/avr5\libgcc.a(_epilogue.o)
                              c:/winavr/bin/../lib/gcc/avr/4.3.3/avr5\libgcc.a(_divdi3.o) (__epilogue_restores__)
c:/winavr/bin/../lib/gcc/avr/4.3.3/avr5\libgcc.a(_clz.o)
                              c:/winavr/bin/../lib/gcc/avr/4.3.3/avr5\libgcc.a(_divdi3.o) (__clz_tab)
c:/winavr/bin/../lib/gcc/avr/4.3.3/avr5\libgcc.a(_clzsi2.o)
                              c:/winavr/bin/../lib/gcc/avr/4.3.3/avr5\libgcc.a(_usi_to_sf.o) (__clzsi2)
c:/winavr/bin/../lib/gcc/avr/4.3.3/avr5\libgcc.a(_pack_sf.o)
                              c:/winavr/bin/../lib/gcc/avr/4.3.3/avr5\libgcc.a(_addsub_sf.o) (__pack_f)
c:/winavr/bin/../lib/gcc/avr/4.3.3/avr5\libgcc.a(_unpack_sf.o)
                              c:/winavr/bin/../lib/gcc/avr/4.3.3/avr5\libgcc.a(_addsub_sf.o) (__unpack_f)
c:/winavr/bin/../lib/gcc/avr/4.3.3/avr5\libgcc.a(_fpcmp_parts_sf.o)
                              c:/winavr/bin/../lib/gcc/avr/4.3.3/avr5\libgcc.a(_ge_sf.o) (__fpcmp_parts_f)
c:/winavr/bin/../lib/gcc/avr/4.3.3/../../../../avr/lib/avr5\libc.a(memcpy.o)
                              ./FREE_RTOS/queue.o (memcpy)
c:/winavr/bin/../lib/gcc/avr/4.3.3/../../../../avr/lib/avr5\libc.a(memset.o)
                              ./FREE_RTOS/tasks.o (memset)
c:/winavr/bin/../lib/gcc/avr/4.3.3/../../../../avr/lib/avr5\libc.a(strncpy.o)
                              ./FREE_RTOS/tasks.o (strncpy)

Memory Configuration

Name             Origin             Length             Attributes
text             0x00000000         0x00020000         xr
data             0x00800060         0x0000ffa0         rw !x
eeprom           0x00810000         0x00010000         rw !x
fuse             0x00820000         0x00000400         rw !x
lock             0x00830000         0x00000400         rw !x
signature        0x00840000         0x00000400         rw !x
*default*        0x00000000         0xffffffff

Linker script and memory map

LOAD c:/winavr/bin/../lib/gcc/avr/4.3.3/../../../../avr/lib/avr5/crtm32.o
LOAD ./MCAL/WDT/WDT_Program.o
LOAD ./MCAL/USART/USART_Program.o
LOAD ./MCAL/TWI/TWI_Program.o
LOAD ./MCAL/TIMERS/TIMERS_Program.o
LOAD ./MCAL/SPI_NEW/SPI.o
LOAD ./MCAL/SPI/SPI_Program.o
LOAD ./MCAL/PORT/PORT_Program.o
LOAD ./MCAL/LED/LED_Program.o
LOAD ./MCAL/EXTI/EXTI_Program.o
LOAD ./MCAL/EEPROM/EEPROM_Program.o
LOAD ./MCAL/DIO/DIO_Program.o
LOAD ./MCAL/BUZZER/BUZZER_Program.o
LOAD ./MCAL/ADC/ADC_Program.o
LOAD ./HAL/STEPPER/STEPPER_Program.o
LOAD ./HAL/LM35/LM35_Program.o
LOAD ./HAL/LCD/LCD_Program.o
LOAD ./HAL/KEYPAD/KEYPAD_Program.o
LOAD ./HAL/DCMOTOR/DCMOTOR_Program.o
LOAD ./FREE_RTOS/croutine.o
LOAD ./FREE_RTOS/heap_1.o
LOAD ./FREE_RTOS/list.o
LOAD ./FREE_RTOS/port.o
LOAD ./FREE_RTOS/queue.o
LOAD ./FREE_RTOS/tasks.o
LOAD ./FREE_RTOS/timers.o
LOAD ./main.o
LOAD c:/winavr/bin/../lib/gcc/avr/4.3.3/avr5\libgcc.a
LOAD c:/winavr/bin/../lib/gcc/avr/4.3.3/../../../../avr/lib/avr5\libc.a
LOAD c:/winavr/bin/../lib/gcc/avr/4.3.3/avr5\libgcc.a

.hash
 *(.hash)

.dynsym
 *(.dynsym)

.dynstr
 *(.dynstr)

.gnu.version
 *(.gnu.version)

.gnu.version_d
 *(.gnu.version_d)

.gnu.version_r
 *(.gnu.version_r)

.rel.init
 *(.rel.init)

.rela.init
 *(.rela.init)

.rel.text
 *(.rel.text)
 *(.rel.text.*)
 *(.rel.gnu.linkonce.t*)

.rela.text
 *(.rela.text)
 *(.rela.text.*)
 *(.rela.gnu.linkonce.t*)

.rel.fini
 *(.rel.fini)

.rela.fini
 *(.rela.fini)

.rel.rodata
 *(.rel.rodata)
 *(.rel.rodata.*)
 *(.rel.gnu.linkonce.r*)

.rela.rodata
 *(.rela.rodata)
 *(.rela.rodata.*)
 *(.rela.gnu.linkonce.r*)

.rel.data
 *(.rel.data)
 *(.rel.data.*)
 *(.rel.gnu.linkonce.d*)

.rela.data
 *(.rela.data)
 *(.rela.data.*)
 *(.rela.gnu.linkonce.d*)

.rel.ctors
 *(.rel.ctors)

.rela.ctors
 *(.rela.ctors)

.rel.dtors
 *(.rel.dtors)

.rela.dtors
 *(.rela.dtors)

.rel.got
 *(.rel.got)

.rela.got
 *(.rela.got)

.rel.bss
 *(.rel.bss)

.rela.bss
 *(.rela.bss)

.rel.plt
 *(.rel.plt)

.rela.plt
 *(.rela.plt)

.text           0x00000000     0x7c8e
 *(.vectors)
 .vectors       0x00000000       0x54 c:/winavr/bin/../lib/gcc/avr/4.3.3/../../../../avr/lib/avr5/crtm32.o
                0x00000000                __vectors
                0x00000000                __vector_default
 *(.vectors)
 *(.progmem.gcc*)
 *(.progmem*)
                0x00000054                . = ALIGN (0x2)
                0x00000054                __trampolines_start = .
 *(.trampolines)
 .trampolines   0x00000054        0x0 linker stubs
 *(.trampolines*)
                0x00000054                __trampolines_end = .
 *(.jumptables)
 *(.jumptables*)
 *(.lowtext)
 *(.lowtext*)
                0x00000054                __ctors_start = .
 *(.ctors)
                0x00000054                __ctors_end = .
                0x00000054                __dtors_start = .
 *(.dtors)
                0x00000054                __dtors_end = .
 SORT(*)(.ctors)
 SORT(*)(.dtors)
 *(.init0)
 .init0         0x00000054        0x0 c:/winavr/bin/../lib/gcc/avr/4.3.3/../../../../avr/lib/avr5/crtm32.o
                0x00000054                __init
 *(.init0)
 *(.init1)
 *(.init1)
 *(.init2)
 .init2         0x00000054        0xc c:/winavr/bin/../lib/gcc/avr/4.3.3/../../../../avr/lib/avr5/crtm32.o
 *(.init2)
 *(.init3)
 *(.init3)
 *(.init4)
 .init4         0x00000060       0x16 c:/winavr/bin/../lib/gcc/avr/4.3.3/avr5\libgcc.a(_copy_data.o)
                0x00000060                __do_copy_data
 .init4         0x00000076       0x10 c:/winavr/bin/../lib/gcc/avr/4.3.3/avr5\libgcc.a(_clear_bss.o)
                0x00000076                __do_clear_bss
 *(.init4)
 *(.init5)
 *(.init5)
 *(.init6)
 *(.init6)
 *(.init7)
 *(.init7)
 *(.init8)
 *(.init8)
 *(.init9)
 .init9         0x00000086        0x8 c:/winavr/bin/../lib/gcc/avr/4.3.3/../../../../avr/lib/avr5/crtm32.o
 *(.init9)
 *(.text)
 .text          0x0000008e        0x4 c:/winavr/bin/../lib/gcc/avr/4.3.3/../../../../avr/lib/avr5/crtm32.o
                0x0000008e                __bad_interrupt
                0x0000008e                __vector_17
                0x0000008e                __vector_19
                0x0000008e                __vector_14
                0x0000008e                __vector_16
                0x0000008e                __vector_18
                0x0000008e                __vector_20
 .text          0x00000092        0x0 ./MCAL/WDT/WDT_Program.o
 .text          0x00000092        0x0 ./MCAL/USART/USART_Program.o
 .text          0x00000092        0x0 ./MCAL/TWI/TWI_Program.o
 .text          0x00000092        0x0 ./MCAL/TIMERS/TIMERS_Program.o
 .text          0x00000092        0x0 ./MCAL/SPI_NEW/SPI.o
 .text          0x00000092        0x0 ./MCAL/SPI/SPI_Program.o
 .text          0x00000092        0x0 ./MCAL/PORT/PORT_Program.o
 .text          0x00000092        0x0 ./MCAL/LED/LED_Program.o
 .text          0x00000092        0x0 ./MCAL/EXTI/EXTI_Program.o
 .text          0x00000092        0x0 ./MCAL/EEPROM/EEPROM_Program.o
 .text          0x00000092        0x0 ./MCAL/DIO/DIO_Program.o
 .text          0x00000092        0x0 ./MCAL/BUZZER/BUZZER_Program.o
 .text          0x00000092        0x0 ./MCAL/ADC/ADC_Program.o
 .text          0x00000092        0x0 ./HAL/STEPPER/STEPPER_Program.o
 .text          0x00000092        0x0 ./HAL/LM35/LM35_Program.o
 .text          0x00000092        0x0 ./HAL/LCD/LCD_Program.o
 .text          0x00000092        0x0 ./HAL/KEYPAD/KEYPAD_Program.o
 .text          0x00000092        0x0 ./HAL/DCMOTOR/DCMOTOR_Program.o
 .text          0x00000092        0x0 ./FREE_RTOS/croutine.o
 .text          0x00000092        0x0 ./FREE_RTOS/heap_1.o
 .text          0x00000092        0x0 ./FREE_RTOS/list.o
 .text          0x00000092        0x0 ./FREE_RTOS/port.o
 .text          0x00000092        0x0 ./FREE_RTOS/queue.o
 .text          0x00000092        0x0 ./FREE_RTOS/tasks.o
 .text          0x00000092        0x0 ./FREE_RTOS/timers.o
 .text          0x00000092        0x0 ./main.o
 .text          0x00000092        0x0 c:/winavr/bin/../lib/gcc/avr/4.3.3/avr5\libgcc.a(_exit.o)
 .text          0x00000092        0x0 c:/winavr/bin/../lib/gcc/avr/4.3.3/avr5\libgcc.a(_copy_data.o)
 .text          0x00000092        0x0 c:/winavr/bin/../lib/gcc/avr/4.3.3/avr5\libgcc.a(_clear_bss.o)
 .text          0x00000092       0xfe c:/winavr/bin/../lib/gcc/avr/4.3.3/avr5\libgcc.a(_ashldi3.o)
                0x00000092                __ashldi3
 .text          0x00000190       0x58 c:/winavr/bin/../lib/gcc/avr/4.3.3/avr5\libgcc.a(_fixunssfsi.o)
                0x00000190                __fixunssfsi
 .text          0x000001e8     0x1050 c:/winavr/bin/../lib/gcc/avr/4.3.3/avr5\libgcc.a(_divdi3.o)
                0x000001e8                __divdi3
 .text          0x00001238     0x107a c:/winavr/bin/../lib/gcc/avr/4.3.3/avr5\libgcc.a(_moddi3.o)
                0x00001238                __moddi3
 .text          0x000022b2      0xcea c:/winavr/bin/../lib/gcc/avr/4.3.3/avr5\libgcc.a(_udivdi3.o)
                0x000022b2                __udivdi3
 .text          0x00002f9c      0xce0 c:/winavr/bin/../lib/gcc/avr/4.3.3/avr5\libgcc.a(_umoddi3.o)
                0x00002f9c                __umoddi3
 .text          0x00003c7c      0x354 c:/winavr/bin/../lib/gcc/avr/4.3.3/avr5\libgcc.a(_addsub_sf.o)
                0x00003f14                __subsf3
                0x00003f76                __addsf3
 .text          0x00003fd0      0x1f4 c:/winavr/bin/../lib/gcc/avr/4.3.3/avr5\libgcc.a(_mul_sf.o)
                0x00003fd0                __mulsf3
 .text          0x000041c4       0x60 c:/winavr/bin/../lib/gcc/avr/4.3.3/avr5\libgcc.a(_ge_sf.o)
                0x000041c4                __gesf2
 .text          0x00004224       0xa8 c:/winavr/bin/../lib/gcc/avr/4.3.3/avr5\libgcc.a(_sf_to_si.o)
                0x00004224                __fixsfsi
 .text          0x000042cc        0x0 c:/winavr/bin/../lib/gcc/avr/4.3.3/avr5\libgcc.a(_thenan_sf.o)
 .text          0x000042cc       0xf2 c:/winavr/bin/../lib/gcc/avr/4.3.3/avr5\libgcc.a(_usi_to_sf.o)
                0x000042cc                __floatunsisf
 .text          0x000043be        0x0 c:/winavr/bin/../lib/gcc/avr/4.3.3/avr5\libgcc.a(_mulsi3.o)
 .text          0x000043be        0x0 c:/winavr/bin/../lib/gcc/avr/4.3.3/avr5\libgcc.a(_udivmodsi4.o)
 .text          0x000043be        0x0 c:/winavr/bin/../lib/gcc/avr/4.3.3/avr5\libgcc.a(_prologue.o)
 .text          0x000043be        0x0 c:/winavr/bin/../lib/gcc/avr/4.3.3/avr5\libgcc.a(_epilogue.o)
 .text          0x000043be        0x0 c:/winavr/bin/../lib/gcc/avr/4.3.3/avr5\libgcc.a(_clz.o)
 .text          0x000043be       0x9e c:/winavr/bin/../lib/gcc/avr/4.3.3/avr5\libgcc.a(_clzsi2.o)
                0x000043be                __clzsi2
 .text          0x0000445c      0x1aa c:/winavr/bin/../lib/gcc/avr/4.3.3/avr5\libgcc.a(_pack_sf.o)
                0x0000445c                __pack_f
 .text          0x00004606       0xf0 c:/winavr/bin/../lib/gcc/avr/4.3.3/avr5\libgcc.a(_unpack_sf.o)
                0x00004606                __unpack_f
 .text          0x000046f6       0xb2 c:/winavr/bin/../lib/gcc/avr/4.3.3/avr5\libgcc.a(_fpcmp_parts_sf.o)
                0x000046f6                __fpcmp_parts_f
 .text          0x000047a8        0x0 c:/winavr/bin/../lib/gcc/avr/4.3.3/../../../../avr/lib/avr5\libc.a(memcpy.o)
 .text          0x000047a8        0x0 c:/winavr/bin/../lib/gcc/avr/4.3.3/../../../../avr/lib/avr5\libc.a(memset.o)
 .text          0x000047a8        0x0 c:/winavr/bin/../lib/gcc/avr/4.3.3/../../../../avr/lib/avr5\libc.a(strncpy.o)
                0x000047a8                . = ALIGN (0x2)
 *(.text.*)
 .text.MWDT_SartWDT
                0x000047a8       0x80 ./MCAL/WDT/WDT_Program.o
                0x000047a8                MWDT_SartWDT
 .text.MWDT_StopWDT
                0x00004828        0xa ./MCAL/WDT/WDT_Program.o
                0x00004828                MWDT_StopWDT
 .text.USART_voidInit
                0x00004832       0x1c ./MCAL/USART/USART_Program.o
                0x00004832                USART_voidInit
 .text.USART_u8SendData
                0x0000484e       0x38 ./MCAL/USART/USART_Program.o
                0x0000484e                USART_u8SendData
 .text.USART_u8RecevieData
                0x00004886       0x3e ./MCAL/USART/USART_Program.o
                0x00004886                USART_u8RecevieData
 .text.USART_u8SendStringSynch
                0x000048c4       0x26 ./MCAL/USART/USART_Program.o
                0x000048c4                USART_u8SendStringSynch
 .text.USART_u8SendStringAsynch
                0x000048ea       0x40 ./MCAL/USART/USART_Program.o
                0x000048ea                USART_u8SendStringAsynch
 .text.USART_u8ReceiveBufferSynch
                0x0000492a       0x44 ./MCAL/USART/USART_Program.o
                0x0000492a                USART_u8ReceiveBufferSynch
 .text.USART_u8ReceiveBufferAsynch
                0x0000496e       0x42 ./MCAL/USART/USART_Program.o
                0x0000496e                USART_u8ReceiveBufferAsynch
 .text.__vector_13
                0x000049b0       0x7a ./MCAL/USART/USART_Program.o
                0x000049b0                __vector_13
 .text.__vector_15
                0x00004a2a       0x78 ./MCAL/USART/USART_Program.o
                0x00004a2a                __vector_15
 .text.TWI_voidInit
                0x00004aa2       0x10 ./MCAL/TWI/TWI_Program.o
                0x00004aa2                TWI_voidInit
 .text.TWI_enSendStartCondition
                0x00004ab2       0x1a ./MCAL/TWI/TWI_Program.o
                0x00004ab2                TWI_enSendStartCondition
 .text.TWI_enSendRepeatedStart
                0x00004acc        0xe ./MCAL/TWI/TWI_Program.o
                0x00004acc                TWI_enSendRepeatedStart
 .text.TWI_enSendSlaveAddressWithWriteCmd
                0x00004ada       0x1e ./MCAL/TWI/TWI_Program.o
                0x00004ada                TWI_enSendSlaveAddressWithWriteCmd
 .text.TWI_enSendSlaveAddressWithReadCmd
                0x00004af8       0x20 ./MCAL/TWI/TWI_Program.o
                0x00004af8                TWI_enSendSlaveAddressWithReadCmd
 .text.TWI_enSendByte
                0x00004b18       0x1c ./MCAL/TWI/TWI_Program.o
                0x00004b18                TWI_enSendByte
 .text.TWI_enReceiveByteAck
                0x00004b34       0x20 ./MCAL/TWI/TWI_Program.o
                0x00004b34                TWI_enReceiveByteAck
 .text.TWI_enReceiveByteNoAck
                0x00004b54       0x26 ./MCAL/TWI/TWI_Program.o
                0x00004b54                TWI_enReceiveByteNoAck
 .text.TWI_voidSendStopCondition
                0x00004b7a        0x6 ./MCAL/TWI/TWI_Program.o
                0x00004b7a                TWI_voidSendStopCondition
 .text.TIMER0_voidInit
                0x00004b80       0x24 ./MCAL/TIMERS/TIMERS_Program.o
                0x00004b80                TIMER0_voidInit
 .text.TIMER1_voidInit
                0x00004ba4       0x70 ./MCAL/TIMERS/TIMERS_Program.o
                0x00004ba4                TIMER1_voidInit
 .text.TIMER2_voidInit
                0x00004c14       0x2a ./MCAL/TIMERS/TIMERS_Program.o
                0x00004c14                TIMER2_voidInit
 .text.TIMER0_voidSetPreload
                0x00004c3e        0x4 ./MCAL/TIMERS/TIMERS_Program.o
                0x00004c3e                TIMER0_voidSetPreload
 .text.TIMER1_voidSetPreload
                0x00004c42        0x6 ./MCAL/TIMERS/TIMERS_Program.o
                0x00004c42                TIMER1_voidSetPreload
 .text.TIMER2_voidSetPreload
                0x00004c48        0x4 ./MCAL/TIMERS/TIMERS_Program.o
                0x00004c48                TIMER2_voidSetPreload
 .text.TIMER0_voidSetCTC
                0x00004c4c        0x4 ./MCAL/TIMERS/TIMERS_Program.o
                0x00004c4c                TIMER0_voidSetCTC
 .text.TIMER1_voidSetCTCA
                0x00004c50        0x6 ./MCAL/TIMERS/TIMERS_Program.o
                0x00004c50                TIMER1_voidSetCTCA
 .text.TIMER1_voidSetCTCB
                0x00004c56        0x6 ./MCAL/TIMERS/TIMERS_Program.o
                0x00004c56                TIMER1_voidSetCTCB
 .text.TIMER2_voidSetCTC
                0x00004c5c        0x4 ./MCAL/TIMERS/TIMERS_Program.o
                0x00004c5c                TIMER2_voidSetCTC
 .text.TIMER1_voidSetICR1
                0x00004c60        0x6 ./MCAL/TIMERS/TIMERS_Program.o
                0x00004c60                TIMER1_voidSetICR1
 .text.TIMER0_u8GetTimerCounterValue
                0x00004c66        0x4 ./MCAL/TIMERS/TIMERS_Program.o
                0x00004c66                TIMER0_u8GetTimerCounterValue
 .text.TIMER1_u16GetTimerCounterValue
                0x00004c6a        0x8 ./MCAL/TIMERS/TIMERS_Program.o
                0x00004c6a                TIMER1_u16GetTimerCounterValue
 .text.TIMER2_u8GetTimerCounterValue
                0x00004c72        0x4 ./MCAL/TIMERS/TIMERS_Program.o
                0x00004c72                TIMER2_u8GetTimerCounterValue
 .text.TIMER_voidSetPWM
                0x00004c76        0x6 ./MCAL/TIMERS/TIMERS_Program.o
                0x00004c76                TIMER_voidSetPWM
 .text.TIMER_voidICUInitEnable
                0x00004c7c        0xe ./MCAL/TIMERS/TIMERS_Program.o
                0x00004c7c                TIMER_voidICUInitEnable
 .text.TIMER_voidICUSetTriggerEdge
                0x00004c8a       0x20 ./MCAL/TIMERS/TIMERS_Program.o
                0x00004c8a                TIMER_voidICUSetTriggerEdge
 .text.TIMER_voidICUEnableInterrupt
                0x00004caa        0x8 ./MCAL/TIMERS/TIMERS_Program.o
                0x00004caa                TIMER_voidICUEnableInterrupt
 .text.TIMER_voidICUDisableInterrupt
                0x00004cb2        0x8 ./MCAL/TIMERS/TIMERS_Program.o
                0x00004cb2                TIMER_voidICUDisableInterrupt
 .text.TIMER_u16GetICR
                0x00004cba        0x8 ./MCAL/TIMERS/TIMERS_Program.o
                0x00004cba                TIMER_u16GetICR
 .text.TIMER_voidWDTSleep
                0x00004cc2        0xe ./MCAL/TIMERS/TIMERS_Program.o
                0x00004cc2                TIMER_voidWDTSleep
 .text.TIMER_voidWDTEnable
                0x00004cd0        0x8 ./MCAL/TIMERS/TIMERS_Program.o
                0x00004cd0                TIMER_voidWDTEnable
 .text.TIMER_voidWDTDisable
                0x00004cd8        0xa ./MCAL/TIMERS/TIMERS_Program.o
                0x00004cd8                TIMER_voidWDTDisable
 .text.TIMER_u8SetCallBack
                0x00004ce2       0x1c ./MCAL/TIMERS/TIMERS_Program.o
                0x00004ce2                TIMER_u8SetCallBack
 .text.__vector_11
                0x00004cfe       0x52 ./MCAL/TIMERS/TIMERS_Program.o
                0x00004cfe                __vector_11
 .text.__vector_10
                0x00004d50       0x52 ./MCAL/TIMERS/TIMERS_Program.o
                0x00004d50                __vector_10
 .text.__vector_9
                0x00004da2       0x52 ./MCAL/TIMERS/TIMERS_Program.o
                0x00004da2                __vector_9
 .text.__vector_8
                0x00004df4       0x52 ./MCAL/TIMERS/TIMERS_Program.o
                0x00004df4                __vector_8
 .text.__vector_6
                0x00004e46       0x52 ./MCAL/TIMERS/TIMERS_Program.o
                0x00004e46                __vector_6
 .text.__vector_5
                0x00004e98       0x52 ./MCAL/TIMERS/TIMERS_Program.o
                0x00004e98                __vector_5
 .text.__vector_4
                0x00004eea       0x52 ./MCAL/TIMERS/TIMERS_Program.o
                0x00004eea                __vector_4
 .text.Timer0_Interrupt_voidEnable
                0x00004f3c        0x8 ./MCAL/TIMERS/TIMERS_Program.o
                0x00004f3c                Timer0_Interrupt_voidEnable
 .text.Timer0_Interrupt_voidDisable
                0x00004f44        0x8 ./MCAL/TIMERS/TIMERS_Program.o
                0x00004f44                Timer0_Interrupt_voidDisable
 .text.SPI_Init
                0x00004f4c        0xe ./MCAL/SPI_NEW/SPI.o
                0x00004f4c                SPI_Init
 .text.SPI_SendReceieve
                0x00004f5a        0xa ./MCAL/SPI_NEW/SPI.o
                0x00004f5a                SPI_SendReceieve
 .text.SPI_Receieveperodic
                0x00004f64       0x12 ./MCAL/SPI_NEW/SPI.o
                0x00004f64                SPI_Receieveperodic
 .text.SPI_Receieve
                0x00004f76        0x4 ./MCAL/SPI_NEW/SPI.o
                0x00004f76                SPI_Receieve
 .text.SPI_Send
                0x00004f7a        0x4 ./MCAL/SPI_NEW/SPI.o
                0x00004f7a                SPI_Send
 .text.SPI_VoidInit
                0x00004f7e       0x14 ./MCAL/SPI/SPI_Program.o
                0x00004f7e                SPI_VoidInit
 .text.SPI_u8InitConfig
                0x00004f92       0xfc ./MCAL/SPI/SPI_Program.o
                0x00004f92                SPI_u8InitConfig
 .text.SPI_u8Tranceive
                0x0000508e       0x22 ./MCAL/SPI/SPI_Program.o
                0x0000508e                SPI_u8Tranceive
 .text.SPI_u8BufferTranceiverSynch
                0x000050b0       0x50 ./MCAL/SPI/SPI_Program.o
                0x000050b0                SPI_u8BufferTranceiverSynch
 .text.SPI_u8BufferTranceiverAsynch
                0x00005100       0x64 ./MCAL/SPI/SPI_Program.o
                0x00005100                SPI_u8BufferTranceiverAsynch
 .text.__vector_12
                0x00005164       0x88 ./MCAL/SPI/SPI_Program.o
                0x00005164                __vector_12
 .text.PORT_voidInit
                0x000051ec       0x16 ./MCAL/PORT/PORT_Program.o
                0x000051ec                PORT_voidInit
 .text.LED_voidToggle
                0x00005202       0x28 ./MCAL/LED/LED_Program.o
                0x00005202                LED_voidToggle
 .text.LED_voidOff
                0x0000522a       0x38 ./MCAL/LED/LED_Program.o
                0x0000522a                LED_voidOff
 .text.LED_voidOn
                0x00005262       0x38 ./MCAL/LED/LED_Program.o
                0x00005262                LED_voidOn
 .text.LED_voidInit
                0x0000529a       0x2a ./MCAL/LED/LED_Program.o
                0x0000529a                LED_voidInit
 .text.EXTI_voidInit
                0x000052c4       0x32 ./MCAL/EXTI/EXTI_Program.o
                0x000052c4                EXTI_voidInit
 .text.EXTI_u8SetInt0SenseControl
                0x000052f6       0x42 ./MCAL/EXTI/EXTI_Program.o
                0x000052f6                EXTI_u8SetInt0SenseControl
 .text.EXTI_u8SetInt1SenseControl
                0x00005338       0x42 ./MCAL/EXTI/EXTI_Program.o
                0x00005338                EXTI_u8SetInt1SenseControl
 .text.EXTI_u8SetInt2SenseControl
                0x0000537a       0x22 ./MCAL/EXTI/EXTI_Program.o
                0x0000537a                EXTI_u8SetInt2SenseControl
 .text.EXTI_u8Int0SetCallBack
                0x0000539c       0x14 ./MCAL/EXTI/EXTI_Program.o
                0x0000539c                EXTI_u8Int0SetCallBack
 .text.__vector_1
                0x000053b0       0x52 ./MCAL/EXTI/EXTI_Program.o
                0x000053b0                __vector_1
 .text.EXTI_u8Int1SetCallBack
                0x00005402       0x14 ./MCAL/EXTI/EXTI_Program.o
                0x00005402                EXTI_u8Int1SetCallBack
 .text.__vector_2
                0x00005416       0x52 ./MCAL/EXTI/EXTI_Program.o
                0x00005416                __vector_2
 .text.EXTI_u8Int2SetCallBack
                0x00005468       0x14 ./MCAL/EXTI/EXTI_Program.o
                0x00005468                EXTI_u8Int2SetCallBack
 .text.__vector_3
                0x0000547c       0x52 ./MCAL/EXTI/EXTI_Program.o
                0x0000547c                __vector_3
 .text.EEPROM_u8ReadDataByte
                0x000054ce       0x48 ./MCAL/EEPROM/EEPROM_Program.o
                0x000054ce                EEPROM_u8ReadDataByte
 .text.EEPROM_voidSendDataByte
                0x00005516       0x30 ./MCAL/EEPROM/EEPROM_Program.o
                0x00005516                EEPROM_voidSendDataByte
 .text.EEPROM_voidInit
                0x00005546        0x6 ./MCAL/EEPROM/EEPROM_Program.o
                0x00005546                EEPROM_voidInit
 .text.DIO_u8SetPortValue
                0x0000554c       0x28 ./MCAL/DIO/DIO_Program.o
                0x0000554c                DIO_u8SetPortValue
 .text.DIO_u8SetPortDirection
                0x00005574       0x28 ./MCAL/DIO/DIO_Program.o
                0x00005574                DIO_u8SetPortDirection
 .text.DIO_u8GetPortValue
                0x0000559c       0x38 ./MCAL/DIO/DIO_Program.o
                0x0000559c                DIO_u8GetPortValue
 .text.DIO_u8SetPinValue
                0x000055d4       0xf2 ./MCAL/DIO/DIO_Program.o
                0x000055d4                DIO_u8SetPinValue
 .text.DIO_u8SetPinDirection
                0x000056c6       0xf2 ./MCAL/DIO/DIO_Program.o
                0x000056c6                DIO_u8SetPinDirection
 .text.DIO_u8GetPinValue
                0x000057b8       0x3e ./MCAL/DIO/DIO_Program.o
                0x000057b8                DIO_u8GetPinValue
 .text.DIO_u8GetConnectPullUp
                0x000057f6      0x118 ./MCAL/DIO/DIO_Program.o
                0x000057f6                DIO_u8GetConnectPullUp
 .text.DIO_u8TogglePinValue
                0x0000590e       0x74 ./MCAL/DIO/DIO_Program.o
                0x0000590e                DIO_u8TogglePinValue
 .text.BUZ_voidToggle
                0x00005982       0x28 ./MCAL/BUZZER/BUZZER_Program.o
                0x00005982                BUZ_voidToggle
 .text.BUZ_voidOff
                0x000059aa       0x38 ./MCAL/BUZZER/BUZZER_Program.o
                0x000059aa                BUZ_voidOff
 .text.BUZ_voidOn
                0x000059e2       0x38 ./MCAL/BUZZER/BUZZER_Program.o
                0x000059e2                BUZ_voidOn
 .text.BUZ_voidInit
                0x00005a1a       0x2a ./MCAL/BUZZER/BUZZER_Program.o
                0x00005a1a                BUZ_voidInit
 .text.ADC_voidInit
                0x00005a44       0x14 ./MCAL/ADC/ADC_Program.o
                0x00005a44                ADC_voidInit
 .text.ADC_u16GetConversionReading
                0x00005a58       0xc8 ./MCAL/ADC/ADC_Program.o
                0x00005a58                ADC_u16GetConversionReading
 .text.STEPPER_voidRotate
                0x00005b20       0x5e ./HAL/STEPPER/STEPPER_Program.o
                0x00005b20                STEPPER_voidRotate
 .text.STEPPER_voidInit
                0x00005b7e       0x2a ./HAL/STEPPER/STEPPER_Program.o
                0x00005b7e                STEPPER_voidInit
 .text.LM35_u16GetTempReading
                0x00005ba8       0x24 ./HAL/LM35/LM35_Program.o
                0x00005ba8                LM35_u16GetTempReading
 .text.LM35_voidInit
                0x00005bcc        0x6 ./HAL/LM35/LM35_Program.o
                0x00005bcc                LM35_voidInit
 .text.LCD_voidSendData
                0x00005bd2       0x40 ./HAL/LCD/LCD_Program.o
                0x00005bd2                LCD_voidSendData
 .text.LCD_voidSendNumber
                0x00005c12      0x304 ./HAL/LCD/LCD_Program.o
                0x00005c12                LCD_voidSendNumber
 .text.LCD_voidSendString
                0x00005f16       0x26 ./HAL/LCD/LCD_Program.o
                0x00005f16                LCD_voidSendString
 .text.LCD_voidSendCommand
                0x00005f3c       0x40 ./HAL/LCD/LCD_Program.o
                0x00005f3c                LCD_voidSendCommand
 .text.LCD_voidClearScreen
                0x00005f7c        0x8 ./HAL/LCD/LCD_Program.o
                0x00005f7c                LCD_voidClearScreen
 .text.LCD_voidSetPosition
                0x00005f84       0x18 ./HAL/LCD/LCD_Program.o
                0x00005f84                LCD_voidSetPosition
 .text.LCD_voidSendCustomCharacter
                0x00005f9c       0x5a ./HAL/LCD/LCD_Program.o
                0x00005f9c                LCD_voidSendCustomCharacter
 .text.LCD_voidInit
                0x00005ff6       0x4c ./HAL/LCD/LCD_Program.o
                0x00005ff6                LCD_voidInit
 .text.KEYPAD_u8GetPressed
                0x00006042      0x106 ./HAL/KEYPAD/KEYPAD_Program.o
                0x00006042                KEYPAD_u8GetPressed
 .text.KEYPAD_Init
                0x00006148       0x7a ./HAL/KEYPAD/KEYPAD_Program.o
                0x00006148                KEYPAD_Init
 .text.MOTOR_voidStop
                0x000061c2       0x16 ./HAL/DCMOTOR/DCMOTOR_Program.o
                0x000061c2                MOTOR_voidStop
 .text.MOTOR_voidClockwise
                0x000061d8       0x16 ./HAL/DCMOTOR/DCMOTOR_Program.o
                0x000061d8                MOTOR_voidClockwise
 .text.MOTOR_voidCounterClockwise
                0x000061ee       0x16 ./HAL/DCMOTOR/DCMOTOR_Program.o
                0x000061ee                MOTOR_voidCounterClockwise
 .text.MOTOR_voidINIT
                0x00006204       0x16 ./HAL/DCMOTOR/DCMOTOR_Program.o
                0x00006204                MOTOR_voidINIT
 .text.xCoRoutineRemoveFromEventList
                0x0000621a       0x4e ./FREE_RTOS/croutine.o
                0x0000621a                xCoRoutineRemoveFromEventList
 .text.vCoRoutineSchedule
                0x00006268      0x1c0 ./FREE_RTOS/croutine.o
                0x00006268                vCoRoutineSchedule
 .text.vCoRoutineAddToDelayedList
                0x00006428       0x7a ./FREE_RTOS/croutine.o
                0x00006428                vCoRoutineAddToDelayedList
 .text.xCoRoutineCreate
                0x000064a2       0xf4 ./FREE_RTOS/croutine.o
                0x000064a2                xCoRoutineCreate
 .text.vPortFree
                0x00006596        0x2 ./FREE_RTOS/heap_1.o
                0x00006596                vPortFree
 .text.vPortInitialiseBlocks
                0x00006598        0xa ./FREE_RTOS/heap_1.o
                0x00006598                vPortInitialiseBlocks
 .text.xPortGetFreeHeapSize
                0x000065a2       0x14 ./FREE_RTOS/heap_1.o
                0x000065a2                xPortGetFreeHeapSize
 .text.pvPortMalloc
                0x000065b6       0x4e ./FREE_RTOS/heap_1.o
                0x000065b6                pvPortMalloc
 .text.vListInitialise
                0x00006604       0x20 ./FREE_RTOS/list.o
                0x00006604                vListInitialise
 .text.vListInitialiseItem
                0x00006624        0x8 ./FREE_RTOS/list.o
                0x00006624                vListInitialiseItem
 .text.vListInsertEnd
                0x0000662c       0x52 ./FREE_RTOS/list.o
                0x0000662c                vListInsertEnd
 .text.vListInsert
                0x0000667e       0x6a ./FREE_RTOS/list.o
                0x0000667e                vListInsert
 .text.vListRemove
                0x000066e8       0x50 ./FREE_RTOS/list.o
                0x000066e8                vListRemove
 .text.pxPortInitialiseStack
                0x00006738       0x90 ./FREE_RTOS/port.o
                0x00006738                pxPortInitialiseStack
 .text.xPortStartScheduler
                0x000067c8       0x6a ./FREE_RTOS/port.o
                0x000067c8                xPortStartScheduler
 .text.vPortEndScheduler
                0x00006832        0x2 ./FREE_RTOS/port.o
                0x00006832                vPortEndScheduler
 .text.vPortYieldFromTick
                0x00006834       0xb6 ./FREE_RTOS/port.o
                0x00006834                vPortYieldFromTick
 .text.__vector_7
                0x000068ea        0x6 ./FREE_RTOS/port.o
                0x000068ea                __vector_7
 .text.vPortYield
                0x000068f0       0xb2 ./FREE_RTOS/port.o
                0x000068f0                vPortYield
 .text.uxQueueMessagesWaiting
                0x000069a2       0x10 ./FREE_RTOS/queue.o
                0x000069a2                uxQueueMessagesWaiting
 .text.uxQueueMessagesWaitingFromISR
                0x000069b2        0x6 ./FREE_RTOS/queue.o
                0x000069b2                uxQueueMessagesWaitingFromISR
 .text.xQueueIsQueueEmptyFromISR
                0x000069b8       0x10 ./FREE_RTOS/queue.o
                0x000069b8                xQueueIsQueueEmptyFromISR
 .text.xQueueIsQueueFullFromISR
                0x000069c8       0x12 ./FREE_RTOS/queue.o
                0x000069c8                xQueueIsQueueFullFromISR
 .text.vQueueDelete
                0x000069da       0x1c ./FREE_RTOS/queue.o
                0x000069da                vQueueDelete
 .text.xQueueReceiveFromISR
                0x000069f6       0x7e ./FREE_RTOS/queue.o
                0x000069f6                xQueueReceiveFromISR
 .text.prvCopyDataToQueue
                0x00006a74       0x82 ./FREE_RTOS/queue.o
 .text.xQueueGenericSendFromISR
                0x00006af6       0x50 ./FREE_RTOS/queue.o
                0x00006af6                xQueueGenericSendFromISR
 .text.prvUnlockQueue
                0x00006b46       0x80 ./FREE_RTOS/queue.o
 .text.xQueueGenericReceive
                0x00006bc6      0x198 ./FREE_RTOS/queue.o
                0x00006bc6                xQueueGenericReceive
 .text.xQueueGenericSend
                0x00006d5e      0x148 ./FREE_RTOS/queue.o
                0x00006d5e                xQueueGenericSend
 .text.xQueueCreate
                0x00006ea6       0xbe ./FREE_RTOS/queue.o
                0x00006ea6                xQueueCreate
 .text.xQueueCreateCountingSemaphore
                0x00006f64       0x18 ./FREE_RTOS/queue.o
                0x00006f64                xQueueCreateCountingSemaphore
 .text.xTaskIsTaskSuspended
                0x00006f7c       0x28 ./FREE_RTOS/tasks.o
                0x00006f7c                xTaskIsTaskSuspended
 .text.vTaskSuspendAll
                0x00006fa4        0xc ./FREE_RTOS/tasks.o
                0x00006fa4                vTaskSuspendAll
 .text.xTaskGetTickCount
                0x00006fb0       0x16 ./FREE_RTOS/tasks.o
                0x00006fb0                xTaskGetTickCount
 .text.xTaskGetTickCountFromISR
                0x00006fc6        0xc ./FREE_RTOS/tasks.o
                0x00006fc6                xTaskGetTickCountFromISR
 .text.uxTaskGetNumberOfTasks
                0x00006fd2        0x6 ./FREE_RTOS/tasks.o
                0x00006fd2                uxTaskGetNumberOfTasks
 .text.vTaskSwitchContext
                0x00006fd8       0x84 ./FREE_RTOS/tasks.o
                0x00006fd8                vTaskSwitchContext
 .text.vTaskSetTimeOutState
                0x0000705c       0x16 ./FREE_RTOS/tasks.o
                0x0000705c                vTaskSetTimeOutState
 .text.xTaskCheckForTimeOut
                0x00007072       0x7c ./FREE_RTOS/tasks.o
                0x00007072                xTaskCheckForTimeOut
 .text.vTaskMissedYield
                0x000070ee        0x8 ./FREE_RTOS/tasks.o
                0x000070ee                vTaskMissedYield
 .text.xTaskRemoveFromEventList
                0x000070f6       0x7e ./FREE_RTOS/tasks.o
                0x000070f6                xTaskRemoveFromEventList
 .text.vTaskIncrementTick
                0x00007174      0x148 ./FREE_RTOS/tasks.o
                0x00007174                vTaskIncrementTick
 .text.xTaskResumeFromISR
                0x000072bc       0x9c ./FREE_RTOS/tasks.o
                0x000072bc                xTaskResumeFromISR
 .text.prvAddCurrentTaskToDelayedList
                0x00007358       0x6e ./FREE_RTOS/tasks.o
 .text.vTaskPlaceOnEventList
                0x000073c6       0x58 ./FREE_RTOS/tasks.o
                0x000073c6                vTaskPlaceOnEventList
 .text.xTaskResumeAll
                0x0000741e       0xf6 ./FREE_RTOS/tasks.o
                0x0000741e                xTaskResumeAll
 .text.vTaskResume
                0x00007514       0x92 ./FREE_RTOS/tasks.o
                0x00007514                vTaskResume
 .text.vTaskSuspend
                0x000075a6       0xa2 ./FREE_RTOS/tasks.o
                0x000075a6                vTaskSuspend
 .text.vTaskDelay
                0x00007648       0x4e ./FREE_RTOS/tasks.o
                0x00007648                vTaskDelay
 .text.vTaskDelayUntil
                0x00007696       0x78 ./FREE_RTOS/tasks.o
                0x00007696                vTaskDelayUntil
 .text.vTaskDelete
                0x0000770e       0x9a ./FREE_RTOS/tasks.o
                0x0000770e                vTaskDelete
 .text.vTaskEndScheduler
                0x000077a8        0xc ./FREE_RTOS/tasks.o
                0x000077a8                vTaskEndScheduler
 .text.prvIdleTask
                0x000077b4       0x66 ./FREE_RTOS/tasks.o
 .text.xTaskGenericCreate
                0x0000781a      0x252 ./FREE_RTOS/tasks.o
                0x0000781a                xTaskGenericCreate
 .text.vTaskStartScheduler
                0x00007a6c       0x56 ./FREE_RTOS/tasks.o
                0x00007a6c                vTaskStartScheduler
 .text.BUTTON   0x00007ac2       0x28 ./main.o
                0x00007ac2                BUTTON
 .text.LED      0x00007aea       0x22 ./main.o
                0x00007aea                LED
 .text.main     0x00007b0c       0x50 ./main.o
                0x00007b0c                main
 .text.libgcc   0x00007b5c        0x0 c:/winavr/bin/../lib/gcc/avr/4.3.3/avr5\libgcc.a(_exit.o)
 .text.libgcc   0x00007b5c        0x0 c:/winavr/bin/../lib/gcc/avr/4.3.3/avr5\libgcc.a(_copy_data.o)
 .text.libgcc   0x00007b5c        0x0 c:/winavr/bin/../lib/gcc/avr/4.3.3/avr5\libgcc.a(_clear_bss.o)
 .text.libgcc   0x00007b5c       0x3e c:/winavr/bin/../lib/gcc/avr/4.3.3/avr5\libgcc.a(_mulsi3.o)
                0x00007b5c                __mulsi3
 .text.libgcc   0x00007b9a       0x44 c:/winavr/bin/../lib/gcc/avr/4.3.3/avr5\libgcc.a(_udivmodsi4.o)
                0x00007b9a                __udivmodsi4
 .text.libgcc   0x00007bde       0x38 c:/winavr/bin/../lib/gcc/avr/4.3.3/avr5\libgcc.a(_prologue.o)
                0x00007bde                __prologue_saves__
 .text.libgcc   0x00007c16       0x36 c:/winavr/bin/../lib/gcc/avr/4.3.3/avr5\libgcc.a(_epilogue.o)
                0x00007c16                __epilogue_restores__
 .text.avr-libc
                0x00007c4c       0x12 c:/winavr/bin/../lib/gcc/avr/4.3.3/../../../../avr/lib/avr5\libc.a(memcpy.o)
                0x00007c4c                memcpy
 .text.avr-libc
                0x00007c5e        0xe c:/winavr/bin/../lib/gcc/avr/4.3.3/../../../../avr/lib/avr5\libc.a(memset.o)
                0x00007c5e                memset
 .text.avr-libc
                0x00007c6c       0x1e c:/winavr/bin/../lib/gcc/avr/4.3.3/../../../../avr/lib/avr5\libc.a(strncpy.o)
                0x00007c6c                strncpy
                0x00007c8a                . = ALIGN (0x2)
 *(.fini9)
 .fini9         0x00007c8a        0x0 c:/winavr/bin/../lib/gcc/avr/4.3.3/avr5\libgcc.a(_exit.o)
                0x00007c8a                exit
                0x00007c8a                _exit
 *(.fini9)
 *(.fini8)
 *(.fini8)
 *(.fini7)
 *(.fini7)
 *(.fini6)
 *(.fini6)
 *(.fini5)
 *(.fini5)
 *(.fini4)
 *(.fini4)
 *(.fini3)
 *(.fini3)
 *(.fini2)
 *(.fini2)
 *(.fini1)
 *(.fini1)
 *(.fini0)
 .fini0         0x00007c8a        0x4 c:/winavr/bin/../lib/gcc/avr/4.3.3/avr5\libgcc.a(_exit.o)
 *(.fini0)
                0x00007c8e                _etext = .

.data           0x00800060      0x120 load address 0x00007c8e
                0x00800060                PROVIDE (__data_start, .)
 *(.data)
 .data          0x00800060        0x0 c:/winavr/bin/../lib/gcc/avr/4.3.3/../../../../avr/lib/avr5/crtm32.o
 .data          0x00800060        0x0 ./MCAL/WDT/WDT_Program.o
 .data          0x00800060        0x0 ./MCAL/USART/USART_Program.o
 .data          0x00800060        0x0 ./MCAL/TWI/TWI_Program.o
 .data          0x00800060        0x0 ./MCAL/TIMERS/TIMERS_Program.o
 .data          0x00800060        0x0 ./MCAL/SPI_NEW/SPI.o
 .data          0x00800060        0x0 ./MCAL/SPI/SPI_Program.o
 .data          0x00800060        0x0 ./MCAL/PORT/PORT_Program.o
 .data          0x00800060        0x0 ./MCAL/LED/LED_Program.o
 .data          0x00800060        0x0 ./MCAL/EXTI/EXTI_Program.o
 .data          0x00800060        0x0 ./MCAL/EEPROM/EEPROM_Program.o
 .data          0x00800060        0x0 ./MCAL/DIO/DIO_Program.o
 .data          0x00800060        0x0 ./MCAL/BUZZER/BUZZER_Program.o
 .data          0x00800060        0x0 ./MCAL/ADC/ADC_Program.o
 .data          0x00800060        0x0 ./HAL/STEPPER/STEPPER_Program.o
 .data          0x00800060        0x0 ./HAL/LM35/LM35_Program.o
 .data          0x00800060        0x0 ./HAL/LCD/LCD_Program.o
 .data          0x00800060        0x0 ./HAL/KEYPAD/KEYPAD_Program.o
 .data          0x00800060        0x0 ./HAL/DCMOTOR/DCMOTOR_Program.o
 .data          0x00800060        0x0 ./FREE_RTOS/croutine.o
 .data          0x00800060        0x0 ./FREE_RTOS/heap_1.o
 .data          0x00800060        0x0 ./FREE_RTOS/list.o
 .data          0x00800060        0x0 ./FREE_RTOS/port.o
 .data          0x00800060        0x0 ./FREE_RTOS/queue.o
 .data          0x00800060        0x5 ./FREE_RTOS/tasks.o
 .data          0x00800065        0x0 ./FREE_RTOS/timers.o
 .data          0x00800065        0x0 ./main.o
 .data          0x00800065        0x0 c:/winavr/bin/../lib/gcc/avr/4.3.3/avr5\libgcc.a(_exit.o)
 .data          0x00800065        0x0 c:/winavr/bin/../lib/gcc/avr/4.3.3/avr5\libgcc.a(_copy_data.o)
 .data          0x00800065        0x0 c:/winavr/bin/../lib/gcc/avr/4.3.3/avr5\libgcc.a(_clear_bss.o)
 .data          0x00800065        0x0 c:/winavr/bin/../lib/gcc/avr/4.3.3/avr5\libgcc.a(_ashldi3.o)
 .data          0x00800065        0x0 c:/winavr/bin/../lib/gcc/avr/4.3.3/avr5\libgcc.a(_fixunssfsi.o)
 .data          0x00800065        0x0 c:/winavr/bin/../lib/gcc/avr/4.3.3/avr5\libgcc.a(_divdi3.o)
 .data          0x00800065        0x0 c:/winavr/bin/../lib/gcc/avr/4.3.3/avr5\libgcc.a(_moddi3.o)
 .data          0x00800065        0x0 c:/winavr/bin/../lib/gcc/avr/4.3.3/avr5\libgcc.a(_udivdi3.o)
 .data          0x00800065        0x0 c:/winavr/bin/../lib/gcc/avr/4.3.3/avr5\libgcc.a(_umoddi3.o)
 .data          0x00800065        0x0 c:/winavr/bin/../lib/gcc/avr/4.3.3/avr5\libgcc.a(_addsub_sf.o)
 .data          0x00800065        0x0 c:/winavr/bin/../lib/gcc/avr/4.3.3/avr5\libgcc.a(_mul_sf.o)
 .data          0x00800065        0x0 c:/winavr/bin/../lib/gcc/avr/4.3.3/avr5\libgcc.a(_ge_sf.o)
 .data          0x00800065        0x0 c:/winavr/bin/../lib/gcc/avr/4.3.3/avr5\libgcc.a(_sf_to_si.o)
 .data          0x00800065        0x8 c:/winavr/bin/../lib/gcc/avr/4.3.3/avr5\libgcc.a(_thenan_sf.o)
                0x00800065                __thenan_sf
 .data          0x0080006d        0x0 c:/winavr/bin/../lib/gcc/avr/4.3.3/avr5\libgcc.a(_usi_to_sf.o)
 .data          0x0080006d        0x0 c:/winavr/bin/../lib/gcc/avr/4.3.3/avr5\libgcc.a(_mulsi3.o)
 .data          0x0080006d        0x0 c:/winavr/bin/../lib/gcc/avr/4.3.3/avr5\libgcc.a(_udivmodsi4.o)
 .data          0x0080006d        0x0 c:/winavr/bin/../lib/gcc/avr/4.3.3/avr5\libgcc.a(_prologue.o)
 .data          0x0080006d        0x0 c:/winavr/bin/../lib/gcc/avr/4.3.3/avr5\libgcc.a(_epilogue.o)
 .data          0x0080006d      0x100 c:/winavr/bin/../lib/gcc/avr/4.3.3/avr5\libgcc.a(_clz.o)
                0x0080006d                __clz_tab
 .data          0x0080016d        0x0 c:/winavr/bin/../lib/gcc/avr/4.3.3/avr5\libgcc.a(_clzsi2.o)
 .data          0x0080016d        0x0 c:/winavr/bin/../lib/gcc/avr/4.3.3/avr5\libgcc.a(_pack_sf.o)
 .data          0x0080016d        0x0 c:/winavr/bin/../lib/gcc/avr/4.3.3/avr5\libgcc.a(_unpack_sf.o)
 .data          0x0080016d        0x0 c:/winavr/bin/../lib/gcc/avr/4.3.3/avr5\libgcc.a(_fpcmp_parts_sf.o)
 .data          0x0080016d        0x0 c:/winavr/bin/../lib/gcc/avr/4.3.3/../../../../avr/lib/avr5\libc.a(memcpy.o)
 .data          0x0080016d        0x0 c:/winavr/bin/../lib/gcc/avr/4.3.3/../../../../avr/lib/avr5\libc.a(memset.o)
 .data          0x0080016d        0x0 c:/winavr/bin/../lib/gcc/avr/4.3.3/../../../../avr/lib/avr5\libc.a(strncpy.o)
 *(.data*)
 .data.KPD_u8Buttoms
                0x0080016d       0x10 ./HAL/KEYPAD/KEYPAD_Program.o
                0x0080016d                KPD_u8Buttoms
 .data.xNextTaskUnblockTime
                0x0080017d        0x2 ./FREE_RTOS/tasks.o
 *(.rodata)
 *(.rodata*)
 *(.gnu.linkonce.d*)
                0x00800180                . = ALIGN (0x2)
 *fill*         0x0080017f        0x1 00
                0x00800180                _edata = .
                0x00800180                PROVIDE (__data_end, .)

.bss            0x00800180      0x4c2
                0x00800180                PROVIDE (__bss_start, .)
 *(.bss)
 .bss           0x00800180        0x0 c:/winavr/bin/../lib/gcc/avr/4.3.3/../../../../avr/lib/avr5/crtm32.o
 .bss           0x00800180        0x0 ./MCAL/WDT/WDT_Program.o
 .bss           0x00800180        0x0 ./MCAL/USART/USART_Program.o
 .bss           0x00800180        0x0 ./MCAL/TWI/TWI_Program.o
 .bss           0x00800180        0x0 ./MCAL/TIMERS/TIMERS_Program.o
 .bss           0x00800180        0x0 ./MCAL/SPI_NEW/SPI.o
 .bss           0x00800180        0x0 ./MCAL/SPI/SPI_Program.o
 .bss           0x00800180        0x0 ./MCAL/PORT/PORT_Program.o
 .bss           0x00800180        0x0 ./MCAL/LED/LED_Program.o
 .bss           0x00800180        0x0 ./MCAL/EXTI/EXTI_Program.o
 .bss           0x00800180        0x0 ./MCAL/EEPROM/EEPROM_Program.o
 .bss           0x00800180        0x0 ./MCAL/DIO/DIO_Program.o
 .bss           0x00800180        0x0 ./MCAL/BUZZER/BUZZER_Program.o
 .bss           0x00800180        0x0 ./MCAL/ADC/ADC_Program.o
 .bss           0x00800180        0x0 ./HAL/STEPPER/STEPPER_Program.o
 .bss           0x00800180        0x0 ./HAL/LM35/LM35_Program.o
 .bss           0x00800180        0x0 ./HAL/LCD/LCD_Program.o
 .bss           0x00800180        0x0 ./HAL/KEYPAD/KEYPAD_Program.o
 .bss           0x00800180        0x0 ./HAL/DCMOTOR/DCMOTOR_Program.o
 .bss           0x00800180        0x0 ./FREE_RTOS/croutine.o
 .bss           0x00800180        0x0 ./FREE_RTOS/heap_1.o
 .bss           0x00800180        0x0 ./FREE_RTOS/list.o
 .bss           0x00800180        0x0 ./FREE_RTOS/port.o
 .bss           0x00800180        0x0 ./FREE_RTOS/queue.o
 .bss           0x00800180        0x0 ./FREE_RTOS/tasks.o
 .bss           0x00800180        0x0 ./FREE_RTOS/timers.o
 .bss           0x00800180        0x0 ./main.o
 .bss           0x00800180        0x0 c:/winavr/bin/../lib/gcc/avr/4.3.3/avr5\libgcc.a(_exit.o)
 .bss           0x00800180        0x0 c:/winavr/bin/../lib/gcc/avr/4.3.3/avr5\libgcc.a(_copy_data.o)
 .bss           0x00800180        0x0 c:/winavr/bin/../lib/gcc/avr/4.3.3/avr5\libgcc.a(_clear_bss.o)
 .bss           0x00800180        0x0 c:/winavr/bin/../lib/gcc/avr/4.3.3/avr5\libgcc.a(_ashldi3.o)
 .bss           0x00800180        0x0 c:/winavr/bin/../lib/gcc/avr/4.3.3/avr5\libgcc.a(_fixunssfsi.o)
 .bss           0x00800180        0x0 c:/winavr/bin/../lib/gcc/avr/4.3.3/avr5\libgcc.a(_divdi3.o)
 .bss           0x00800180        0x0 c:/winavr/bin/../lib/gcc/avr/4.3.3/avr5\libgcc.a(_moddi3.o)
 .bss           0x00800180        0x0 c:/winavr/bin/../lib/gcc/avr/4.3.3/avr5\libgcc.a(_udivdi3.o)
 .bss           0x00800180        0x0 c:/winavr/bin/../lib/gcc/avr/4.3.3/avr5\libgcc.a(_umoddi3.o)
 .bss           0x00800180        0x0 c:/winavr/bin/../lib/gcc/avr/4.3.3/avr5\libgcc.a(_addsub_sf.o)
 .bss           0x00800180        0x0 c:/winavr/bin/../lib/gcc/avr/4.3.3/avr5\libgcc.a(_mul_sf.o)
 .bss           0x00800180        0x0 c:/winavr/bin/../lib/gcc/avr/4.3.3/avr5\libgcc.a(_ge_sf.o)
 .bss           0x00800180        0x0 c:/winavr/bin/../lib/gcc/avr/4.3.3/avr5\libgcc.a(_sf_to_si.o)
 .bss           0x00800180        0x0 c:/winavr/bin/../lib/gcc/avr/4.3.3/avr5\libgcc.a(_thenan_sf.o)
 .bss           0x00800180        0x0 c:/winavr/bin/../lib/gcc/avr/4.3.3/avr5\libgcc.a(_usi_to_sf.o)
 .bss           0x00800180        0x0 c:/winavr/bin/../lib/gcc/avr/4.3.3/avr5\libgcc.a(_mulsi3.o)
 .bss           0x00800180        0x0 c:/winavr/bin/../lib/gcc/avr/4.3.3/avr5\libgcc.a(_udivmodsi4.o)
 .bss           0x00800180        0x0 c:/winavr/bin/../lib/gcc/avr/4.3.3/avr5\libgcc.a(_prologue.o)
 .bss           0x00800180        0x0 c:/winavr/bin/../lib/gcc/avr/4.3.3/avr5\libgcc.a(_epilogue.o)
 .bss           0x00800180        0x0 c:/winavr/bin/../lib/gcc/avr/4.3.3/avr5\libgcc.a(_clz.o)
 .bss           0x00800180        0x0 c:/winavr/bin/../lib/gcc/avr/4.3.3/avr5\libgcc.a(_clzsi2.o)
 .bss           0x00800180        0x0 c:/winavr/bin/../lib/gcc/avr/4.3.3/avr5\libgcc.a(_pack_sf.o)
 .bss           0x00800180        0x0 c:/winavr/bin/../lib/gcc/avr/4.3.3/avr5\libgcc.a(_unpack_sf.o)
 .bss           0x00800180        0x0 c:/winavr/bin/../lib/gcc/avr/4.3.3/avr5\libgcc.a(_fpcmp_parts_sf.o)
 .bss           0x00800180        0x0 c:/winavr/bin/../lib/gcc/avr/4.3.3/../../../../avr/lib/avr5\libc.a(memcpy.o)
 .bss           0x00800180        0x0 c:/winavr/bin/../lib/gcc/avr/4.3.3/../../../../avr/lib/avr5\libc.a(memset.o)
 .bss           0x00800180        0x0 c:/winavr/bin/../lib/gcc/avr/4.3.3/../../../../avr/lib/avr5\libc.a(strncpy.o)
 *(.bss*)
 .bss.USART_pu8SendData
                0x00800180        0x2 ./MCAL/USART/USART_Program.o
 .bss.USART_u8State
                0x00800182        0x1 ./MCAL/USART/USART_Program.o
 .bss.USART_pvNotificationFunc
                0x00800183        0x2 ./MCAL/USART/USART_Program.o
 .bss.USART_pu8ReceiveData
                0x00800185        0x2 ./MCAL/USART/USART_Program.o
 .bss.USART_u8BufferSize
                0x00800187        0x1 ./MCAL/USART/USART_Program.o
 .bss.USART_u8Index
                0x00800188        0x1 ./MCAL/USART/USART_Program.o
 .bss.TIMERS_pvCallBackFunc
                0x00800189       0x20 ./MCAL/TIMERS/TIMERS_Program.o
 .bss.SPI_pu8RData
                0x008001a9        0x2 ./MCAL/SPI/SPI_Program.o
 .bss.SPI_u8State
                0x008001ab        0x1 ./MCAL/SPI/SPI_Program.o
 .bss.SPI_pvNotificationFunc
                0x008001ac        0x2 ./MCAL/SPI/SPI_Program.o
 .bss.SPI_pu8TData
                0x008001ae        0x2 ./MCAL/SPI/SPI_Program.o
 .bss.SPI_u8BufferSize
                0x008001b0        0x1 ./MCAL/SPI/SPI_Program.o
 .bss.SPI_u8Index
                0x008001b1        0x1 ./MCAL/SPI/SPI_Program.o
 .bss.Global_pvInt2NotifcationFunction
                0x008001b2        0x2 ./MCAL/EXTI/EXTI_Program.o
 .bss.Global_pvInt1NotifcationFunction
                0x008001b4        0x2 ./MCAL/EXTI/EXTI_Program.o
 .bss.Global_pvInt0NotifcationFunction
                0x008001b6        0x2 ./MCAL/EXTI/EXTI_Program.o
 .bss.pxCurrentCoRoutine
                0x008001b8        0x2 ./FREE_RTOS/croutine.o
                0x008001b8                pxCurrentCoRoutine
 .bss.uxTopCoRoutineReadyPriority
                0x008001ba        0x1 ./FREE_RTOS/croutine.o
 .bss.xLastTickCount
                0x008001bb        0x2 ./FREE_RTOS/croutine.o
 .bss.xPassedTicks
                0x008001bd        0x2 ./FREE_RTOS/croutine.o
 .bss.xCoRoutineTickCount
                0x008001bf        0x2 ./FREE_RTOS/croutine.o
 .bss.pxReadyCoRoutineLists
                0x008001c1       0x12 ./FREE_RTOS/croutine.o
 .bss.xDelayedCoRoutineList1
                0x008001d3        0x9 ./FREE_RTOS/croutine.o
 .bss.xDelayedCoRoutineList2
                0x008001dc        0x9 ./FREE_RTOS/croutine.o
 .bss.pxDelayedCoRoutineList
                0x008001e5        0x2 ./FREE_RTOS/croutine.o
 .bss.pxOverflowDelayedCoRoutineList
                0x008001e7        0x2 ./FREE_RTOS/croutine.o
 .bss.xPendingReadyCoRoutineList
                0x008001e9        0x9 ./FREE_RTOS/croutine.o
 .bss.xNextFreeByte
                0x008001f2        0x2 ./FREE_RTOS/heap_1.o
 .bss.xHeap     0x008001f4      0x3e8 ./FREE_RTOS/heap_1.o
 .bss.pxCurrentTCB
                0x008005dc        0x2 ./FREE_RTOS/tasks.o
                0x008005dc                pxCurrentTCB
 .bss.xMissedYield
                0x008005de        0x1 ./FREE_RTOS/tasks.o
 .bss.xNumOfOverflows
                0x008005df        0x1 ./FREE_RTOS/tasks.o
 .bss.xTickCount
                0x008005e0        0x2 ./FREE_RTOS/tasks.o
 .bss.uxSchedulerSuspended
                0x008005e2        0x1 ./FREE_RTOS/tasks.o
 .bss.uxTopReadyPriority
                0x008005e3        0x1 ./FREE_RTOS/tasks.o
 .bss.uxMissedTicks
                0x008005e4        0x1 ./FREE_RTOS/tasks.o
 .bss.uxCurrentNumberOfTasks
                0x008005e5        0x1 ./FREE_RTOS/tasks.o
 .bss.xSchedulerRunning
                0x008005e6        0x1 ./FREE_RTOS/tasks.o
 .bss.uxTasksDeleted
                0x008005e7        0x1 ./FREE_RTOS/tasks.o
 .bss.uxTaskNumber
                0x008005e8        0x1 ./FREE_RTOS/tasks.o
 .bss.uxTopUsedPriority
                0x008005e9        0x1 ./FREE_RTOS/tasks.o
 .bss.pxReadyTasksLists
                0x008005ea       0x24 ./FREE_RTOS/tasks.o
 .bss.xDelayedTaskList1
                0x0080060e        0x9 ./FREE_RTOS/tasks.o
 .bss.xDelayedTaskList2
                0x00800617        0x9 ./FREE_RTOS/tasks.o
 .bss.pxDelayedTaskList
                0x00800620        0x2 ./FREE_RTOS/tasks.o
 .bss.pxOverflowDelayedTaskList
                0x00800622        0x2 ./FREE_RTOS/tasks.o
 .bss.xPendingReadyList
                0x00800624        0x9 ./FREE_RTOS/tasks.o
 .bss.xTasksWaitingTermination
                0x0080062d        0x9 ./FREE_RTOS/tasks.o
 .bss.xSuspendedTaskList
                0x00800636        0x9 ./FREE_RTOS/tasks.o
 .bss.Global_u8BtnState
                0x0080063f        0x1 ./main.o
                0x0080063f                Global_u8BtnState
 .bss.Global_u8Flag
                0x00800640        0x1 ./main.o
                0x00800640                Global_u8Flag
 .bss.Global_u8CurrentState
                0x00800641        0x1 ./main.o
                0x00800641                Global_u8CurrentState
 *(COMMON)
                0x00800642                PROVIDE (__bss_end, .)
                0x00007c8e                __data_load_start = LOADADDR (.data)
                0x00007dae                __data_load_end = (__data_load_start + SIZEOF (.data))

.noinit         0x00800642        0x0
                0x00800642                PROVIDE (__noinit_start, .)
 *(.noinit*)
                0x00800642                PROVIDE (__noinit_end, .)
                0x00800642                _end = .
                0x00800642                PROVIDE (__heap_start, .)

.eeprom         0x00810000        0x0
 *(.eeprom*)
                0x00810000                __eeprom_end = .

.fuse
 *(.fuse)
 *(.lfuse)
 *(.hfuse)
 *(.efuse)

.lock
 *(.lock*)

.signature
 *(.signature*)

.stab           0x00000000     0x93f0
 *(.stab)
 .stab          0x00000000      0x2dc ./MCAL/WDT/WDT_Program.o
 .stab          0x000002dc      0x7a4 ./MCAL/USART/USART_Program.o
                                0x7b0 (size before relaxing)
 .stab          0x00000a80      0x588 ./MCAL/TWI/TWI_Program.o
                                0x594 (size before relaxing)
 .stab          0x00001008      0xab0 ./MCAL/TIMERS/TIMERS_Program.o
                                0xabc (size before relaxing)
 .stab          0x00001ab8      0x33c ./MCAL/SPI_NEW/SPI.o
                                0x348 (size before relaxing)
 .stab          0x00001df4      0x708 ./MCAL/SPI/SPI_Program.o
                                0x714 (size before relaxing)
 .stab          0x000024fc      0x228 ./MCAL/PORT/PORT_Program.o
                                0x234 (size before relaxing)
 .stab          0x00002724      0x318 ./MCAL/LED/LED_Program.o
                                0x324 (size before relaxing)
 .stab          0x00002a3c      0x558 ./MCAL/EXTI/EXTI_Program.o
                                0x564 (size before relaxing)
 .stab          0x00002f94      0x4ec ./MCAL/EEPROM/EEPROM_Program.o
                                0x4f8 (size before relaxing)
 .stab          0x00003480      0x870 ./MCAL/DIO/DIO_Program.o
                                0x87c (size before relaxing)
 .stab          0x00003cf0      0x318 ./MCAL/BUZZER/BUZZER_Program.o
                                0x324 (size before relaxing)
 .stab          0x00004008      0x5a0 ./MCAL/ADC/ADC_Program.o
                                0x5ac (size before relaxing)
 .stab          0x000045a8      0x2b8 ./HAL/STEPPER/STEPPER_Program.o
                                0x45c (size before relaxing)
 .stab          0x00004860      0x210 ./HAL/LM35/LM35_Program.o
                                0x21c (size before relaxing)
 .stab          0x00004a70      0x66c ./HAL/LCD/LCD_Program.o
                                0x810 (size before relaxing)
 .stab          0x000050dc      0x4e0 ./HAL/KEYPAD/KEYPAD_Program.o
                                0x684 (size before relaxing)
 .stab          0x000055bc      0x294 ./HAL/DCMOTOR/DCMOTOR_Program.o
                                0x2a0 (size before relaxing)
 .stab          0x00005850      0x810 ./FREE_RTOS/croutine.o
                                0x99c (size before relaxing)
 .stab          0x00006060      0x33c ./FREE_RTOS/heap_1.o
                                0x60c (size before relaxing)
 .stab          0x0000639c      0x474 ./FREE_RTOS/list.o
                                0x750 (size before relaxing)
 .stab          0x00006810      0x558 ./FREE_RTOS/port.o
                                0x888 (size before relaxing)
 .stab          0x00006d68      0xce4 ./FREE_RTOS/queue.o
                               0x1020 (size before relaxing)
 .stab          0x00007a4c     0x1458 ./FREE_RTOS/tasks.o
                               0x16b0 (size before relaxing)
 .stab          0x00008ea4      0x1c8 ./FREE_RTOS/timers.o
                                0x4c8 (size before relaxing)
 .stab          0x0000906c      0x384 ./main.o
                                0x6d8 (size before relaxing)

.stabstr        0x00000000     0x469e
 *(.stabstr)
 .stabstr       0x00000000     0x469e ./MCAL/WDT/WDT_Program.o

.stab.excl
 *(.stab.excl)

.stab.exclstr
 *(.stab.exclstr)

.stab.index
 *(.stab.index)

.stab.indexstr
 *(.stab.indexstr)

.comment
 *(.comment)

.debug
 *(.debug)

.line
 *(.line)

.debug_srcinfo
 *(.debug_srcinfo)

.debug_sfnames
 *(.debug_sfnames)

.debug_aranges  0x00000000      0x1e0
 *(.debug_aranges)
 .debug_aranges
                0x00000000       0x20 c:/winavr/bin/../lib/gcc/avr/4.3.3/avr5\libgcc.a(_ashldi3.o)
 .debug_aranges
                0x00000020       0x20 c:/winavr/bin/../lib/gcc/avr/4.3.3/avr5\libgcc.a(_fixunssfsi.o)
 .debug_aranges
                0x00000040       0x20 c:/winavr/bin/../lib/gcc/avr/4.3.3/avr5\libgcc.a(_divdi3.o)
 .debug_aranges
                0x00000060       0x20 c:/winavr/bin/../lib/gcc/avr/4.3.3/avr5\libgcc.a(_moddi3.o)
 .debug_aranges
                0x00000080       0x20 c:/winavr/bin/../lib/gcc/avr/4.3.3/avr5\libgcc.a(_udivdi3.o)
 .debug_aranges
                0x000000a0       0x20 c:/winavr/bin/../lib/gcc/avr/4.3.3/avr5\libgcc.a(_umoddi3.o)
 .debug_aranges
                0x000000c0       0x20 c:/winavr/bin/../lib/gcc/avr/4.3.3/avr5\libgcc.a(_addsub_sf.o)
 .debug_aranges
                0x000000e0       0x20 c:/winavr/bin/../lib/gcc/avr/4.3.3/avr5\libgcc.a(_mul_sf.o)
 .debug_aranges
                0x00000100       0x20 c:/winavr/bin/../lib/gcc/avr/4.3.3/avr5\libgcc.a(_ge_sf.o)
 .debug_aranges
                0x00000120       0x20 c:/winavr/bin/../lib/gcc/avr/4.3.3/avr5\libgcc.a(_sf_to_si.o)
 .debug_aranges
                0x00000140       0x20 c:/winavr/bin/../lib/gcc/avr/4.3.3/avr5\libgcc.a(_usi_to_sf.o)
 .debug_aranges
                0x00000160       0x20 c:/winavr/bin/../lib/gcc/avr/4.3.3/avr5\libgcc.a(_clzsi2.o)
 .debug_aranges
                0x00000180       0x20 c:/winavr/bin/../lib/gcc/avr/4.3.3/avr5\libgcc.a(_pack_sf.o)
 .debug_aranges
                0x000001a0       0x20 c:/winavr/bin/../lib/gcc/avr/4.3.3/avr5\libgcc.a(_unpack_sf.o)
 .debug_aranges
                0x000001c0       0x20 c:/winavr/bin/../lib/gcc/avr/4.3.3/avr5\libgcc.a(_fpcmp_parts_sf.o)

.debug_pubnames
                0x00000000      0x235
 *(.debug_pubnames)
 .debug_pubnames
                0x00000000       0x20 c:/winavr/bin/../lib/gcc/avr/4.3.3/avr5\libgcc.a(_ashldi3.o)
 .debug_pubnames
                0x00000020       0x23 c:/winavr/bin/../lib/gcc/avr/4.3.3/avr5\libgcc.a(_fixunssfsi.o)
 .debug_pubnames
                0x00000043       0x1f c:/winavr/bin/../lib/gcc/avr/4.3.3/avr5\libgcc.a(_divdi3.o)
 .debug_pubnames
                0x00000062       0x1f c:/winavr/bin/../lib/gcc/avr/4.3.3/avr5\libgcc.a(_moddi3.o)
 .debug_pubnames
                0x00000081       0x20 c:/winavr/bin/../lib/gcc/avr/4.3.3/avr5\libgcc.a(_udivdi3.o)
 .debug_pubnames
                0x000000a1       0x20 c:/winavr/bin/../lib/gcc/avr/4.3.3/avr5\libgcc.a(_umoddi3.o)
 .debug_pubnames
                0x000000c1       0x2c c:/winavr/bin/../lib/gcc/avr/4.3.3/avr5\libgcc.a(_addsub_sf.o)
 .debug_pubnames
                0x000000ed       0x1f c:/winavr/bin/../lib/gcc/avr/4.3.3/avr5\libgcc.a(_mul_sf.o)
 .debug_pubnames
                0x0000010c       0x1e c:/winavr/bin/../lib/gcc/avr/4.3.3/avr5\libgcc.a(_ge_sf.o)
 .debug_pubnames
                0x0000012a       0x20 c:/winavr/bin/../lib/gcc/avr/4.3.3/avr5\libgcc.a(_sf_to_si.o)
 .debug_pubnames
                0x0000014a       0x22 c:/winavr/bin/../lib/gcc/avr/4.3.3/avr5\libgcc.a(_thenan_sf.o)
 .debug_pubnames
                0x0000016c       0x24 c:/winavr/bin/../lib/gcc/avr/4.3.3/avr5\libgcc.a(_usi_to_sf.o)
 .debug_pubnames
                0x00000190       0x20 c:/winavr/bin/../lib/gcc/avr/4.3.3/avr5\libgcc.a(_clz.o)
 .debug_pubnames
                0x000001b0       0x1f c:/winavr/bin/../lib/gcc/avr/4.3.3/avr5\libgcc.a(_clzsi2.o)
 .debug_pubnames
                0x000001cf       0x1f c:/winavr/bin/../lib/gcc/avr/4.3.3/avr5\libgcc.a(_pack_sf.o)
 .debug_pubnames
                0x000001ee       0x21 c:/winavr/bin/../lib/gcc/avr/4.3.3/avr5\libgcc.a(_unpack_sf.o)
 .debug_pubnames
                0x0000020f       0x26 c:/winavr/bin/../lib/gcc/avr/4.3.3/avr5\libgcc.a(_fpcmp_parts_sf.o)

.debug_info     0x00000000     0x39dc
 *(.debug_info)
 .debug_info    0x00000000      0x17f c:/winavr/bin/../lib/gcc/avr/4.3.3/avr5\libgcc.a(_ashldi3.o)
 .debug_info    0x0000017f       0xb1 c:/winavr/bin/../lib/gcc/avr/4.3.3/avr5\libgcc.a(_fixunssfsi.o)
 .debug_info    0x00000230      0x756 c:/winavr/bin/../lib/gcc/avr/4.3.3/avr5\libgcc.a(_divdi3.o)
 .debug_info    0x00000986      0x781 c:/winavr/bin/../lib/gcc/avr/4.3.3/avr5\libgcc.a(_moddi3.o)
 .debug_info    0x00001107      0x71e c:/winavr/bin/../lib/gcc/avr/4.3.3/avr5\libgcc.a(_udivdi3.o)
 .debug_info    0x00001825      0x757 c:/winavr/bin/../lib/gcc/avr/4.3.3/avr5\libgcc.a(_umoddi3.o)
 .debug_info    0x00001f7c      0x47a c:/winavr/bin/../lib/gcc/avr/4.3.3/avr5\libgcc.a(_addsub_sf.o)
 .debug_info    0x000023f6      0x485 c:/winavr/bin/../lib/gcc/avr/4.3.3/avr5\libgcc.a(_mul_sf.o)
 .debug_info    0x0000287b      0x27f c:/winavr/bin/../lib/gcc/avr/4.3.3/avr5\libgcc.a(_ge_sf.o)
 .debug_info    0x00002afa      0x2b0 c:/winavr/bin/../lib/gcc/avr/4.3.3/avr5\libgcc.a(_sf_to_si.o)
 .debug_info    0x00002daa      0x12c c:/winavr/bin/../lib/gcc/avr/4.3.3/avr5\libgcc.a(_thenan_sf.o)
 .debug_info    0x00002ed6      0x206 c:/winavr/bin/../lib/gcc/avr/4.3.3/avr5\libgcc.a(_usi_to_sf.o)
 .debug_info    0x000030dc       0xa9 c:/winavr/bin/../lib/gcc/avr/4.3.3/avr5\libgcc.a(_clz.o)
 .debug_info    0x00003185      0x117 c:/winavr/bin/../lib/gcc/avr/4.3.3/avr5\libgcc.a(_clzsi2.o)
 .debug_info    0x0000329c      0x2df c:/winavr/bin/../lib/gcc/avr/4.3.3/avr5\libgcc.a(_pack_sf.o)
 .debug_info    0x0000357b      0x251 c:/winavr/bin/../lib/gcc/avr/4.3.3/avr5\libgcc.a(_unpack_sf.o)
 .debug_info    0x000037cc      0x210 c:/winavr/bin/../lib/gcc/avr/4.3.3/avr5\libgcc.a(_fpcmp_parts_sf.o)
 *(.gnu.linkonce.wi.*)

.debug_abbrev   0x00000000     0x15f9
 *(.debug_abbrev)
 .debug_abbrev  0x00000000       0xee c:/winavr/bin/../lib/gcc/avr/4.3.3/avr5\libgcc.a(_ashldi3.o)
 .debug_abbrev  0x000000ee       0x5d c:/winavr/bin/../lib/gcc/avr/4.3.3/avr5\libgcc.a(_fixunssfsi.o)
 .debug_abbrev  0x0000014b      0x19f c:/winavr/bin/../lib/gcc/avr/4.3.3/avr5\libgcc.a(_divdi3.o)
 .debug_abbrev  0x000002ea      0x19f c:/winavr/bin/../lib/gcc/avr/4.3.3/avr5\libgcc.a(_moddi3.o)
 .debug_abbrev  0x00000489      0x181 c:/winavr/bin/../lib/gcc/avr/4.3.3/avr5\libgcc.a(_udivdi3.o)
 .debug_abbrev  0x0000060a      0x190 c:/winavr/bin/../lib/gcc/avr/4.3.3/avr5\libgcc.a(_umoddi3.o)
 .debug_abbrev  0x0000079a      0x1ea c:/winavr/bin/../lib/gcc/avr/4.3.3/avr5\libgcc.a(_addsub_sf.o)
 .debug_abbrev  0x00000984      0x21b c:/winavr/bin/../lib/gcc/avr/4.3.3/avr5\libgcc.a(_mul_sf.o)
 .debug_abbrev  0x00000b9f      0x15a c:/winavr/bin/../lib/gcc/avr/4.3.3/avr5\libgcc.a(_ge_sf.o)
 .debug_abbrev  0x00000cf9      0x17f c:/winavr/bin/../lib/gcc/avr/4.3.3/avr5\libgcc.a(_sf_to_si.o)
 .debug_abbrev  0x00000e78       0xad c:/winavr/bin/../lib/gcc/avr/4.3.3/avr5\libgcc.a(_thenan_sf.o)
 .debug_abbrev  0x00000f25      0x157 c:/winavr/bin/../lib/gcc/avr/4.3.3/avr5\libgcc.a(_usi_to_sf.o)
 .debug_abbrev  0x0000107c       0x6a c:/winavr/bin/../lib/gcc/avr/4.3.3/avr5\libgcc.a(_clz.o)
 .debug_abbrev  0x000010e6       0xc4 c:/winavr/bin/../lib/gcc/avr/4.3.3/avr5\libgcc.a(_clzsi2.o)
 .debug_abbrev  0x000011aa      0x1c0 c:/winavr/bin/../lib/gcc/avr/4.3.3/avr5\libgcc.a(_pack_sf.o)
 .debug_abbrev  0x0000136a      0x154 c:/winavr/bin/../lib/gcc/avr/4.3.3/avr5\libgcc.a(_unpack_sf.o)
 .debug_abbrev  0x000014be      0x13b c:/winavr/bin/../lib/gcc/avr/4.3.3/avr5\libgcc.a(_fpcmp_parts_sf.o)

.debug_line     0x00000000     0x17e2
 *(.debug_line)
 .debug_line    0x00000000       0xd7 c:/winavr/bin/../lib/gcc/avr/4.3.3/avr5\libgcc.a(_ashldi3.o)
 .debug_line    0x000000d7       0xa7 c:/winavr/bin/../lib/gcc/avr/4.3.3/avr5\libgcc.a(_fixunssfsi.o)
 .debug_line    0x0000017e      0x228 c:/winavr/bin/../lib/gcc/avr/4.3.3/avr5\libgcc.a(_divdi3.o)
 .debug_line    0x000003a6      0x280 c:/winavr/bin/../lib/gcc/avr/4.3.3/avr5\libgcc.a(_moddi3.o)
 .debug_line    0x00000626      0x1d8 c:/winavr/bin/../lib/gcc/avr/4.3.3/avr5\libgcc.a(_udivdi3.o)
 .debug_line    0x000007fe      0x230 c:/winavr/bin/../lib/gcc/avr/4.3.3/avr5\libgcc.a(_umoddi3.o)
 .debug_line    0x00000a2e      0x2af c:/winavr/bin/../lib/gcc/avr/4.3.3/avr5\libgcc.a(_addsub_sf.o)
 .debug_line    0x00000cdd      0x239 c:/winavr/bin/../lib/gcc/avr/4.3.3/avr5\libgcc.a(_mul_sf.o)
 .debug_line    0x00000f16       0xd3 c:/winavr/bin/../lib/gcc/avr/4.3.3/avr5\libgcc.a(_ge_sf.o)
 .debug_line    0x00000fe9      0x109 c:/winavr/bin/../lib/gcc/avr/4.3.3/avr5\libgcc.a(_sf_to_si.o)
 .debug_line    0x000010f2       0x90 c:/winavr/bin/../lib/gcc/avr/4.3.3/avr5\libgcc.a(_thenan_sf.o)
 .debug_line    0x00001182      0x133 c:/winavr/bin/../lib/gcc/avr/4.3.3/avr5\libgcc.a(_usi_to_sf.o)
 .debug_line    0x000012b5       0x7c c:/winavr/bin/../lib/gcc/avr/4.3.3/avr5\libgcc.a(_clz.o)
 .debug_line    0x00001331       0xa5 c:/winavr/bin/../lib/gcc/avr/4.3.3/avr5\libgcc.a(_clzsi2.o)
 .debug_line    0x000013d6      0x18a c:/winavr/bin/../lib/gcc/avr/4.3.3/avr5\libgcc.a(_pack_sf.o)
 .debug_line    0x00001560      0x14b c:/winavr/bin/../lib/gcc/avr/4.3.3/avr5\libgcc.a(_unpack_sf.o)
 .debug_line    0x000016ab      0x137 c:/winavr/bin/../lib/gcc/avr/4.3.3/avr5\libgcc.a(_fpcmp_parts_sf.o)

.debug_frame    0x00000000      0x200
 *(.debug_frame)
 .debug_frame   0x00000000       0x20 c:/winavr/bin/../lib/gcc/avr/4.3.3/avr5\libgcc.a(_ashldi3.o)
 .debug_frame   0x00000020       0x20 c:/winavr/bin/../lib/gcc/avr/4.3.3/avr5\libgcc.a(_fixunssfsi.o)
 .debug_frame   0x00000040       0x20 c:/winavr/bin/../lib/gcc/avr/4.3.3/avr5\libgcc.a(_divdi3.o)
 .debug_frame   0x00000060       0x20 c:/winavr/bin/../lib/gcc/avr/4.3.3/avr5\libgcc.a(_moddi3.o)
 .debug_frame   0x00000080       0x20 c:/winavr/bin/../lib/gcc/avr/4.3.3/avr5\libgcc.a(_udivdi3.o)
 .debug_frame   0x000000a0       0x20 c:/winavr/bin/../lib/gcc/avr/4.3.3/avr5\libgcc.a(_umoddi3.o)
 .debug_frame   0x000000c0       0x40 c:/winavr/bin/../lib/gcc/avr/4.3.3/avr5\libgcc.a(_addsub_sf.o)
 .debug_frame   0x00000100       0x20 c:/winavr/bin/../lib/gcc/avr/4.3.3/avr5\libgcc.a(_mul_sf.o)
 .debug_frame   0x00000120       0x20 c:/winavr/bin/../lib/gcc/avr/4.3.3/avr5\libgcc.a(_ge_sf.o)
 .debug_frame   0x00000140       0x20 c:/winavr/bin/../lib/gcc/avr/4.3.3/avr5\libgcc.a(_sf_to_si.o)
 .debug_frame   0x00000160       0x20 c:/winavr/bin/../lib/gcc/avr/4.3.3/avr5\libgcc.a(_usi_to_sf.o)
 .debug_frame   0x00000180       0x20 c:/winavr/bin/../lib/gcc/avr/4.3.3/avr5\libgcc.a(_clzsi2.o)
 .debug_frame   0x000001a0       0x20 c:/winavr/bin/../lib/gcc/avr/4.3.3/avr5\libgcc.a(_pack_sf.o)
 .debug_frame   0x000001c0       0x20 c:/winavr/bin/../lib/gcc/avr/4.3.3/avr5\libgcc.a(_unpack_sf.o)
 .debug_frame   0x000001e0       0x20 c:/winavr/bin/../lib/gcc/avr/4.3.3/avr5\libgcc.a(_fpcmp_parts_sf.o)

.debug_str      0x00000000      0x366
 *(.debug_str)
 .debug_str     0x00000000       0xdf c:/winavr/bin/../lib/gcc/avr/4.3.3/avr5\libgcc.a(_ashldi3.o)
                                0x131 (size before relaxing)
 .debug_str     0x000000df       0x14 c:/winavr/bin/../lib/gcc/avr/4.3.3/avr5\libgcc.a(_fixunssfsi.o)
                                 0xfe (size before relaxing)
 .debug_str     0x000000f3       0x7b c:/winavr/bin/../lib/gcc/avr/4.3.3/avr5\libgcc.a(_divdi3.o)
                                0x189 (size before relaxing)
 .debug_str     0x0000016e        0x9 c:/winavr/bin/../lib/gcc/avr/4.3.3/avr5\libgcc.a(_moddi3.o)
                                0x189 (size before relaxing)
 .debug_str     0x00000177        0xa c:/winavr/bin/../lib/gcc/avr/4.3.3/avr5\libgcc.a(_udivdi3.o)
                                0x18a (size before relaxing)
 .debug_str     0x00000181        0xa c:/winavr/bin/../lib/gcc/avr/4.3.3/avr5\libgcc.a(_umoddi3.o)
                                0x18a (size before relaxing)
 .debug_str     0x0000018b      0x14d c:/winavr/bin/../lib/gcc/avr/4.3.3/avr5\libgcc.a(_addsub_sf.o)
                                0x206 (size before relaxing)
 .debug_str     0x000002d8       0x27 c:/winavr/bin/../lib/gcc/avr/4.3.3/avr5\libgcc.a(_mul_sf.o)
                                0x1bf (size before relaxing)
 .debug_str     0x000002ff        0x8 c:/winavr/bin/../lib/gcc/avr/4.3.3/avr5\libgcc.a(_ge_sf.o)
                                0x195 (size before relaxing)
 .debug_str     0x00000307        0xa c:/winavr/bin/../lib/gcc/avr/4.3.3/avr5\libgcc.a(_sf_to_si.o)
                                0x19e (size before relaxing)
 .debug_str     0x00000000      0x103 c:/winavr/bin/../lib/gcc/avr/4.3.3/avr5\libgcc.a(_thenan_sf.o)
 .debug_str     0x00000311       0x21 c:/winavr/bin/../lib/gcc/avr/4.3.3/avr5\libgcc.a(_usi_to_sf.o)
                                0x177 (size before relaxing)
 .debug_str     0x00000000       0xf4 c:/winavr/bin/../lib/gcc/avr/4.3.3/avr5\libgcc.a(_clz.o)
 .debug_str     0x00000332        0x9 c:/winavr/bin/../lib/gcc/avr/4.3.3/avr5\libgcc.a(_clzsi2.o)
                                0x111 (size before relaxing)
 .debug_str     0x0000033b       0x10 c:/winavr/bin/../lib/gcc/avr/4.3.3/avr5\libgcc.a(_pack_sf.o)
                                0x19d (size before relaxing)
 .debug_str     0x0000034b        0xb c:/winavr/bin/../lib/gcc/avr/4.3.3/avr5\libgcc.a(_unpack_sf.o)
                                0x17f (size before relaxing)
 .debug_str     0x00000356       0x10 c:/winavr/bin/../lib/gcc/avr/4.3.3/avr5\libgcc.a(_fpcmp_parts_sf.o)
                                0x163 (size before relaxing)

.debug_loc      0x00000000     0x3c46
 *(.debug_loc)
 .debug_loc     0x00000000       0xf8 c:/winavr/bin/../lib/gcc/avr/4.3.3/avr5\libgcc.a(_ashldi3.o)
 .debug_loc     0x000000f8       0x34 c:/winavr/bin/../lib/gcc/avr/4.3.3/avr5\libgcc.a(_fixunssfsi.o)
 .debug_loc     0x0000012c      0xe71 c:/winavr/bin/../lib/gcc/avr/4.3.3/avr5\libgcc.a(_divdi3.o)
 .debug_loc     0x00000f9d      0xb81 c:/winavr/bin/../lib/gcc/avr/4.3.3/avr5\libgcc.a(_moddi3.o)
 .debug_loc     0x00001b1e      0xe74 c:/winavr/bin/../lib/gcc/avr/4.3.3/avr5\libgcc.a(_udivdi3.o)
 .debug_loc     0x00002992      0xab2 c:/winavr/bin/../lib/gcc/avr/4.3.3/avr5\libgcc.a(_umoddi3.o)
 .debug_loc     0x00003444      0x32a c:/winavr/bin/../lib/gcc/avr/4.3.3/avr5\libgcc.a(_addsub_sf.o)
 .debug_loc     0x0000376e      0x104 c:/winavr/bin/../lib/gcc/avr/4.3.3/avr5\libgcc.a(_mul_sf.o)
 .debug_loc     0x00003872       0x3c c:/winavr/bin/../lib/gcc/avr/4.3.3/avr5\libgcc.a(_ge_sf.o)
 .debug_loc     0x000038ae       0x7e c:/winavr/bin/../lib/gcc/avr/4.3.3/avr5\libgcc.a(_sf_to_si.o)
 .debug_loc     0x0000392c       0x4c c:/winavr/bin/../lib/gcc/avr/4.3.3/avr5\libgcc.a(_usi_to_sf.o)
 .debug_loc     0x00003978       0x94 c:/winavr/bin/../lib/gcc/avr/4.3.3/avr5\libgcc.a(_clzsi2.o)
 .debug_loc     0x00003a0c      0x13e c:/winavr/bin/../lib/gcc/avr/4.3.3/avr5\libgcc.a(_pack_sf.o)
 .debug_loc     0x00003b4a       0xac c:/winavr/bin/../lib/gcc/avr/4.3.3/avr5\libgcc.a(_unpack_sf.o)
 .debug_loc     0x00003bf6       0x50 c:/winavr/bin/../lib/gcc/avr/4.3.3/avr5\libgcc.a(_fpcmp_parts_sf.o)

.debug_macinfo
 *(.debug_macinfo)
OUTPUT(FREE_RTOS.elf elf32-avr)
LOAD linker stubs

.debug_ranges   0x00000000       0xb0
 .debug_ranges  0x00000000       0x18 c:/winavr/bin/../lib/gcc/avr/4.3.3/avr5\libgcc.a(_divdi3.o)
 .debug_ranges  0x00000018       0x18 c:/winavr/bin/../lib/gcc/avr/4.3.3/avr5\libgcc.a(_moddi3.o)
 .debug_ranges  0x00000030       0x18 c:/winavr/bin/../lib/gcc/avr/4.3.3/avr5\libgcc.a(_udivdi3.o)
 .debug_ranges  0x00000048       0x18 c:/winavr/bin/../lib/gcc/avr/4.3.3/avr5\libgcc.a(_umoddi3.o)
 .debug_ranges  0x00000060       0x50 c:/winavr/bin/../lib/gcc/avr/4.3.3/avr5\libgcc.a(_mul_sf.o)
