Archive member included because of file (symbol)

c:/winavr/bin/../lib/gcc/avr/4.3.3/avr5\libgcc.a(_udivmodhi4.o)
                              ./RTOS_STACK/RTOS/RTOS_program.o (__udivmodhi4)
c:/winavr/bin/../lib/gcc/avr/4.3.3/avr5\libgcc.a(_exit.o)
                              c:/winavr/bin/../lib/gcc/avr/4.3.3/../../../../avr/lib/avr5/crtm32.o (exit)
c:/winavr/bin/../lib/gcc/avr/4.3.3/avr5\libgcc.a(_copy_data.o)
                              ./HAL/KEYPAD/KEYPAD_Program.o (__do_copy_data)
c:/winavr/bin/../lib/gcc/avr/4.3.3/avr5\libgcc.a(_clear_bss.o)
                              ./RTOS_STACK/TIMER0/TIMERS_Program.o (__do_clear_bss)
c:/winavr/bin/../lib/gcc/avr/4.3.3/avr5\libgcc.a(_ashldi3.o)
                              ./HAL/LCD/LCD_Program.o (__ashldi3)
c:/winavr/bin/../lib/gcc/avr/4.3.3/avr5\libgcc.a(_fixunssfsi.o)
                              ./HAL/LM35/LM35_Program.o (__fixunssfsi)
c:/winavr/bin/../lib/gcc/avr/4.3.3/avr5\libgcc.a(_divdi3.o)
                              ./HAL/LCD/LCD_Program.o (__divdi3)
c:/winavr/bin/../lib/gcc/avr/4.3.3/avr5\libgcc.a(_moddi3.o)
                              ./HAL/LCD/LCD_Program.o (__moddi3)
c:/winavr/bin/../lib/gcc/avr/4.3.3/avr5\libgcc.a(_udivdi3.o)
                              ./HAL/LCD/LCD_Program.o (__udivdi3)
c:/winavr/bin/../lib/gcc/avr/4.3.3/avr5\libgcc.a(_umoddi3.o)
                              ./HAL/LCD/LCD_Program.o (__umoddi3)
c:/winavr/bin/../lib/gcc/avr/4.3.3/avr5\libgcc.a(_addsub_sf.o)
                              c:/winavr/bin/../lib/gcc/avr/4.3.3/avr5\libgcc.a(_fixunssfsi.o) (__subsf3)
c:/winavr/bin/../lib/gcc/avr/4.3.3/avr5\libgcc.a(_mul_sf.o)
                              ./HAL/LM35/LM35_Program.o (__mulsf3)
c:/winavr/bin/../lib/gcc/avr/4.3.3/avr5\libgcc.a(_ge_sf.o)
                              c:/winavr/bin/../lib/gcc/avr/4.3.3/avr5\libgcc.a(_fixunssfsi.o) (__gesf2)
c:/winavr/bin/../lib/gcc/avr/4.3.3/avr5\libgcc.a(_sf_to_si.o)
                              c:/winavr/bin/../lib/gcc/avr/4.3.3/avr5\libgcc.a(_fixunssfsi.o) (__fixsfsi)
c:/winavr/bin/../lib/gcc/avr/4.3.3/avr5\libgcc.a(_thenan_sf.o)
                              c:/winavr/bin/../lib/gcc/avr/4.3.3/avr5\libgcc.a(_addsub_sf.o) (__thenan_sf)
c:/winavr/bin/../lib/gcc/avr/4.3.3/avr5\libgcc.a(_usi_to_sf.o)
                              ./HAL/LM35/LM35_Program.o (__floatunsisf)
c:/winavr/bin/../lib/gcc/avr/4.3.3/avr5\libgcc.a(_mulsi3.o)
                              c:/winavr/bin/../lib/gcc/avr/4.3.3/avr5\libgcc.a(_divdi3.o) (__mulsi3)
c:/winavr/bin/../lib/gcc/avr/4.3.3/avr5\libgcc.a(_udivmodsi4.o)
                              c:/winavr/bin/../lib/gcc/avr/4.3.3/avr5\libgcc.a(_divdi3.o) (__udivmodsi4)
c:/winavr/bin/../lib/gcc/avr/4.3.3/avr5\libgcc.a(_prologue.o)
                              c:/winavr/bin/../lib/gcc/avr/4.3.3/avr5\libgcc.a(_divdi3.o) (__prologue_saves__)
c:/winavr/bin/../lib/gcc/avr/4.3.3/avr5\libgcc.a(_epilogue.o)
                              c:/winavr/bin/../lib/gcc/avr/4.3.3/avr5\libgcc.a(_divdi3.o) (__epilogue_restores__)
c:/winavr/bin/../lib/gcc/avr/4.3.3/avr5\libgcc.a(_clz.o)
                              c:/winavr/bin/../lib/gcc/avr/4.3.3/avr5\libgcc.a(_divdi3.o) (__clz_tab)
c:/winavr/bin/../lib/gcc/avr/4.3.3/avr5\libgcc.a(_clzsi2.o)
                              c:/winavr/bin/../lib/gcc/avr/4.3.3/avr5\libgcc.a(_usi_to_sf.o) (__clzsi2)
c:/winavr/bin/../lib/gcc/avr/4.3.3/avr5\libgcc.a(_pack_sf.o)
                              c:/winavr/bin/../lib/gcc/avr/4.3.3/avr5\libgcc.a(_addsub_sf.o) (__pack_f)
c:/winavr/bin/../lib/gcc/avr/4.3.3/avr5\libgcc.a(_unpack_sf.o)
                              c:/winavr/bin/../lib/gcc/avr/4.3.3/avr5\libgcc.a(_addsub_sf.o) (__unpack_f)
c:/winavr/bin/../lib/gcc/avr/4.3.3/avr5\libgcc.a(_fpcmp_parts_sf.o)
                              c:/winavr/bin/../lib/gcc/avr/4.3.3/avr5\libgcc.a(_ge_sf.o) (__fpcmp_parts_f)

Memory Configuration

Name             Origin             Length             Attributes
text             0x00000000         0x00020000         xr
data             0x00800060         0x0000ffa0         rw !x
eeprom           0x00810000         0x00010000         rw !x
fuse             0x00820000         0x00000400         rw !x
lock             0x00830000         0x00000400         rw !x
signature        0x00840000         0x00000400         rw !x
*default*        0x00000000         0xffffffff

Linker script and memory map

LOAD c:/winavr/bin/../lib/gcc/avr/4.3.3/../../../../avr/lib/avr5/crtm32.o
LOAD ./RTOS_STACK/TIMER0/TIMERS_Program.o
LOAD ./RTOS_STACK/RTOS/RTOS_program.o
LOAD ./RTOS_STACK/GIE/GIE_Program.o
LOAD ./MCAL/WDT/WDT_Program.o
LOAD ./MCAL/USART/USART_Program.o
LOAD ./MCAL/TWI/TWI_Program.o
LOAD ./MCAL/SPI_NEW/SPI.o
LOAD ./MCAL/SPI/SPI_Program.o
LOAD ./MCAL/PORT/PORT_Program.o
LOAD ./MCAL/LED/LED_Program.o
LOAD ./MCAL/EXTI/EXTI_Program.o
LOAD ./MCAL/EEPROM/EEPROM_Program.o
LOAD ./MCAL/DIO/DIO_Program.o
LOAD ./MCAL/BUZZER/BUZZER_Program.o
LOAD ./MCAL/ADC/ADC_Program.o
LOAD ./HAL/STEPPER/STEPPER_Program.o
LOAD ./HAL/LM35/LM35_Program.o
LOAD ./HAL/LCD/LCD_Program.o
LOAD ./HAL/KEYPAD/KEYPAD_Program.o
LOAD ./HAL/DCMOTOR/DCMOTOR_Program.o
LOAD ./main.o
LOAD c:/winavr/bin/../lib/gcc/avr/4.3.3/avr5\libgcc.a
LOAD c:/winavr/bin/../lib/gcc/avr/4.3.3/../../../../avr/lib/avr5\libc.a
LOAD c:/winavr/bin/../lib/gcc/avr/4.3.3/avr5\libgcc.a

.hash
 *(.hash)

.dynsym
 *(.dynsym)

.dynstr
 *(.dynstr)

.gnu.version
 *(.gnu.version)

.gnu.version_d
 *(.gnu.version_d)

.gnu.version_r
 *(.gnu.version_r)

.rel.init
 *(.rel.init)

.rela.init
 *(.rela.init)

.rel.text
 *(.rel.text)
 *(.rel.text.*)
 *(.rel.gnu.linkonce.t*)

.rela.text
 *(.rela.text)
 *(.rela.text.*)
 *(.rela.gnu.linkonce.t*)

.rel.fini
 *(.rel.fini)

.rela.fini
 *(.rela.fini)

.rel.rodata
 *(.rel.rodata)
 *(.rel.rodata.*)
 *(.rel.gnu.linkonce.r*)

.rela.rodata
 *(.rela.rodata)
 *(.rela.rodata.*)
 *(.rela.gnu.linkonce.r*)

.rel.data
 *(.rel.data)
 *(.rel.data.*)
 *(.rel.gnu.linkonce.d*)

.rela.data
 *(.rela.data)
 *(.rela.data.*)
 *(.rela.gnu.linkonce.d*)

.rel.ctors
 *(.rel.ctors)

.rela.ctors
 *(.rela.ctors)

.rel.dtors
 *(.rel.dtors)

.rela.dtors
 *(.rela.dtors)

.rel.got
 *(.rel.got)

.rela.got
 *(.rela.got)

.rel.bss
 *(.rel.bss)

.rela.bss
 *(.rela.bss)

.rel.plt
 *(.rel.plt)

.rela.plt
 *(.rela.plt)

.text           0x00000000     0x61e4
 *(.vectors)
 .vectors       0x00000000       0x54 c:/winavr/bin/../lib/gcc/avr/4.3.3/../../../../avr/lib/avr5/crtm32.o
                0x00000000                __vectors
                0x00000000                __vector_default
 *(.vectors)
 *(.progmem.gcc*)
 *(.progmem*)
                0x00000054                . = ALIGN (0x2)
                0x00000054                __trampolines_start = .
 *(.trampolines)
 .trampolines   0x00000054        0x0 linker stubs
 *(.trampolines*)
                0x00000054                __trampolines_end = .
 *(.jumptables)
 *(.jumptables*)
 *(.lowtext)
 *(.lowtext*)
                0x00000054                __ctors_start = .
 *(.ctors)
                0x00000054                __ctors_end = .
                0x00000054                __dtors_start = .
 *(.dtors)
                0x00000054                __dtors_end = .
 SORT(*)(.ctors)
 SORT(*)(.dtors)
 *(.init0)
 .init0         0x00000054        0x0 c:/winavr/bin/../lib/gcc/avr/4.3.3/../../../../avr/lib/avr5/crtm32.o
                0x00000054                __init
 *(.init0)
 *(.init1)
 *(.init1)
 *(.init2)
 .init2         0x00000054        0xc c:/winavr/bin/../lib/gcc/avr/4.3.3/../../../../avr/lib/avr5/crtm32.o
 *(.init2)
 *(.init3)
 *(.init3)
 *(.init4)
 .init4         0x00000060       0x16 c:/winavr/bin/../lib/gcc/avr/4.3.3/avr5\libgcc.a(_copy_data.o)
                0x00000060                __do_copy_data
 .init4         0x00000076       0x10 c:/winavr/bin/../lib/gcc/avr/4.3.3/avr5\libgcc.a(_clear_bss.o)
                0x00000076                __do_clear_bss
 *(.init4)
 *(.init5)
 *(.init5)
 *(.init6)
 *(.init6)
 *(.init7)
 *(.init7)
 *(.init8)
 *(.init8)
 *(.init9)
 .init9         0x00000086        0x8 c:/winavr/bin/../lib/gcc/avr/4.3.3/../../../../avr/lib/avr5/crtm32.o
 *(.init9)
 *(.text)
 .text          0x0000008e        0x4 c:/winavr/bin/../lib/gcc/avr/4.3.3/../../../../avr/lib/avr5/crtm32.o
                0x0000008e                __bad_interrupt
                0x0000008e                __vector_6
                0x0000008e                __vector_17
                0x0000008e                __vector_19
                0x0000008e                __vector_7
                0x0000008e                __vector_5
                0x0000008e                __vector_4
                0x0000008e                __vector_9
                0x0000008e                __vector_8
                0x0000008e                __vector_14
                0x0000008e                __vector_16
                0x0000008e                __vector_18
                0x0000008e                __vector_20
 .text          0x00000092        0x0 ./RTOS_STACK/TIMER0/TIMERS_Program.o
 .text          0x00000092        0x0 ./RTOS_STACK/RTOS/RTOS_program.o
 .text          0x00000092        0x0 ./RTOS_STACK/GIE/GIE_Program.o
 .text          0x00000092        0x0 ./MCAL/WDT/WDT_Program.o
 .text          0x00000092        0x0 ./MCAL/USART/USART_Program.o
 .text          0x00000092        0x0 ./MCAL/TWI/TWI_Program.o
 .text          0x00000092        0x0 ./MCAL/SPI_NEW/SPI.o
 .text          0x00000092        0x0 ./MCAL/SPI/SPI_Program.o
 .text          0x00000092        0x0 ./MCAL/PORT/PORT_Program.o
 .text          0x00000092        0x0 ./MCAL/LED/LED_Program.o
 .text          0x00000092        0x0 ./MCAL/EXTI/EXTI_Program.o
 .text          0x00000092        0x0 ./MCAL/EEPROM/EEPROM_Program.o
 .text          0x00000092        0x0 ./MCAL/DIO/DIO_Program.o
 .text          0x00000092        0x0 ./MCAL/BUZZER/BUZZER_Program.o
 .text          0x00000092        0x0 ./MCAL/ADC/ADC_Program.o
 .text          0x00000092        0x0 ./HAL/STEPPER/STEPPER_Program.o
 .text          0x00000092        0x0 ./HAL/LM35/LM35_Program.o
 .text          0x00000092        0x0 ./HAL/LCD/LCD_Program.o
 .text          0x00000092        0x0 ./HAL/KEYPAD/KEYPAD_Program.o
 .text          0x00000092        0x0 ./HAL/DCMOTOR/DCMOTOR_Program.o
 .text          0x00000092        0x0 ./main.o
 .text          0x00000092        0x0 c:/winavr/bin/../lib/gcc/avr/4.3.3/avr5\libgcc.a(_udivmodhi4.o)
 .text          0x00000092        0x0 c:/winavr/bin/../lib/gcc/avr/4.3.3/avr5\libgcc.a(_exit.o)
 .text          0x00000092        0x0 c:/winavr/bin/../lib/gcc/avr/4.3.3/avr5\libgcc.a(_copy_data.o)
 .text          0x00000092        0x0 c:/winavr/bin/../lib/gcc/avr/4.3.3/avr5\libgcc.a(_clear_bss.o)
 .text          0x00000092       0xfe c:/winavr/bin/../lib/gcc/avr/4.3.3/avr5\libgcc.a(_ashldi3.o)
                0x00000092                __ashldi3
 .text          0x00000190       0x58 c:/winavr/bin/../lib/gcc/avr/4.3.3/avr5\libgcc.a(_fixunssfsi.o)
                0x00000190                __fixunssfsi
 .text          0x000001e8     0x1050 c:/winavr/bin/../lib/gcc/avr/4.3.3/avr5\libgcc.a(_divdi3.o)
                0x000001e8                __divdi3
 .text          0x00001238     0x107a c:/winavr/bin/../lib/gcc/avr/4.3.3/avr5\libgcc.a(_moddi3.o)
                0x00001238                __moddi3
 .text          0x000022b2      0xcea c:/winavr/bin/../lib/gcc/avr/4.3.3/avr5\libgcc.a(_udivdi3.o)
                0x000022b2                __udivdi3
 .text          0x00002f9c      0xce0 c:/winavr/bin/../lib/gcc/avr/4.3.3/avr5\libgcc.a(_umoddi3.o)
                0x00002f9c                __umoddi3
 .text          0x00003c7c      0x354 c:/winavr/bin/../lib/gcc/avr/4.3.3/avr5\libgcc.a(_addsub_sf.o)
                0x00003f14                __subsf3
                0x00003f76                __addsf3
 .text          0x00003fd0      0x1f4 c:/winavr/bin/../lib/gcc/avr/4.3.3/avr5\libgcc.a(_mul_sf.o)
                0x00003fd0                __mulsf3
 .text          0x000041c4       0x60 c:/winavr/bin/../lib/gcc/avr/4.3.3/avr5\libgcc.a(_ge_sf.o)
                0x000041c4                __gesf2
 .text          0x00004224       0xa8 c:/winavr/bin/../lib/gcc/avr/4.3.3/avr5\libgcc.a(_sf_to_si.o)
                0x00004224                __fixsfsi
 .text          0x000042cc        0x0 c:/winavr/bin/../lib/gcc/avr/4.3.3/avr5\libgcc.a(_thenan_sf.o)
 .text          0x000042cc       0xf2 c:/winavr/bin/../lib/gcc/avr/4.3.3/avr5\libgcc.a(_usi_to_sf.o)
                0x000042cc                __floatunsisf
 .text          0x000043be        0x0 c:/winavr/bin/../lib/gcc/avr/4.3.3/avr5\libgcc.a(_mulsi3.o)
 .text          0x000043be        0x0 c:/winavr/bin/../lib/gcc/avr/4.3.3/avr5\libgcc.a(_udivmodsi4.o)
 .text          0x000043be        0x0 c:/winavr/bin/../lib/gcc/avr/4.3.3/avr5\libgcc.a(_prologue.o)
 .text          0x000043be        0x0 c:/winavr/bin/../lib/gcc/avr/4.3.3/avr5\libgcc.a(_epilogue.o)
 .text          0x000043be        0x0 c:/winavr/bin/../lib/gcc/avr/4.3.3/avr5\libgcc.a(_clz.o)
 .text          0x000043be       0x9e c:/winavr/bin/../lib/gcc/avr/4.3.3/avr5\libgcc.a(_clzsi2.o)
                0x000043be                __clzsi2
 .text          0x0000445c      0x1aa c:/winavr/bin/../lib/gcc/avr/4.3.3/avr5\libgcc.a(_pack_sf.o)
                0x0000445c                __pack_f
 .text          0x00004606       0xf0 c:/winavr/bin/../lib/gcc/avr/4.3.3/avr5\libgcc.a(_unpack_sf.o)
                0x00004606                __unpack_f
 .text          0x000046f6       0xb2 c:/winavr/bin/../lib/gcc/avr/4.3.3/avr5\libgcc.a(_fpcmp_parts_sf.o)
                0x000046f6                __fpcmp_parts_f
                0x000047a8                . = ALIGN (0x2)
 *(.text.*)
 .text.TIMER0_voidInit
                0x000047a8       0x30 ./RTOS_STACK/TIMER0/TIMERS_Program.o
                0x000047a8                TIMER0_voidInit
 .text.TIMER0_voidSetPreload
                0x000047d8        0x4 ./RTOS_STACK/TIMER0/TIMERS_Program.o
                0x000047d8                TIMER0_voidSetPreload
 .text.TIMER0_voidSetCTC
                0x000047dc        0x4 ./RTOS_STACK/TIMER0/TIMERS_Program.o
                0x000047dc                TIMER0_voidSetCTC
 .text.TIMER0_voidSetFastPWM
                0x000047e0        0x2 ./RTOS_STACK/TIMER0/TIMERS_Program.o
                0x000047e0                TIMER0_voidSetFastPWM
 .text.TIMER0_voidSetPhaseCorrectPWM
                0x000047e2        0x2 ./RTOS_STACK/TIMER0/TIMERS_Program.o
                0x000047e2                TIMER0_voidSetPhaseCorrectPWM
 .text.TIMER0_u8GetTimerCounterValue
                0x000047e4        0x4 ./RTOS_STACK/TIMER0/TIMERS_Program.o
                0x000047e4                TIMER0_u8GetTimerCounterValue
 .text.TIMER_u8SetCallBack
                0x000047e8       0x2e ./RTOS_STACK/TIMER0/TIMERS_Program.o
                0x000047e8                TIMER_u8SetCallBack
 .text.__vector_11
                0x00004816       0x52 ./RTOS_STACK/TIMER0/TIMERS_Program.o
                0x00004816                __vector_11
 .text.__vector_10
                0x00004868       0x52 ./RTOS_STACK/TIMER0/TIMERS_Program.o
                0x00004868                __vector_10
 .text.RTOS_u8CreateTask
                0x000048ba       0x38 ./RTOS_STACK/RTOS/RTOS_program.o
                0x000048ba                RTOS_u8CreateTask
 .text.RTOS_voidSuspendTask
                0x000048f2        0x2 ./RTOS_STACK/RTOS/RTOS_program.o
                0x000048f2                RTOS_voidSuspendTask
 .text.RTOS_voidResumeTask
                0x000048f4        0x2 ./RTOS_STACK/RTOS/RTOS_program.o
                0x000048f4                RTOS_voidResumeTask
 .text.RTOS_voidDeleteTask
                0x000048f6       0x16 ./RTOS_STACK/RTOS/RTOS_program.o
                0x000048f6                RTOS_voidDeleteTask
 .text.voidScheduler
                0x0000490c       0x48 ./RTOS_STACK/RTOS/RTOS_program.o
 .text.RTOS_voidStart
                0x00004954       0x14 ./RTOS_STACK/RTOS/RTOS_program.o
                0x00004954                RTOS_voidStart
 .text.GIE_voidEnable
                0x00004968        0x8 ./RTOS_STACK/GIE/GIE_Program.o
                0x00004968                GIE_voidEnable
 .text.GIE_voidDisable
                0x00004970        0x8 ./RTOS_STACK/GIE/GIE_Program.o
                0x00004970                GIE_voidDisable
 .text.MWDT_SartWDT
                0x00004978       0x80 ./MCAL/WDT/WDT_Program.o
                0x00004978                MWDT_SartWDT
 .text.MWDT_StopWDT
                0x000049f8        0xa ./MCAL/WDT/WDT_Program.o
                0x000049f8                MWDT_StopWDT
 .text.USART_voidInit
                0x00004a02       0x1c ./MCAL/USART/USART_Program.o
                0x00004a02                USART_voidInit
 .text.USART_u8SendData
                0x00004a1e       0x38 ./MCAL/USART/USART_Program.o
                0x00004a1e                USART_u8SendData
 .text.USART_u8RecevieData
                0x00004a56       0x3e ./MCAL/USART/USART_Program.o
                0x00004a56                USART_u8RecevieData
 .text.USART_u8SendStringSynch
                0x00004a94       0x26 ./MCAL/USART/USART_Program.o
                0x00004a94                USART_u8SendStringSynch
 .text.USART_u8SendStringAsynch
                0x00004aba       0x40 ./MCAL/USART/USART_Program.o
                0x00004aba                USART_u8SendStringAsynch
 .text.USART_u8ReceiveBufferSynch
                0x00004afa       0x44 ./MCAL/USART/USART_Program.o
                0x00004afa                USART_u8ReceiveBufferSynch
 .text.USART_u8ReceiveBufferAsynch
                0x00004b3e       0x42 ./MCAL/USART/USART_Program.o
                0x00004b3e                USART_u8ReceiveBufferAsynch
 .text.__vector_13
                0x00004b80       0x7a ./MCAL/USART/USART_Program.o
                0x00004b80                __vector_13
 .text.__vector_15
                0x00004bfa       0x78 ./MCAL/USART/USART_Program.o
                0x00004bfa                __vector_15
 .text.TWI_voidInit
                0x00004c72       0x10 ./MCAL/TWI/TWI_Program.o
                0x00004c72                TWI_voidInit
 .text.TWI_enSendStartCondition
                0x00004c82       0x1a ./MCAL/TWI/TWI_Program.o
                0x00004c82                TWI_enSendStartCondition
 .text.TWI_enSendRepeatedStart
                0x00004c9c        0xe ./MCAL/TWI/TWI_Program.o
                0x00004c9c                TWI_enSendRepeatedStart
 .text.TWI_enSendSlaveAddressWithWriteCmd
                0x00004caa       0x1e ./MCAL/TWI/TWI_Program.o
                0x00004caa                TWI_enSendSlaveAddressWithWriteCmd
 .text.TWI_enSendSlaveAddressWithReadCmd
                0x00004cc8       0x20 ./MCAL/TWI/TWI_Program.o
                0x00004cc8                TWI_enSendSlaveAddressWithReadCmd
 .text.TWI_enSendByte
                0x00004ce8       0x1c ./MCAL/TWI/TWI_Program.o
                0x00004ce8                TWI_enSendByte
 .text.TWI_enReceiveByteAck
                0x00004d04       0x20 ./MCAL/TWI/TWI_Program.o
                0x00004d04                TWI_enReceiveByteAck
 .text.TWI_enReceiveByteNoAck
                0x00004d24       0x26 ./MCAL/TWI/TWI_Program.o
                0x00004d24                TWI_enReceiveByteNoAck
 .text.TWI_voidSendStopCondition
                0x00004d4a        0x6 ./MCAL/TWI/TWI_Program.o
                0x00004d4a                TWI_voidSendStopCondition
 .text.SPI_Init
                0x00004d50        0xe ./MCAL/SPI_NEW/SPI.o
                0x00004d50                SPI_Init
 .text.SPI_SendReceieve
                0x00004d5e        0xa ./MCAL/SPI_NEW/SPI.o
                0x00004d5e                SPI_SendReceieve
 .text.SPI_Receieveperodic
                0x00004d68       0x12 ./MCAL/SPI_NEW/SPI.o
                0x00004d68                SPI_Receieveperodic
 .text.SPI_Receieve
                0x00004d7a        0x4 ./MCAL/SPI_NEW/SPI.o
                0x00004d7a                SPI_Receieve
 .text.SPI_Send
                0x00004d7e        0x4 ./MCAL/SPI_NEW/SPI.o
                0x00004d7e                SPI_Send
 .text.SPI_VoidInit
                0x00004d82       0x14 ./MCAL/SPI/SPI_Program.o
                0x00004d82                SPI_VoidInit
 .text.SPI_u8InitConfig
                0x00004d96       0xfc ./MCAL/SPI/SPI_Program.o
                0x00004d96                SPI_u8InitConfig
 .text.SPI_u8Tranceive
                0x00004e92       0x22 ./MCAL/SPI/SPI_Program.o
                0x00004e92                SPI_u8Tranceive
 .text.SPI_u8BufferTranceiverSynch
                0x00004eb4       0x50 ./MCAL/SPI/SPI_Program.o
                0x00004eb4                SPI_u8BufferTranceiverSynch
 .text.SPI_u8BufferTranceiverAsynch
                0x00004f04       0x64 ./MCAL/SPI/SPI_Program.o
                0x00004f04                SPI_u8BufferTranceiverAsynch
 .text.__vector_12
                0x00004f68       0x88 ./MCAL/SPI/SPI_Program.o
                0x00004f68                __vector_12
 .text.PORT_voidInit
                0x00004ff0       0x18 ./MCAL/PORT/PORT_Program.o
                0x00004ff0                PORT_voidInit
 .text.LED_voidToggle
                0x00005008       0x28 ./MCAL/LED/LED_Program.o
                0x00005008                LED_voidToggle
 .text.LED_voidOff
                0x00005030       0x38 ./MCAL/LED/LED_Program.o
                0x00005030                LED_voidOff
 .text.LED_voidOn
                0x00005068       0x38 ./MCAL/LED/LED_Program.o
                0x00005068                LED_voidOn
 .text.LED_voidInit
                0x000050a0       0x2a ./MCAL/LED/LED_Program.o
                0x000050a0                LED_voidInit
 .text.EXTI_voidInit
                0x000050ca       0x32 ./MCAL/EXTI/EXTI_Program.o
                0x000050ca                EXTI_voidInit
 .text.EXTI_u8SetInt0SenseControl
                0x000050fc       0x42 ./MCAL/EXTI/EXTI_Program.o
                0x000050fc                EXTI_u8SetInt0SenseControl
 .text.EXTI_u8SetInt1SenseControl
                0x0000513e       0x42 ./MCAL/EXTI/EXTI_Program.o
                0x0000513e                EXTI_u8SetInt1SenseControl
 .text.EXTI_u8SetInt2SenseControl
                0x00005180       0x22 ./MCAL/EXTI/EXTI_Program.o
                0x00005180                EXTI_u8SetInt2SenseControl
 .text.EXTI_u8Int0SetCallBack
                0x000051a2       0x14 ./MCAL/EXTI/EXTI_Program.o
                0x000051a2                EXTI_u8Int0SetCallBack
 .text.__vector_1
                0x000051b6       0x52 ./MCAL/EXTI/EXTI_Program.o
                0x000051b6                __vector_1
 .text.EXTI_u8Int1SetCallBack
                0x00005208       0x14 ./MCAL/EXTI/EXTI_Program.o
                0x00005208                EXTI_u8Int1SetCallBack
 .text.__vector_2
                0x0000521c       0x52 ./MCAL/EXTI/EXTI_Program.o
                0x0000521c                __vector_2
 .text.EXTI_u8Int2SetCallBack
                0x0000526e       0x14 ./MCAL/EXTI/EXTI_Program.o
                0x0000526e                EXTI_u8Int2SetCallBack
 .text.__vector_3
                0x00005282       0x52 ./MCAL/EXTI/EXTI_Program.o
                0x00005282                __vector_3
 .text.EEPROM_u8ReadDataByte
                0x000052d4       0x48 ./MCAL/EEPROM/EEPROM_Program.o
                0x000052d4                EEPROM_u8ReadDataByte
 .text.EEPROM_voidSendDataByte
                0x0000531c       0x30 ./MCAL/EEPROM/EEPROM_Program.o
                0x0000531c                EEPROM_voidSendDataByte
 .text.EEPROM_voidInit
                0x0000534c        0x6 ./MCAL/EEPROM/EEPROM_Program.o
                0x0000534c                EEPROM_voidInit
 .text.DIO_u8SetPortValue
                0x00005352       0x28 ./MCAL/DIO/DIO_Program.o
                0x00005352                DIO_u8SetPortValue
 .text.DIO_u8SetPortDirection
                0x0000537a       0x28 ./MCAL/DIO/DIO_Program.o
                0x0000537a                DIO_u8SetPortDirection
 .text.DIO_u8GetPortValue
                0x000053a2       0x38 ./MCAL/DIO/DIO_Program.o
                0x000053a2                DIO_u8GetPortValue
 .text.DIO_u8SetPinValue
                0x000053da       0xf2 ./MCAL/DIO/DIO_Program.o
                0x000053da                DIO_u8SetPinValue
 .text.DIO_u8SetPinDirection
                0x000054cc       0xf2 ./MCAL/DIO/DIO_Program.o
                0x000054cc                DIO_u8SetPinDirection
 .text.DIO_u8GetPinValue
                0x000055be       0x3e ./MCAL/DIO/DIO_Program.o
                0x000055be                DIO_u8GetPinValue
 .text.DIO_u8GetConnectPullUp
                0x000055fc      0x118 ./MCAL/DIO/DIO_Program.o
                0x000055fc                DIO_u8GetConnectPullUp
 .text.DIO_u8TogglePinValue
                0x00005714       0x74 ./MCAL/DIO/DIO_Program.o
                0x00005714                DIO_u8TogglePinValue
 .text.BUZ_voidToggle
                0x00005788       0x28 ./MCAL/BUZZER/BUZZER_Program.o
                0x00005788                BUZ_voidToggle
 .text.BUZ_voidOff
                0x000057b0       0x38 ./MCAL/BUZZER/BUZZER_Program.o
                0x000057b0                BUZ_voidOff
 .text.BUZ_voidOn
                0x000057e8       0x38 ./MCAL/BUZZER/BUZZER_Program.o
                0x000057e8                BUZ_voidOn
 .text.BUZ_voidInit
                0x00005820       0x2a ./MCAL/BUZZER/BUZZER_Program.o
                0x00005820                BUZ_voidInit
 .text.ADC_voidInit
                0x0000584a       0x14 ./MCAL/ADC/ADC_Program.o
                0x0000584a                ADC_voidInit
 .text.ADC_u16GetConversionReading
                0x0000585e       0xc8 ./MCAL/ADC/ADC_Program.o
                0x0000585e                ADC_u16GetConversionReading
 .text.STEPPER_voidRotate
                0x00005926       0x5e ./HAL/STEPPER/STEPPER_Program.o
                0x00005926                STEPPER_voidRotate
 .text.STEPPER_voidInit
                0x00005984       0x2a ./HAL/STEPPER/STEPPER_Program.o
                0x00005984                STEPPER_voidInit
 .text.LM35_u16GetTempReading
                0x000059ae       0x24 ./HAL/LM35/LM35_Program.o
                0x000059ae                LM35_u16GetTempReading
 .text.LM35_voidInit
                0x000059d2        0x6 ./HAL/LM35/LM35_Program.o
                0x000059d2                LM35_voidInit
 .text.LCD_voidSendData
                0x000059d8       0x40 ./HAL/LCD/LCD_Program.o
                0x000059d8                LCD_voidSendData
 .text.LCD_voidSendNumber
                0x00005a18      0x304 ./HAL/LCD/LCD_Program.o
                0x00005a18                LCD_voidSendNumber
 .text.LCD_voidSendString
                0x00005d1c       0x26 ./HAL/LCD/LCD_Program.o
                0x00005d1c                LCD_voidSendString
 .text.LCD_voidSendCommand
                0x00005d42       0x40 ./HAL/LCD/LCD_Program.o
                0x00005d42                LCD_voidSendCommand
 .text.LCD_voidClearScreen
                0x00005d82        0x8 ./HAL/LCD/LCD_Program.o
                0x00005d82                LCD_voidClearScreen
 .text.LCD_voidSetPosition
                0x00005d8a       0x18 ./HAL/LCD/LCD_Program.o
                0x00005d8a                LCD_voidSetPosition
 .text.LCD_voidSendCustomCharacter
                0x00005da2       0x5a ./HAL/LCD/LCD_Program.o
                0x00005da2                LCD_voidSendCustomCharacter
 .text.LCD_voidInit
                0x00005dfc       0x4c ./HAL/LCD/LCD_Program.o
                0x00005dfc                LCD_voidInit
 .text.KEYPAD_u8GetPressed
                0x00005e48      0x106 ./HAL/KEYPAD/KEYPAD_Program.o
                0x00005e48                KEYPAD_u8GetPressed
 .text.KEYPAD_Init
                0x00005f4e       0x7a ./HAL/KEYPAD/KEYPAD_Program.o
                0x00005f4e                KEYPAD_Init
 .text.MOTOR_voidStop
                0x00005fc8       0x16 ./HAL/DCMOTOR/DCMOTOR_Program.o
                0x00005fc8                MOTOR_voidStop
 .text.MOTOR_voidClockwise
                0x00005fde       0x16 ./HAL/DCMOTOR/DCMOTOR_Program.o
                0x00005fde                MOTOR_voidClockwise
 .text.MOTOR_voidCounterClockwise
                0x00005ff4       0x16 ./HAL/DCMOTOR/DCMOTOR_Program.o
                0x00005ff4                MOTOR_voidCounterClockwise
 .text.MOTOR_voidINIT
                0x0000600a       0x16 ./HAL/DCMOTOR/DCMOTOR_Program.o
                0x0000600a                MOTOR_voidINIT
 .text.LCD2     0x00006020       0x3e ./main.o
                0x00006020                LCD2
 .text.LCD1     0x0000605e       0x40 ./main.o
                0x0000605e                LCD1
 .text.main     0x0000609e       0x2a ./main.o
                0x0000609e                main
 .text.libgcc   0x000060c8       0x28 c:/winavr/bin/../lib/gcc/avr/4.3.3/avr5\libgcc.a(_udivmodhi4.o)
                0x000060c8                __udivmodhi4
 .text.libgcc   0x000060f0        0x0 c:/winavr/bin/../lib/gcc/avr/4.3.3/avr5\libgcc.a(_exit.o)
 .text.libgcc   0x000060f0        0x0 c:/winavr/bin/../lib/gcc/avr/4.3.3/avr5\libgcc.a(_copy_data.o)
 .text.libgcc   0x000060f0        0x0 c:/winavr/bin/../lib/gcc/avr/4.3.3/avr5\libgcc.a(_clear_bss.o)
 .text.libgcc   0x000060f0       0x3e c:/winavr/bin/../lib/gcc/avr/4.3.3/avr5\libgcc.a(_mulsi3.o)
                0x000060f0                __mulsi3
 .text.libgcc   0x0000612e       0x44 c:/winavr/bin/../lib/gcc/avr/4.3.3/avr5\libgcc.a(_udivmodsi4.o)
                0x0000612e                __udivmodsi4
 .text.libgcc   0x00006172       0x38 c:/winavr/bin/../lib/gcc/avr/4.3.3/avr5\libgcc.a(_prologue.o)
                0x00006172                __prologue_saves__
 .text.libgcc   0x000061aa       0x36 c:/winavr/bin/../lib/gcc/avr/4.3.3/avr5\libgcc.a(_epilogue.o)
                0x000061aa                __epilogue_restores__
                0x000061e0                . = ALIGN (0x2)
 *(.fini9)
 .fini9         0x000061e0        0x0 c:/winavr/bin/../lib/gcc/avr/4.3.3/avr5\libgcc.a(_exit.o)
                0x000061e0                exit
                0x000061e0                _exit
 *(.fini9)
 *(.fini8)
 *(.fini8)
 *(.fini7)
 *(.fini7)
 *(.fini6)
 *(.fini6)
 *(.fini5)
 *(.fini5)
 *(.fini4)
 *(.fini4)
 *(.fini3)
 *(.fini3)
 *(.fini2)
 *(.fini2)
 *(.fini1)
 *(.fini1)
 *(.fini0)
 .fini0         0x000061e0        0x4 c:/winavr/bin/../lib/gcc/avr/4.3.3/avr5\libgcc.a(_exit.o)
 *(.fini0)
                0x000061e4                _etext = .

.data           0x00800060      0x134 load address 0x000061e4
                0x00800060                PROVIDE (__data_start, .)
 *(.data)
 .data          0x00800060        0x0 c:/winavr/bin/../lib/gcc/avr/4.3.3/../../../../avr/lib/avr5/crtm32.o
 .data          0x00800060        0x0 ./RTOS_STACK/TIMER0/TIMERS_Program.o
 .data          0x00800060        0x0 ./RTOS_STACK/RTOS/RTOS_program.o
 .data          0x00800060        0x0 ./RTOS_STACK/GIE/GIE_Program.o
 .data          0x00800060        0x0 ./MCAL/WDT/WDT_Program.o
 .data          0x00800060        0x0 ./MCAL/USART/USART_Program.o
 .data          0x00800060        0x0 ./MCAL/TWI/TWI_Program.o
 .data          0x00800060        0x0 ./MCAL/SPI_NEW/SPI.o
 .data          0x00800060        0x0 ./MCAL/SPI/SPI_Program.o
 .data          0x00800060        0x0 ./MCAL/PORT/PORT_Program.o
 .data          0x00800060        0x0 ./MCAL/LED/LED_Program.o
 .data          0x00800060        0x0 ./MCAL/EXTI/EXTI_Program.o
 .data          0x00800060        0x0 ./MCAL/EEPROM/EEPROM_Program.o
 .data          0x00800060        0x0 ./MCAL/DIO/DIO_Program.o
 .data          0x00800060        0x0 ./MCAL/BUZZER/BUZZER_Program.o
 .data          0x00800060        0x0 ./MCAL/ADC/ADC_Program.o
 .data          0x00800060        0x0 ./HAL/STEPPER/STEPPER_Program.o
 .data          0x00800060        0x0 ./HAL/LM35/LM35_Program.o
 .data          0x00800060        0x0 ./HAL/LCD/LCD_Program.o
 .data          0x00800060        0x0 ./HAL/KEYPAD/KEYPAD_Program.o
 .data          0x00800060        0x0 ./HAL/DCMOTOR/DCMOTOR_Program.o
 .data          0x00800060       0x1a ./main.o
 .data          0x0080007a        0x0 c:/winavr/bin/../lib/gcc/avr/4.3.3/avr5\libgcc.a(_udivmodhi4.o)
 .data          0x0080007a        0x0 c:/winavr/bin/../lib/gcc/avr/4.3.3/avr5\libgcc.a(_exit.o)
 .data          0x0080007a        0x0 c:/winavr/bin/../lib/gcc/avr/4.3.3/avr5\libgcc.a(_copy_data.o)
 .data          0x0080007a        0x0 c:/winavr/bin/../lib/gcc/avr/4.3.3/avr5\libgcc.a(_clear_bss.o)
 .data          0x0080007a        0x0 c:/winavr/bin/../lib/gcc/avr/4.3.3/avr5\libgcc.a(_ashldi3.o)
 .data          0x0080007a        0x0 c:/winavr/bin/../lib/gcc/avr/4.3.3/avr5\libgcc.a(_fixunssfsi.o)
 .data          0x0080007a        0x0 c:/winavr/bin/../lib/gcc/avr/4.3.3/avr5\libgcc.a(_divdi3.o)
 .data          0x0080007a        0x0 c:/winavr/bin/../lib/gcc/avr/4.3.3/avr5\libgcc.a(_moddi3.o)
 .data          0x0080007a        0x0 c:/winavr/bin/../lib/gcc/avr/4.3.3/avr5\libgcc.a(_udivdi3.o)
 .data          0x0080007a        0x0 c:/winavr/bin/../lib/gcc/avr/4.3.3/avr5\libgcc.a(_umoddi3.o)
 .data          0x0080007a        0x0 c:/winavr/bin/../lib/gcc/avr/4.3.3/avr5\libgcc.a(_addsub_sf.o)
 .data          0x0080007a        0x0 c:/winavr/bin/../lib/gcc/avr/4.3.3/avr5\libgcc.a(_mul_sf.o)
 .data          0x0080007a        0x0 c:/winavr/bin/../lib/gcc/avr/4.3.3/avr5\libgcc.a(_ge_sf.o)
 .data          0x0080007a        0x0 c:/winavr/bin/../lib/gcc/avr/4.3.3/avr5\libgcc.a(_sf_to_si.o)
 .data          0x0080007a        0x8 c:/winavr/bin/../lib/gcc/avr/4.3.3/avr5\libgcc.a(_thenan_sf.o)
                0x0080007a                __thenan_sf
 .data          0x00800082        0x0 c:/winavr/bin/../lib/gcc/avr/4.3.3/avr5\libgcc.a(_usi_to_sf.o)
 .data          0x00800082        0x0 c:/winavr/bin/../lib/gcc/avr/4.3.3/avr5\libgcc.a(_mulsi3.o)
 .data          0x00800082        0x0 c:/winavr/bin/../lib/gcc/avr/4.3.3/avr5\libgcc.a(_udivmodsi4.o)
 .data          0x00800082        0x0 c:/winavr/bin/../lib/gcc/avr/4.3.3/avr5\libgcc.a(_prologue.o)
 .data          0x00800082        0x0 c:/winavr/bin/../lib/gcc/avr/4.3.3/avr5\libgcc.a(_epilogue.o)
 .data          0x00800082      0x100 c:/winavr/bin/../lib/gcc/avr/4.3.3/avr5\libgcc.a(_clz.o)
                0x00800082                __clz_tab
 .data          0x00800182        0x0 c:/winavr/bin/../lib/gcc/avr/4.3.3/avr5\libgcc.a(_clzsi2.o)
 .data          0x00800182        0x0 c:/winavr/bin/../lib/gcc/avr/4.3.3/avr5\libgcc.a(_pack_sf.o)
 .data          0x00800182        0x0 c:/winavr/bin/../lib/gcc/avr/4.3.3/avr5\libgcc.a(_unpack_sf.o)
 .data          0x00800182        0x0 c:/winavr/bin/../lib/gcc/avr/4.3.3/avr5\libgcc.a(_fpcmp_parts_sf.o)
 *(.data*)
 .data.KPD_u8Buttoms
                0x00800182       0x10 ./HAL/KEYPAD/KEYPAD_Program.o
                0x00800182                KPD_u8Buttoms
 .data.Flag.1456
                0x00800192        0x1 ./main.o
 .data.Flag.1445
                0x00800193        0x1 ./main.o
 *(.rodata)
 *(.rodata*)
 *(.gnu.linkonce.d*)
                0x00800194                . = ALIGN (0x2)
                0x00800194                _edata = .
                0x00800194                PROVIDE (__data_end, .)

.bss            0x00800194       0x33
                0x00800194                PROVIDE (__bss_start, .)
 *(.bss)
 .bss           0x00800194        0x0 c:/winavr/bin/../lib/gcc/avr/4.3.3/../../../../avr/lib/avr5/crtm32.o
 .bss           0x00800194        0x0 ./RTOS_STACK/TIMER0/TIMERS_Program.o
 .bss           0x00800194        0x0 ./RTOS_STACK/RTOS/RTOS_program.o
 .bss           0x00800194        0x0 ./RTOS_STACK/GIE/GIE_Program.o
 .bss           0x00800194        0x0 ./MCAL/WDT/WDT_Program.o
 .bss           0x00800194        0x0 ./MCAL/USART/USART_Program.o
 .bss           0x00800194        0x0 ./MCAL/TWI/TWI_Program.o
 .bss           0x00800194        0x0 ./MCAL/SPI_NEW/SPI.o
 .bss           0x00800194        0x0 ./MCAL/SPI/SPI_Program.o
 .bss           0x00800194        0x0 ./MCAL/PORT/PORT_Program.o
 .bss           0x00800194        0x0 ./MCAL/LED/LED_Program.o
 .bss           0x00800194        0x0 ./MCAL/EXTI/EXTI_Program.o
 .bss           0x00800194        0x0 ./MCAL/EEPROM/EEPROM_Program.o
 .bss           0x00800194        0x0 ./MCAL/DIO/DIO_Program.o
 .bss           0x00800194        0x0 ./MCAL/BUZZER/BUZZER_Program.o
 .bss           0x00800194        0x0 ./MCAL/ADC/ADC_Program.o
 .bss           0x00800194        0x0 ./HAL/STEPPER/STEPPER_Program.o
 .bss           0x00800194        0x0 ./HAL/LM35/LM35_Program.o
 .bss           0x00800194        0x0 ./HAL/LCD/LCD_Program.o
 .bss           0x00800194        0x0 ./HAL/KEYPAD/KEYPAD_Program.o
 .bss           0x00800194        0x0 ./HAL/DCMOTOR/DCMOTOR_Program.o
 .bss           0x00800194        0x0 ./main.o
 .bss           0x00800194        0x0 c:/winavr/bin/../lib/gcc/avr/4.3.3/avr5\libgcc.a(_udivmodhi4.o)
 .bss           0x00800194        0x0 c:/winavr/bin/../lib/gcc/avr/4.3.3/avr5\libgcc.a(_exit.o)
 .bss           0x00800194        0x0 c:/winavr/bin/../lib/gcc/avr/4.3.3/avr5\libgcc.a(_copy_data.o)
 .bss           0x00800194        0x0 c:/winavr/bin/../lib/gcc/avr/4.3.3/avr5\libgcc.a(_clear_bss.o)
 .bss           0x00800194        0x0 c:/winavr/bin/../lib/gcc/avr/4.3.3/avr5\libgcc.a(_ashldi3.o)
 .bss           0x00800194        0x0 c:/winavr/bin/../lib/gcc/avr/4.3.3/avr5\libgcc.a(_fixunssfsi.o)
 .bss           0x00800194        0x0 c:/winavr/bin/../lib/gcc/avr/4.3.3/avr5\libgcc.a(_divdi3.o)
 .bss           0x00800194        0x0 c:/winavr/bin/../lib/gcc/avr/4.3.3/avr5\libgcc.a(_moddi3.o)
 .bss           0x00800194        0x0 c:/winavr/bin/../lib/gcc/avr/4.3.3/avr5\libgcc.a(_udivdi3.o)
 .bss           0x00800194        0x0 c:/winavr/bin/../lib/gcc/avr/4.3.3/avr5\libgcc.a(_umoddi3.o)
 .bss           0x00800194        0x0 c:/winavr/bin/../lib/gcc/avr/4.3.3/avr5\libgcc.a(_addsub_sf.o)
 .bss           0x00800194        0x0 c:/winavr/bin/../lib/gcc/avr/4.3.3/avr5\libgcc.a(_mul_sf.o)
 .bss           0x00800194        0x0 c:/winavr/bin/../lib/gcc/avr/4.3.3/avr5\libgcc.a(_ge_sf.o)
 .bss           0x00800194        0x0 c:/winavr/bin/../lib/gcc/avr/4.3.3/avr5\libgcc.a(_sf_to_si.o)
 .bss           0x00800194        0x0 c:/winavr/bin/../lib/gcc/avr/4.3.3/avr5\libgcc.a(_thenan_sf.o)
 .bss           0x00800194        0x0 c:/winavr/bin/../lib/gcc/avr/4.3.3/avr5\libgcc.a(_usi_to_sf.o)
 .bss           0x00800194        0x0 c:/winavr/bin/../lib/gcc/avr/4.3.3/avr5\libgcc.a(_mulsi3.o)
 .bss           0x00800194        0x0 c:/winavr/bin/../lib/gcc/avr/4.3.3/avr5\libgcc.a(_udivmodsi4.o)
 .bss           0x00800194        0x0 c:/winavr/bin/../lib/gcc/avr/4.3.3/avr5\libgcc.a(_prologue.o)
 .bss           0x00800194        0x0 c:/winavr/bin/../lib/gcc/avr/4.3.3/avr5\libgcc.a(_epilogue.o)
 .bss           0x00800194        0x0 c:/winavr/bin/../lib/gcc/avr/4.3.3/avr5\libgcc.a(_clz.o)
 .bss           0x00800194        0x0 c:/winavr/bin/../lib/gcc/avr/4.3.3/avr5\libgcc.a(_clzsi2.o)
 .bss           0x00800194        0x0 c:/winavr/bin/../lib/gcc/avr/4.3.3/avr5\libgcc.a(_pack_sf.o)
 .bss           0x00800194        0x0 c:/winavr/bin/../lib/gcc/avr/4.3.3/avr5\libgcc.a(_unpack_sf.o)
 .bss           0x00800194        0x0 c:/winavr/bin/../lib/gcc/avr/4.3.3/avr5\libgcc.a(_fpcmp_parts_sf.o)
 *(.bss*)
 .bss.TIMERS_ptfCallBackFuncArr
                0x00800194        0x4 ./RTOS_STACK/TIMER0/TIMERS_Program.o
 .bss.SystemTasks
                0x00800198       0x14 ./RTOS_STACK/RTOS/RTOS_program.o
                0x00800198                SystemTasks
 .bss.Local_u16TickCounter.1267
                0x008001ac        0x2 ./RTOS_STACK/RTOS/RTOS_program.o
 .bss.USART_pu8SendData
                0x008001ae        0x2 ./MCAL/USART/USART_Program.o
 .bss.USART_u8State
                0x008001b0        0x1 ./MCAL/USART/USART_Program.o
 .bss.USART_pvNotificationFunc
                0x008001b1        0x2 ./MCAL/USART/USART_Program.o
 .bss.USART_pu8ReceiveData
                0x008001b3        0x2 ./MCAL/USART/USART_Program.o
 .bss.USART_u8BufferSize
                0x008001b5        0x1 ./MCAL/USART/USART_Program.o
 .bss.USART_u8Index
                0x008001b6        0x1 ./MCAL/USART/USART_Program.o
 .bss.SPI_pu8RData
                0x008001b7        0x2 ./MCAL/SPI/SPI_Program.o
 .bss.SPI_u8State
                0x008001b9        0x1 ./MCAL/SPI/SPI_Program.o
 .bss.SPI_pvNotificationFunc
                0x008001ba        0x2 ./MCAL/SPI/SPI_Program.o
 .bss.SPI_pu8TData
                0x008001bc        0x2 ./MCAL/SPI/SPI_Program.o
 .bss.SPI_u8BufferSize
                0x008001be        0x1 ./MCAL/SPI/SPI_Program.o
 .bss.SPI_u8Index
                0x008001bf        0x1 ./MCAL/SPI/SPI_Program.o
 .bss.Global_pvInt2NotifcationFunction
                0x008001c0        0x2 ./MCAL/EXTI/EXTI_Program.o
 .bss.Global_pvInt1NotifcationFunction
                0x008001c2        0x2 ./MCAL/EXTI/EXTI_Program.o
 .bss.Global_pvInt0NotifcationFunction
                0x008001c4        0x2 ./MCAL/EXTI/EXTI_Program.o
 .bss.Global_u8BtnState
                0x008001c6        0x1 ./main.o
                0x008001c6                Global_u8BtnState
 *(COMMON)
                0x008001c7                PROVIDE (__bss_end, .)
                0x000061e4                __data_load_start = LOADADDR (.data)
                0x00006318                __data_load_end = (__data_load_start + SIZEOF (.data))

.noinit         0x008001c7        0x0
                0x008001c7                PROVIDE (__noinit_start, .)
 *(.noinit*)
                0x008001c7                PROVIDE (__noinit_end, .)
                0x008001c7                _end = .
                0x008001c7                PROVIDE (__heap_start, .)

.eeprom         0x00810000        0x0
 *(.eeprom*)
                0x00810000                __eeprom_end = .

.fuse
 *(.fuse)
 *(.lfuse)
 *(.hfuse)
 *(.efuse)

.lock
 *(.lock*)

.signature
 *(.signature*)

.stab           0x00000000     0x5b50
 *(.stab)
 .stab          0x00000000      0x444 ./RTOS_STACK/TIMER0/TIMERS_Program.o
 .stab          0x00000444      0x3d8 ./RTOS_STACK/RTOS/RTOS_program.o
                                0x3e4 (size before relaxing)
 .stab          0x0000081c      0x204 ./RTOS_STACK/GIE/GIE_Program.o
                                0x210 (size before relaxing)
 .stab          0x00000a20      0x2d0 ./MCAL/WDT/WDT_Program.o
                                0x2dc (size before relaxing)
 .stab          0x00000cf0      0x7a4 ./MCAL/USART/USART_Program.o
                                0x7b0 (size before relaxing)
 .stab          0x00001494      0x588 ./MCAL/TWI/TWI_Program.o
                                0x594 (size before relaxing)
 .stab          0x00001a1c      0x33c ./MCAL/SPI_NEW/SPI.o
                                0x348 (size before relaxing)
 .stab          0x00001d58      0x708 ./MCAL/SPI/SPI_Program.o
                                0x714 (size before relaxing)
 .stab          0x00002460      0x228 ./MCAL/PORT/PORT_Program.o
                                0x234 (size before relaxing)
 .stab          0x00002688      0x318 ./MCAL/LED/LED_Program.o
                                0x324 (size before relaxing)
 .stab          0x000029a0      0x558 ./MCAL/EXTI/EXTI_Program.o
                                0x564 (size before relaxing)
 .stab          0x00002ef8      0x4ec ./MCAL/EEPROM/EEPROM_Program.o
                                0x4f8 (size before relaxing)
 .stab          0x000033e4      0x870 ./MCAL/DIO/DIO_Program.o
                                0x87c (size before relaxing)
 .stab          0x00003c54      0x318 ./MCAL/BUZZER/BUZZER_Program.o
                                0x324 (size before relaxing)
 .stab          0x00003f6c      0x5a0 ./MCAL/ADC/ADC_Program.o
                                0x5ac (size before relaxing)
 .stab          0x0000450c      0x2b8 ./HAL/STEPPER/STEPPER_Program.o
                                0x45c (size before relaxing)
 .stab          0x000047c4      0x210 ./HAL/LM35/LM35_Program.o
                                0x21c (size before relaxing)
 .stab          0x000049d4      0x66c ./HAL/LCD/LCD_Program.o
                                0x810 (size before relaxing)
 .stab          0x00005040      0x4e0 ./HAL/KEYPAD/KEYPAD_Program.o
                                0x684 (size before relaxing)
 .stab          0x00005520      0x294 ./HAL/DCMOTOR/DCMOTOR_Program.o
                                0x2a0 (size before relaxing)
 .stab          0x000057b4      0x39c ./main.o
                                0x588 (size before relaxing)

.stabstr        0x00000000     0x23fa
 *(.stabstr)
 .stabstr       0x00000000     0x23fa ./RTOS_STACK/TIMER0/TIMERS_Program.o

.stab.excl
 *(.stab.excl)

.stab.exclstr
 *(.stab.exclstr)

.stab.index
 *(.stab.index)

.stab.indexstr
 *(.stab.indexstr)

.comment
 *(.comment)

.debug
 *(.debug)

.line
 *(.line)

.debug_srcinfo
 *(.debug_srcinfo)

.debug_sfnames
 *(.debug_sfnames)

.debug_aranges  0x00000000      0x1e0
 *(.debug_aranges)
 .debug_aranges
                0x00000000       0x20 c:/winavr/bin/../lib/gcc/avr/4.3.3/avr5\libgcc.a(_ashldi3.o)
 .debug_aranges
                0x00000020       0x20 c:/winavr/bin/../lib/gcc/avr/4.3.3/avr5\libgcc.a(_fixunssfsi.o)
 .debug_aranges
                0x00000040       0x20 c:/winavr/bin/../lib/gcc/avr/4.3.3/avr5\libgcc.a(_divdi3.o)
 .debug_aranges
                0x00000060       0x20 c:/winavr/bin/../lib/gcc/avr/4.3.3/avr5\libgcc.a(_moddi3.o)
 .debug_aranges
                0x00000080       0x20 c:/winavr/bin/../lib/gcc/avr/4.3.3/avr5\libgcc.a(_udivdi3.o)
 .debug_aranges
                0x000000a0       0x20 c:/winavr/bin/../lib/gcc/avr/4.3.3/avr5\libgcc.a(_umoddi3.o)
 .debug_aranges
                0x000000c0       0x20 c:/winavr/bin/../lib/gcc/avr/4.3.3/avr5\libgcc.a(_addsub_sf.o)
 .debug_aranges
                0x000000e0       0x20 c:/winavr/bin/../lib/gcc/avr/4.3.3/avr5\libgcc.a(_mul_sf.o)
 .debug_aranges
                0x00000100       0x20 c:/winavr/bin/../lib/gcc/avr/4.3.3/avr5\libgcc.a(_ge_sf.o)
 .debug_aranges
                0x00000120       0x20 c:/winavr/bin/../lib/gcc/avr/4.3.3/avr5\libgcc.a(_sf_to_si.o)
 .debug_aranges
                0x00000140       0x20 c:/winavr/bin/../lib/gcc/avr/4.3.3/avr5\libgcc.a(_usi_to_sf.o)
 .debug_aranges
                0x00000160       0x20 c:/winavr/bin/../lib/gcc/avr/4.3.3/avr5\libgcc.a(_clzsi2.o)
 .debug_aranges
                0x00000180       0x20 c:/winavr/bin/../lib/gcc/avr/4.3.3/avr5\libgcc.a(_pack_sf.o)
 .debug_aranges
                0x000001a0       0x20 c:/winavr/bin/../lib/gcc/avr/4.3.3/avr5\libgcc.a(_unpack_sf.o)
 .debug_aranges
                0x000001c0       0x20 c:/winavr/bin/../lib/gcc/avr/4.3.3/avr5\libgcc.a(_fpcmp_parts_sf.o)

.debug_pubnames
                0x00000000      0x235
 *(.debug_pubnames)
 .debug_pubnames
                0x00000000       0x20 c:/winavr/bin/../lib/gcc/avr/4.3.3/avr5\libgcc.a(_ashldi3.o)
 .debug_pubnames
                0x00000020       0x23 c:/winavr/bin/../lib/gcc/avr/4.3.3/avr5\libgcc.a(_fixunssfsi.o)
 .debug_pubnames
                0x00000043       0x1f c:/winavr/bin/../lib/gcc/avr/4.3.3/avr5\libgcc.a(_divdi3.o)
 .debug_pubnames
                0x00000062       0x1f c:/winavr/bin/../lib/gcc/avr/4.3.3/avr5\libgcc.a(_moddi3.o)
 .debug_pubnames
                0x00000081       0x20 c:/winavr/bin/../lib/gcc/avr/4.3.3/avr5\libgcc.a(_udivdi3.o)
 .debug_pubnames
                0x000000a1       0x20 c:/winavr/bin/../lib/gcc/avr/4.3.3/avr5\libgcc.a(_umoddi3.o)
 .debug_pubnames
                0x000000c1       0x2c c:/winavr/bin/../lib/gcc/avr/4.3.3/avr5\libgcc.a(_addsub_sf.o)
 .debug_pubnames
                0x000000ed       0x1f c:/winavr/bin/../lib/gcc/avr/4.3.3/avr5\libgcc.a(_mul_sf.o)
 .debug_pubnames
                0x0000010c       0x1e c:/winavr/bin/../lib/gcc/avr/4.3.3/avr5\libgcc.a(_ge_sf.o)
 .debug_pubnames
                0x0000012a       0x20 c:/winavr/bin/../lib/gcc/avr/4.3.3/avr5\libgcc.a(_sf_to_si.o)
 .debug_pubnames
                0x0000014a       0x22 c:/winavr/bin/../lib/gcc/avr/4.3.3/avr5\libgcc.a(_thenan_sf.o)
 .debug_pubnames
                0x0000016c       0x24 c:/winavr/bin/../lib/gcc/avr/4.3.3/avr5\libgcc.a(_usi_to_sf.o)
 .debug_pubnames
                0x00000190       0x20 c:/winavr/bin/../lib/gcc/avr/4.3.3/avr5\libgcc.a(_clz.o)
 .debug_pubnames
                0x000001b0       0x1f c:/winavr/bin/../lib/gcc/avr/4.3.3/avr5\libgcc.a(_clzsi2.o)
 .debug_pubnames
                0x000001cf       0x1f c:/winavr/bin/../lib/gcc/avr/4.3.3/avr5\libgcc.a(_pack_sf.o)
 .debug_pubnames
                0x000001ee       0x21 c:/winavr/bin/../lib/gcc/avr/4.3.3/avr5\libgcc.a(_unpack_sf.o)
 .debug_pubnames
                0x0000020f       0x26 c:/winavr/bin/../lib/gcc/avr/4.3.3/avr5\libgcc.a(_fpcmp_parts_sf.o)

.debug_info     0x00000000     0x39dc
 *(.debug_info)
 .debug_info    0x00000000      0x17f c:/winavr/bin/../lib/gcc/avr/4.3.3/avr5\libgcc.a(_ashldi3.o)
 .debug_info    0x0000017f       0xb1 c:/winavr/bin/../lib/gcc/avr/4.3.3/avr5\libgcc.a(_fixunssfsi.o)
 .debug_info    0x00000230      0x756 c:/winavr/bin/../lib/gcc/avr/4.3.3/avr5\libgcc.a(_divdi3.o)
 .debug_info    0x00000986      0x781 c:/winavr/bin/../lib/gcc/avr/4.3.3/avr5\libgcc.a(_moddi3.o)
 .debug_info    0x00001107      0x71e c:/winavr/bin/../lib/gcc/avr/4.3.3/avr5\libgcc.a(_udivdi3.o)
 .debug_info    0x00001825      0x757 c:/winavr/bin/../lib/gcc/avr/4.3.3/avr5\libgcc.a(_umoddi3.o)
 .debug_info    0x00001f7c      0x47a c:/winavr/bin/../lib/gcc/avr/4.3.3/avr5\libgcc.a(_addsub_sf.o)
 .debug_info    0x000023f6      0x485 c:/winavr/bin/../lib/gcc/avr/4.3.3/avr5\libgcc.a(_mul_sf.o)
 .debug_info    0x0000287b      0x27f c:/winavr/bin/../lib/gcc/avr/4.3.3/avr5\libgcc.a(_ge_sf.o)
 .debug_info    0x00002afa      0x2b0 c:/winavr/bin/../lib/gcc/avr/4.3.3/avr5\libgcc.a(_sf_to_si.o)
 .debug_info    0x00002daa      0x12c c:/winavr/bin/../lib/gcc/avr/4.3.3/avr5\libgcc.a(_thenan_sf.o)
 .debug_info    0x00002ed6      0x206 c:/winavr/bin/../lib/gcc/avr/4.3.3/avr5\libgcc.a(_usi_to_sf.o)
 .debug_info    0x000030dc       0xa9 c:/winavr/bin/../lib/gcc/avr/4.3.3/avr5\libgcc.a(_clz.o)
 .debug_info    0x00003185      0x117 c:/winavr/bin/../lib/gcc/avr/4.3.3/avr5\libgcc.a(_clzsi2.o)
 .debug_info    0x0000329c      0x2df c:/winavr/bin/../lib/gcc/avr/4.3.3/avr5\libgcc.a(_pack_sf.o)
 .debug_info    0x0000357b      0x251 c:/winavr/bin/../lib/gcc/avr/4.3.3/avr5\libgcc.a(_unpack_sf.o)
 .debug_info    0x000037cc      0x210 c:/winavr/bin/../lib/gcc/avr/4.3.3/avr5\libgcc.a(_fpcmp_parts_sf.o)
 *(.gnu.linkonce.wi.*)

.debug_abbrev   0x00000000     0x15f9
 *(.debug_abbrev)
 .debug_abbrev  0x00000000       0xee c:/winavr/bin/../lib/gcc/avr/4.3.3/avr5\libgcc.a(_ashldi3.o)
 .debug_abbrev  0x000000ee       0x5d c:/winavr/bin/../lib/gcc/avr/4.3.3/avr5\libgcc.a(_fixunssfsi.o)
 .debug_abbrev  0x0000014b      0x19f c:/winavr/bin/../lib/gcc/avr/4.3.3/avr5\libgcc.a(_divdi3.o)
 .debug_abbrev  0x000002ea      0x19f c:/winavr/bin/../lib/gcc/avr/4.3.3/avr5\libgcc.a(_moddi3.o)
 .debug_abbrev  0x00000489      0x181 c:/winavr/bin/../lib/gcc/avr/4.3.3/avr5\libgcc.a(_udivdi3.o)
 .debug_abbrev  0x0000060a      0x190 c:/winavr/bin/../lib/gcc/avr/4.3.3/avr5\libgcc.a(_umoddi3.o)
 .debug_abbrev  0x0000079a      0x1ea c:/winavr/bin/../lib/gcc/avr/4.3.3/avr5\libgcc.a(_addsub_sf.o)
 .debug_abbrev  0x00000984      0x21b c:/winavr/bin/../lib/gcc/avr/4.3.3/avr5\libgcc.a(_mul_sf.o)
 .debug_abbrev  0x00000b9f      0x15a c:/winavr/bin/../lib/gcc/avr/4.3.3/avr5\libgcc.a(_ge_sf.o)
 .debug_abbrev  0x00000cf9      0x17f c:/winavr/bin/../lib/gcc/avr/4.3.3/avr5\libgcc.a(_sf_to_si.o)
 .debug_abbrev  0x00000e78       0xad c:/winavr/bin/../lib/gcc/avr/4.3.3/avr5\libgcc.a(_thenan_sf.o)
 .debug_abbrev  0x00000f25      0x157 c:/winavr/bin/../lib/gcc/avr/4.3.3/avr5\libgcc.a(_usi_to_sf.o)
 .debug_abbrev  0x0000107c       0x6a c:/winavr/bin/../lib/gcc/avr/4.3.3/avr5\libgcc.a(_clz.o)
 .debug_abbrev  0x000010e6       0xc4 c:/winavr/bin/../lib/gcc/avr/4.3.3/avr5\libgcc.a(_clzsi2.o)
 .debug_abbrev  0x000011aa      0x1c0 c:/winavr/bin/../lib/gcc/avr/4.3.3/avr5\libgcc.a(_pack_sf.o)
 .debug_abbrev  0x0000136a      0x154 c:/winavr/bin/../lib/gcc/avr/4.3.3/avr5\libgcc.a(_unpack_sf.o)
 .debug_abbrev  0x000014be      0x13b c:/winavr/bin/../lib/gcc/avr/4.3.3/avr5\libgcc.a(_fpcmp_parts_sf.o)

.debug_line     0x00000000     0x17e2
 *(.debug_line)
 .debug_line    0x00000000       0xd7 c:/winavr/bin/../lib/gcc/avr/4.3.3/avr5\libgcc.a(_ashldi3.o)
 .debug_line    0x000000d7       0xa7 c:/winavr/bin/../lib/gcc/avr/4.3.3/avr5\libgcc.a(_fixunssfsi.o)
 .debug_line    0x0000017e      0x228 c:/winavr/bin/../lib/gcc/avr/4.3.3/avr5\libgcc.a(_divdi3.o)
 .debug_line    0x000003a6      0x280 c:/winavr/bin/../lib/gcc/avr/4.3.3/avr5\libgcc.a(_moddi3.o)
 .debug_line    0x00000626      0x1d8 c:/winavr/bin/../lib/gcc/avr/4.3.3/avr5\libgcc.a(_udivdi3.o)
 .debug_line    0x000007fe      0x230 c:/winavr/bin/../lib/gcc/avr/4.3.3/avr5\libgcc.a(_umoddi3.o)
 .debug_line    0x00000a2e      0x2af c:/winavr/bin/../lib/gcc/avr/4.3.3/avr5\libgcc.a(_addsub_sf.o)
 .debug_line    0x00000cdd      0x239 c:/winavr/bin/../lib/gcc/avr/4.3.3/avr5\libgcc.a(_mul_sf.o)
 .debug_line    0x00000f16       0xd3 c:/winavr/bin/../lib/gcc/avr/4.3.3/avr5\libgcc.a(_ge_sf.o)
 .debug_line    0x00000fe9      0x109 c:/winavr/bin/../lib/gcc/avr/4.3.3/avr5\libgcc.a(_sf_to_si.o)
 .debug_line    0x000010f2       0x90 c:/winavr/bin/../lib/gcc/avr/4.3.3/avr5\libgcc.a(_thenan_sf.o)
 .debug_line    0x00001182      0x133 c:/winavr/bin/../lib/gcc/avr/4.3.3/avr5\libgcc.a(_usi_to_sf.o)
 .debug_line    0x000012b5       0x7c c:/winavr/bin/../lib/gcc/avr/4.3.3/avr5\libgcc.a(_clz.o)
 .debug_line    0x00001331       0xa5 c:/winavr/bin/../lib/gcc/avr/4.3.3/avr5\libgcc.a(_clzsi2.o)
 .debug_line    0x000013d6      0x18a c:/winavr/bin/../lib/gcc/avr/4.3.3/avr5\libgcc.a(_pack_sf.o)
 .debug_line    0x00001560      0x14b c:/winavr/bin/../lib/gcc/avr/4.3.3/avr5\libgcc.a(_unpack_sf.o)
 .debug_line    0x000016ab      0x137 c:/winavr/bin/../lib/gcc/avr/4.3.3/avr5\libgcc.a(_fpcmp_parts_sf.o)

.debug_frame    0x00000000      0x200
 *(.debug_frame)
 .debug_frame   0x00000000       0x20 c:/winavr/bin/../lib/gcc/avr/4.3.3/avr5\libgcc.a(_ashldi3.o)
 .debug_frame   0x00000020       0x20 c:/winavr/bin/../lib/gcc/avr/4.3.3/avr5\libgcc.a(_fixunssfsi.o)
 .debug_frame   0x00000040       0x20 c:/winavr/bin/../lib/gcc/avr/4.3.3/avr5\libgcc.a(_divdi3.o)
 .debug_frame   0x00000060       0x20 c:/winavr/bin/../lib/gcc/avr/4.3.3/avr5\libgcc.a(_moddi3.o)
 .debug_frame   0x00000080       0x20 c:/winavr/bin/../lib/gcc/avr/4.3.3/avr5\libgcc.a(_udivdi3.o)
 .debug_frame   0x000000a0       0x20 c:/winavr/bin/../lib/gcc/avr/4.3.3/avr5\libgcc.a(_umoddi3.o)
 .debug_frame   0x000000c0       0x40 c:/winavr/bin/../lib/gcc/avr/4.3.3/avr5\libgcc.a(_addsub_sf.o)
 .debug_frame   0x00000100       0x20 c:/winavr/bin/../lib/gcc/avr/4.3.3/avr5\libgcc.a(_mul_sf.o)
 .debug_frame   0x00000120       0x20 c:/winavr/bin/../lib/gcc/avr/4.3.3/avr5\libgcc.a(_ge_sf.o)
 .debug_frame   0x00000140       0x20 c:/winavr/bin/../lib/gcc/avr/4.3.3/avr5\libgcc.a(_sf_to_si.o)
 .debug_frame   0x00000160       0x20 c:/winavr/bin/../lib/gcc/avr/4.3.3/avr5\libgcc.a(_usi_to_sf.o)
 .debug_frame   0x00000180       0x20 c:/winavr/bin/../lib/gcc/avr/4.3.3/avr5\libgcc.a(_clzsi2.o)
 .debug_frame   0x000001a0       0x20 c:/winavr/bin/../lib/gcc/avr/4.3.3/avr5\libgcc.a(_pack_sf.o)
 .debug_frame   0x000001c0       0x20 c:/winavr/bin/../lib/gcc/avr/4.3.3/avr5\libgcc.a(_unpack_sf.o)
 .debug_frame   0x000001e0       0x20 c:/winavr/bin/../lib/gcc/avr/4.3.3/avr5\libgcc.a(_fpcmp_parts_sf.o)

.debug_str      0x00000000      0x366
 *(.debug_str)
 .debug_str     0x00000000       0xdf c:/winavr/bin/../lib/gcc/avr/4.3.3/avr5\libgcc.a(_ashldi3.o)
                                0x131 (size before relaxing)
 .debug_str     0x000000df       0x14 c:/winavr/bin/../lib/gcc/avr/4.3.3/avr5\libgcc.a(_fixunssfsi.o)
                                 0xfe (size before relaxing)
 .debug_str     0x000000f3       0x7b c:/winavr/bin/../lib/gcc/avr/4.3.3/avr5\libgcc.a(_divdi3.o)
                                0x189 (size before relaxing)
 .debug_str     0x0000016e        0x9 c:/winavr/bin/../lib/gcc/avr/4.3.3/avr5\libgcc.a(_moddi3.o)
                                0x189 (size before relaxing)
 .debug_str     0x00000177        0xa c:/winavr/bin/../lib/gcc/avr/4.3.3/avr5\libgcc.a(_udivdi3.o)
                                0x18a (size before relaxing)
 .debug_str     0x00000181        0xa c:/winavr/bin/../lib/gcc/avr/4.3.3/avr5\libgcc.a(_umoddi3.o)
                                0x18a (size before relaxing)
 .debug_str     0x0000018b      0x14d c:/winavr/bin/../lib/gcc/avr/4.3.3/avr5\libgcc.a(_addsub_sf.o)
                                0x206 (size before relaxing)
 .debug_str     0x000002d8       0x27 c:/winavr/bin/../lib/gcc/avr/4.3.3/avr5\libgcc.a(_mul_sf.o)
                                0x1bf (size before relaxing)
 .debug_str     0x000002ff        0x8 c:/winavr/bin/../lib/gcc/avr/4.3.3/avr5\libgcc.a(_ge_sf.o)
                                0x195 (size before relaxing)
 .debug_str     0x00000307        0xa c:/winavr/bin/../lib/gcc/avr/4.3.3/avr5\libgcc.a(_sf_to_si.o)
                                0x19e (size before relaxing)
 .debug_str     0x00000000      0x103 c:/winavr/bin/../lib/gcc/avr/4.3.3/avr5\libgcc.a(_thenan_sf.o)
 .debug_str     0x00000311       0x21 c:/winavr/bin/../lib/gcc/avr/4.3.3/avr5\libgcc.a(_usi_to_sf.o)
                                0x177 (size before relaxing)
 .debug_str     0x00000000       0xf4 c:/winavr/bin/../lib/gcc/avr/4.3.3/avr5\libgcc.a(_clz.o)
 .debug_str     0x00000332        0x9 c:/winavr/bin/../lib/gcc/avr/4.3.3/avr5\libgcc.a(_clzsi2.o)
                                0x111 (size before relaxing)
 .debug_str     0x0000033b       0x10 c:/winavr/bin/../lib/gcc/avr/4.3.3/avr5\libgcc.a(_pack_sf.o)
                                0x19d (size before relaxing)
 .debug_str     0x0000034b        0xb c:/winavr/bin/../lib/gcc/avr/4.3.3/avr5\libgcc.a(_unpack_sf.o)
                                0x17f (size before relaxing)
 .debug_str     0x00000356       0x10 c:/winavr/bin/../lib/gcc/avr/4.3.3/avr5\libgcc.a(_fpcmp_parts_sf.o)
                                0x163 (size before relaxing)

.debug_loc      0x00000000     0x3c46
 *(.debug_loc)
 .debug_loc     0x00000000       0xf8 c:/winavr/bin/../lib/gcc/avr/4.3.3/avr5\libgcc.a(_ashldi3.o)
 .debug_loc     0x000000f8       0x34 c:/winavr/bin/../lib/gcc/avr/4.3.3/avr5\libgcc.a(_fixunssfsi.o)
 .debug_loc     0x0000012c      0xe71 c:/winavr/bin/../lib/gcc/avr/4.3.3/avr5\libgcc.a(_divdi3.o)
 .debug_loc     0x00000f9d      0xb81 c:/winavr/bin/../lib/gcc/avr/4.3.3/avr5\libgcc.a(_moddi3.o)
 .debug_loc     0x00001b1e      0xe74 c:/winavr/bin/../lib/gcc/avr/4.3.3/avr5\libgcc.a(_udivdi3.o)
 .debug_loc     0x00002992      0xab2 c:/winavr/bin/../lib/gcc/avr/4.3.3/avr5\libgcc.a(_umoddi3.o)
 .debug_loc     0x00003444      0x32a c:/winavr/bin/../lib/gcc/avr/4.3.3/avr5\libgcc.a(_addsub_sf.o)
 .debug_loc     0x0000376e      0x104 c:/winavr/bin/../lib/gcc/avr/4.3.3/avr5\libgcc.a(_mul_sf.o)
 .debug_loc     0x00003872       0x3c c:/winavr/bin/../lib/gcc/avr/4.3.3/avr5\libgcc.a(_ge_sf.o)
 .debug_loc     0x000038ae       0x7e c:/winavr/bin/../lib/gcc/avr/4.3.3/avr5\libgcc.a(_sf_to_si.o)
 .debug_loc     0x0000392c       0x4c c:/winavr/bin/../lib/gcc/avr/4.3.3/avr5\libgcc.a(_usi_to_sf.o)
 .debug_loc     0x00003978       0x94 c:/winavr/bin/../lib/gcc/avr/4.3.3/avr5\libgcc.a(_clzsi2.o)
 .debug_loc     0x00003a0c      0x13e c:/winavr/bin/../lib/gcc/avr/4.3.3/avr5\libgcc.a(_pack_sf.o)
 .debug_loc     0x00003b4a       0xac c:/winavr/bin/../lib/gcc/avr/4.3.3/avr5\libgcc.a(_unpack_sf.o)
 .debug_loc     0x00003bf6       0x50 c:/winavr/bin/../lib/gcc/avr/4.3.3/avr5\libgcc.a(_fpcmp_parts_sf.o)

.debug_macinfo
 *(.debug_macinfo)
OUTPUT(RTOS.elf elf32-avr)
LOAD linker stubs

.debug_ranges   0x00000000       0xb0
 .debug_ranges  0x00000000       0x18 c:/winavr/bin/../lib/gcc/avr/4.3.3/avr5\libgcc.a(_divdi3.o)
 .debug_ranges  0x00000018       0x18 c:/winavr/bin/../lib/gcc/avr/4.3.3/avr5\libgcc.a(_moddi3.o)
 .debug_ranges  0x00000030       0x18 c:/winavr/bin/../lib/gcc/avr/4.3.3/avr5\libgcc.a(_udivdi3.o)
 .debug_ranges  0x00000048       0x18 c:/winavr/bin/../lib/gcc/avr/4.3.3/avr5\libgcc.a(_umoddi3.o)
 .debug_ranges  0x00000060       0x50 c:/winavr/bin/../lib/gcc/avr/4.3.3/avr5\libgcc.a(_mul_sf.o)
